Archive member included to satisfy reference by file (symbol)

c:/nxp/mcuxpressoide_11.9.0_2144/ide/plugins/com.nxp.mcuxpresso.tools.win32_11.9.0.202307121226/tools/bin/../lib/gcc/arm-none-eabi/12.3.1/../../../../arm-none-eabi/lib/thumb/v7e-m+fp/hard\libcr_nohost_nf.a(_cr__main.o)
                              ./startup/startup_mk64f12.o (__main)
c:/nxp/mcuxpressoide_11.9.0_2144/ide/plugins/com.nxp.mcuxpresso.tools.win32_11.9.0.202307121226/tools/bin/../lib/gcc/arm-none-eabi/12.3.1/../../../../arm-none-eabi/lib/thumb/v7e-m+fp/hard\libcr_nohost_nf.a(_cr_assert.o)
                              ./source/GENERADOR_ADC.o (__assertion_failed)
c:/nxp/mcuxpressoide_11.9.0_2144/ide/plugins/com.nxp.mcuxpresso.tools.win32_11.9.0.202307121226/tools/bin/../lib/gcc/arm-none-eabi/12.3.1/../../../../arm-none-eabi/lib/thumb/v7e-m+fp/hard\libcr_nohost_nf.a(__ciob.o)
                              c:/nxp/mcuxpressoide_11.9.0_2144/ide/plugins/com.nxp.mcuxpresso.tools.win32_11.9.0.202307121226/tools/bin/../lib/gcc/arm-none-eabi/12.3.1/../../../../arm-none-eabi/lib/thumb/v7e-m+fp/hard\libcr_nohost_nf.a(_cr_assert.o) (__Ciob)
c:/nxp/mcuxpressoide_11.9.0_2144/ide/plugins/com.nxp.mcuxpresso.tools.win32_11.9.0.202307121226/tools/bin/../lib/gcc/arm-none-eabi/12.3.1/../../../../arm-none-eabi/lib/thumb/v7e-m+fp/hard\libcr_nohost_nf.a(__sys_appexit.o)
                              c:/nxp/mcuxpressoide_11.9.0_2144/ide/plugins/com.nxp.mcuxpresso.tools.win32_11.9.0.202307121226/tools/bin/../lib/gcc/arm-none-eabi/12.3.1/../../../../arm-none-eabi/lib/thumb/v7e-m+fp/hard\libcr_nohost_nf.a(_cr_assert.o) (__sys_appexit)
c:/nxp/mcuxpressoide_11.9.0_2144/ide/plugins/com.nxp.mcuxpresso.tools.win32_11.9.0.202307121226/tools/bin/../lib/gcc/arm-none-eabi/12.3.1/../../../../arm-none-eabi/lib/thumb/v7e-m+fp/hard\libcr_c.a(memcpy.o)
                              ./utilities/fsl_str.o (memcpy)
c:/nxp/mcuxpressoide_11.9.0_2144/ide/plugins/com.nxp.mcuxpresso.tools.win32_11.9.0.202307121226/tools/bin/../lib/gcc/arm-none-eabi/12.3.1/../../../../arm-none-eabi/lib/thumb/v7e-m+fp/hard\libcr_c.a(memset.o)
                              ./utilities/fsl_debug_console.o (memset)
c:/nxp/mcuxpressoide_11.9.0_2144/ide/plugins/com.nxp.mcuxpresso.tools.win32_11.9.0.202307121226/tools/bin/../lib/gcc/arm-none-eabi/12.3.1/../../../../arm-none-eabi/lib/thumb/v7e-m+fp/hard\libcr_c.a(_deferredlazyseek.o)
                              c:/nxp/mcuxpressoide_11.9.0_2144/ide/plugins/com.nxp.mcuxpresso.tools.win32_11.9.0.202307121226/tools/bin/../lib/gcc/arm-none-eabi/12.3.1/../../../../arm-none-eabi/lib/thumb/v7e-m+fp/hard\libcr_nohost_nf.a(_cr_assert.o) (__flsbuf)
c:/nxp/mcuxpressoide_11.9.0_2144/ide/plugins/com.nxp.mcuxpresso.tools.win32_11.9.0.202307121226/tools/bin/../lib/gcc/arm-none-eabi/12.3.1/../../../../arm-none-eabi/lib/thumb/v7e-m+fp/hard\libcr_c.a(_fflush.o)
                              c:/nxp/mcuxpressoide_11.9.0_2144/ide/plugins/com.nxp.mcuxpresso.tools.win32_11.9.0.202307121226/tools/bin/../lib/gcc/arm-none-eabi/12.3.1/../../../../arm-none-eabi/lib/thumb/v7e-m+fp/hard\libcr_c.a(_deferredlazyseek.o) (_fflush)
c:/nxp/mcuxpressoide_11.9.0_2144/ide/plugins/com.nxp.mcuxpresso.tools.win32_11.9.0.202307121226/tools/bin/../lib/gcc/arm-none-eabi/12.3.1/../../../../arm-none-eabi/lib/thumb/v7e-m+fp/hard\libcr_c.a(_writebuf.o)
                              c:/nxp/mcuxpressoide_11.9.0_2144/ide/plugins/com.nxp.mcuxpresso.tools.win32_11.9.0.202307121226/tools/bin/../lib/gcc/arm-none-eabi/12.3.1/../../../../arm-none-eabi/lib/thumb/v7e-m+fp/hard\libcr_c.a(_deferredlazyseek.o) (_Cwritebuf)
c:/nxp/mcuxpressoide_11.9.0_2144/ide/plugins/com.nxp.mcuxpresso.tools.win32_11.9.0.202307121226/tools/bin/../lib/gcc/arm-none-eabi/12.3.1/../../../../arm-none-eabi/lib/thumb/v7e-m+fp/hard\libcr_c.a(alloc.o)
                              ./drivers/fsl_common.o (malloc)
c:/nxp/mcuxpressoide_11.9.0_2144/ide/plugins/com.nxp.mcuxpresso.tools.win32_11.9.0.202307121226/tools/bin/../lib/gcc/arm-none-eabi/12.3.1/../../../../arm-none-eabi/lib/thumb/v7e-m+fp/hard\libcr_c.a(errno.o)
                              ./utilities/fsl_str.o (errno)
c:/nxp/mcuxpressoide_11.9.0_2144/ide/plugins/com.nxp.mcuxpresso.tools.win32_11.9.0.202307121226/tools/bin/../lib/gcc/arm-none-eabi/12.3.1/../../../../arm-none-eabi/lib/thumb/v7e-m+fp/hard\libcr_c.a(fputs.o)
                              c:/nxp/mcuxpressoide_11.9.0_2144/ide/plugins/com.nxp.mcuxpresso.tools.win32_11.9.0.202307121226/tools/bin/../lib/gcc/arm-none-eabi/12.3.1/../../../../arm-none-eabi/lib/thumb/v7e-m+fp/hard\libcr_nohost_nf.a(_cr_assert.o) (fputs)
c:/nxp/mcuxpressoide_11.9.0_2144/ide/plugins/com.nxp.mcuxpresso.tools.win32_11.9.0.202307121226/tools/bin/../lib/gcc/arm-none-eabi/12.3.1/../../../../arm-none-eabi/lib/thumb/v7e-m+fp/hard\libcr_c.a(fseek.o)
[...]
Memory Configuration

Name             Origin             Length             Attributes
PROGRAM_FLASH    0x00000000         0x00100000         xr
SRAM_UPPER       0x20000000         0x00030000         xrw
SRAM_LOWER       0x1fff0000         0x00010000         xrw
FLEX_RAM         0x14000000         0x00001000         xrw
*default*        0x00000000         0xffffffff

Linker script and memory map

LOAD ./utilities/fsl_debug_console.o
LOAD ./utilities/fsl_str.o
LOAD ./startup/startup_mk64f12.o
LOAD ./source/FUNCTION_GENERATOR.o
LOAD ./source/GENERADOR_ADC.o
LOAD ./source/GENERADOR_DAC.o
LOAD ./source/GENERATOR.o
LOAD ./source/NVIC.o
LOAD ./source/PIT.o
LOAD ./source/TERMINAL.o
LOAD ./source/UART_DRIVER.o
LOAD ./source/main.o
LOAD ./source/semihost_hardfault.o
LOAD ./drivers/fsl_adc16.o
LOAD ./drivers/fsl_clock.o
LOAD ./drivers/fsl_common.o
LOAD ./drivers/fsl_common_arm.o
LOAD ./drivers/fsl_dac.o
LOAD ./drivers/fsl_gpio.o
LOAD ./drivers/fsl_i2c.o
LOAD ./drivers/fsl_pit.o
LOAD ./drivers/fsl_smc.o
LOAD ./drivers/fsl_uart.o
LOAD ./device/system_MK64F12.o
LOAD ./component/uart/fsl_adapter_uart.o
LOAD ./component/serial_manager/fsl_component_serial_manager.o
LOAD ./component/serial_manager/fsl_component_serial_port_uart.o
LOAD ./component/lists/fsl_component_generic_list.o
LOAD ./board/board.o
LOAD ./board/clock_config.o
LOAD ./board/peripherals.o
LOAD ./board/pin_mux.o
START GROUP
LOAD c:/nxp/mcuxpressoide_11.9.0_2144/ide/plugins/com.nxp.mcuxpresso.tools.win32_11.9.0.202307121226/tools/bin/../lib/gcc/arm-none-eabi/12.3.1/../../../../arm-none-eabi/lib/thumb/v7e-m+fp/hard\libcr_nohost_nf.a
LOAD c:/nxp/mcuxpressoide_11.9.0_2144/ide/plugins/com.nxp.mcuxpresso.tools.win32_11.9.0.202307121226/tools/bin/../lib/gcc/arm-none-eabi/12.3.1/../../../../arm-none-eabi/lib/thumb/v7e-m+fp/hard\libcr_c.a
LOAD c:/nxp/mcuxpressoide_11.9.0_2144/ide/plugins/com.nxp.mcuxpresso.tools.win32_11.9.0.202307121226/tools/bin/../lib/gcc/arm-none-eabi/12.3.1/thumb/v7e-m+fp/hard\libcr_eabihelpers.a
LOAD c:/nxp/mcuxpressoide_11.9.0_2144/ide/plugins/com.nxp.mcuxpresso.tools.win32_11.9.0.202307121226/tools/bin/../lib/gcc/arm-none-eabi/12.3.1/thumb/v7e-m+fp/hard\libgcc.a
END GROUP
                0x00000000                        __base_PROGRAM_FLASH = 0x0
                0x00000000                        __base_Flash = 0x0
                0x00100000                        __top_PROGRAM_FLASH = 0x100000
                0x00100000                        __top_Flash = 0x100000
                0x20000000                        __base_SRAM_UPPER = 0x20000000
                0x20000000                        __base_RAM = 0x20000000
                0x20030000                        __top_SRAM_UPPER = 0x20030000
                0x20030000                        __top_RAM = 0x20030000
                0x1fff0000                        __base_SRAM_LOWER = 0x1fff0000
                0x1fff0000                        __base_RAM2 = 0x1fff0000
                0x20000000                        __top_SRAM_LOWER = 0x20000000
                0x20000000                        __top_RAM2 = 0x20000000
                0x14000000                        __base_FLEX_RAM = 0x14000000
                0x14000000                        __base_RAM3 = 0x14000000
                0x14001000                        __top_FLEX_RAM = 0x14001000
                0x14001000                        __top_RAM3 = 0x14001000

.text           0x00000000     0x4110
 FILL mask 0xff
                0x00000000                        __vectors_start__ = ABSOLUTE (.)
 *(SORT_BY_ALIGNMENT(.isr_vector))
 .isr_vector    0x00000000      0x198 ./startup/startup_mk64f12.o
                0x00000000                g_pfnVectors
                0x00000000                __Vectors
                0x00000198                        . = ALIGN (0x4)
                0x00000198                        __section_table_start = .
                0x00000198                        __data_section_table = .
                0x00000198        0x4 LONG 0x4110 LOADADDR (.data)
                0x0000019c        0x4 LONG 0x20000000 ADDR (.data)
                0x000001a0        0x4 LONG 0x10 SIZEOF (.data)
                0x000001a4        0x4 LONG 0x4110 LOADADDR (.data_RAM2)
                0x000001a8        0x4 LONG 0x1fff0000 ADDR (.data_RAM2)
                0x000001ac        0x4 LONG 0x0 SIZEOF (.data_RAM2)
                0x000001b0        0x4 LONG 0x4110 LOADADDR (.data_RAM3)
                0x000001b4        0x4 LONG 0x14000000 ADDR (.data_RAM3)
                0x000001b8        0x4 LONG 0x0 SIZEOF (.data_RAM3)
                0x000001bc                        __data_section_table_end = .
                0x000001bc                        __bss_section_table = .
                0x000001bc        0x4 LONG 0x20000010 ADDR (.bss)
                0x000001c0        0x4 LONG 0x128 SIZEOF (.bss)
                0x000001c4        0x4 LONG 0x1fff0000 ADDR (.bss_RAM2)
                0x000001c8        0x4 LONG 0x0 SIZEOF (.bss_RAM2)
                0x000001cc        0x4 LONG 0x14000000 ADDR (.bss_RAM3)
                0x000001d0        0x4 LONG 0x0 SIZEOF (.bss_RAM3)
                0x000001d4                        __bss_section_table_end = .
                0x000001d4                        __section_table_end = .
 *(SORT_BY_ALIGNMENT(.after_vectors*))
 .after_vectors.reset
                0x000001d4       0x4c ./startup/startup_mk64f12.o
                0x000001d4                ResetISR
 .after_vectors.init_data
                0x00000220       0x1e ./startup/startup_mk64f12.o
                0x00000220                data_init
 .after_vectors.init_bss
                0x0000023e       0x12 ./startup/startup_mk64f12.o
                0x0000023e                bss_init
 .after_vectors
                0x00000250       0x14 ./startup/startup_mk64f12.o
                0x00000250                NMI_Handler
                0x00000254                MemManage_Handler
                0x00000256                BusFault_Handler
                0x00000258                UsageFault_Handler
                0x0000025a                SVC_Handler
                0x0000025c                DebugMon_Handler
                0x0000025e                PendSV_Handler
                0x00000260                SysTick_Handler
                0x00000262                DMA_Error_DriverIRQHandler
                0x00000262                LPTMR0_DriverIRQHandler
                0x00000262                FTM1_DriverIRQHandler
                0x00000262                FTM2_DriverIRQHandler
                0x00000262                PIT2_DriverIRQHandler
                0x00000262                SDHC_DriverIRQHandler
                0x00000262                I2S0_Tx_DriverIRQHandler
                0x00000262                RTC_Seconds_DriverIRQHandler
                0x00000262                DMA6_DriverIRQHandler
                0x00000262                LLWU_DriverIRQHandler
                0x00000262                MCM_DriverIRQHandler
                0x00000262                MCG_DriverIRQHandler
                0x00000262                ENET_1588_Timer_DriverIRQHandler
                0x00000262                DAC1_DriverIRQHandler
                0x00000262                SPI1_DriverIRQHandler
                0x00000262                CMP1_DriverIRQHandler
                0x00000262                FTM0_DriverIRQHandler
                0x00000262                IntDefaultHandler
                0x00000262                USB0_DriverIRQHandler
                0x00000262                UART5_ERR_DriverIRQHandler
                0x00000262                PORTC_DriverIRQHandler
                0x00000262                DMA11_DriverIRQHandler
                0x00000262                DAC0_DriverIRQHandler
                0x00000262                DMA10_DriverIRQHandler
                0x00000262                CMP2_DriverIRQHandler
                0x00000262                UART2_ERR_DriverIRQHandler
                0x00000262                SPI2_DriverIRQHandler
                0x00000262                LVD_LVW_DriverIRQHandler
                0x00000262                PIT0_DriverIRQHandler
                0x00000262                DMA12_DriverIRQHandler
                0x00000262                DMA5_DriverIRQHandler
                0x00000262                DMA4_DriverIRQHandler
                0x00000262                USBDCD_DriverIRQHandler
                0x00000262                UART3_ERR_DriverIRQHandler
                0x00000262                DMA3_DriverIRQHandler
                0x00000262                DMA8_DriverIRQHandler
                0x00000262                DMA9_DriverIRQHandler
                0x00000262                UART0_ERR_DriverIRQHandler
                0x00000262                CMT_DriverIRQHandler
                0x00000262                Reserved71_DriverIRQHandler
                0x00000262                ADC1_DriverIRQHandler
                0x00000262                PORTA_DriverIRQHandler
                0x00000262                DMA14_DriverIRQHandler
                0x00000262                PIT3_DriverIRQHandler
                0x00000262                PIT1_DriverIRQHandler
                0x00000262                WDOG_EWM_DriverIRQHandler
                0x00000262                PDB0_DriverIRQHandler
                0x00000262                RTC_DriverIRQHandler
                0x00000262                I2S0_Rx_DriverIRQHandler
                0x00000262                Read_Collision_DriverIRQHandler
                0x00000262                SWI_DriverIRQHandler
                0x00000262                UART4_ERR_DriverIRQHandler
                0x00000262                PORTB_DriverIRQHandler
                0x00000262                UART0_LON_DriverIRQHandler
                0x00000262                DMA0_DriverIRQHandler
                0x00000262                DMA1_DriverIRQHandler
                0x00000262                ENET_Receive_DriverIRQHandler
                0x00000262                DMA13_DriverIRQHandler
                0x00000262                ENET_Error_DriverIRQHandler
                0x00000262                DMA15_DriverIRQHandler
                0x00000262                SPI0_DriverIRQHandler
                0x00000262                ADC0_DriverIRQHandler
                0x00000262                CMP0_DriverIRQHandler
                0x00000262                CAN0_DriverIRQHandler
                0x00000262                FTM3_DriverIRQHandler
                0x00000262                RNG_DriverIRQHandler
                0x00000262                UART1_ERR_DriverIRQHandler
                0x00000262                DMA2_DriverIRQHandler
                0x00000262                ENET_Transmit_DriverIRQHandler
                0x00000262                PORTD_DriverIRQHandler
                0x00000262                PORTE_DriverIRQHandler
                0x00000262                FTFE_DriverIRQHandler
                0x00000262                DMA7_DriverIRQHandler
                0x00000400                        . = 0x400
 *fill*         0x00000264      0x19c ff
                0x00000400                        PROVIDE (__FLASH_CONFIG_START__ = .)
 *(SORT_BY_ALIGNMENT(.FlashConfig))
 .FlashConfig   0x00000400       0x10 ./startup/startup_mk64f12.o
                0x00000400                Flash_Config
                0x00000410                        PROVIDE (__FLASH_CONFIG_END__ = .)
                0x00000001                        ASSERT (! ((__FLASH_CONFIG_START__ == __FLASH_CONFIG_END__)), Linker Flash Config Support Enabled, but no .FlashConfig section provided within application)
 *(SORT_BY_ALIGNMENT(.text*))
 .text.generator_init
                0x00000410       0x2c ./source/FUNCTION_GENERATOR.o
                0x00000410                generator_init
 .text.run_signal
                0x0000043c       0x3c ./source/FUNCTION_GENERATOR.o
                0x0000043c                run_signal
 .text.function_start
                0x00000478       0x14 ./source/FUNCTION_GENERATOR.o
                0x00000478                function_start
 .text.set_config_amplitude
                0x0000048c       0x18 ./source/FUNCTION_GENERATOR.o
                0x0000048c                set_config_amplitude
 .text.set_signal
                0x000004a4       0x20 ./source/FUNCTION_GENERATOR.o
                0x000004a4                set_signal
 .text.set_config_period
                0x000004c4       0x30 ./source/FUNCTION_GENERATOR.o
                0x000004c4                set_config_period
 .text.sin_function
                0x000004f4       0x58 ./source/FUNCTION_GENERATOR.o
                0x000004f4                sin_function
 .text.triangle_function
                0x0000054c       0x58 ./source/FUNCTION_GENERATOR.o
                0x0000054c                triangle_function
 .text.square_function
                0x000005a4       0x38 ./source/FUNCTION_GENERATOR.o
                0x000005a4                square_function
 .text.ADC_init
                0x000005dc       0x3c ./source/GENERADOR_ADC.o
                0x000005dc                ADC_init
 .text.get_amp  0x00000618       0x18 ./source/GENERADOR_ADC.o
                0x00000618                get_amp
 .text.DAC_init
                0x00000630       0x34 ./source/GENERADOR_DAC.o
                0x00000630                DAC_init
 .text.analog_Write_DAC
                0x00000664       0x24 ./source/GENERADOR_DAC.o
                0x00000664                analog_Write_DAC
 .text.__NVIC_EnableIRQ
                0x00000688       0x3c ./source/NVIC.o
 .text.__NVIC_SetPriority
                0x000006c4       0x54 ./source/NVIC.o
 .text.PIT_GetDefaultConfig
                0x00000718       0x28 ./source/PIT.o
 .text.PIT_SetTimerPeriod
                0x00000740       0x38 ./source/PIT.o
 .text.PIT0_IRQHandler
                0x00000778       0x28 ./source/PIT.o
                0x00000778                PIT0_IRQHandler
 .text.PIT_clear_irq_status
                0x000007a0       0x20 ./source/PIT.o
                0x000007a0                PIT_clear_irq_status
 .text.PIT_get_irq_status
                0x000007c0       0x20 ./source/PIT.o
                0x000007c0                PIT_get_irq_status
 .text.PIT_init
                0x000007e0       0xd8 ./source/PIT.o
                0x000007e0                PIT_init
 .text.set_period
                0x000008b8       0x60 ./source/PIT.o
                0x000008b8                set_period
 .text.terminal_print_text
                0x00000918       0x24 ./source/TERMINAL.o
                0x00000918                terminal_print_text
 .text.menu_terminal
                0x0000093c      0x178 ./source/TERMINAL.o
                0x0000093c                menu_terminal
 .text.show_menu
                0x00000ab4       0xac ./source/TERMINAL.o
 .text.show_set_freq
                0x00000b60      0x150 ./source/TERMINAL.o
 .text.show_set_signal
                0x00000cb0      0x11c ./source/TERMINAL.o
 .text.selection_msg
                0x00000dcc       0x70 ./source/TERMINAL.o
 .text.UART0_init
                0x00000e3c       0x60 ./source/UART_DRIVER.o
                0x00000e3c                UART0_init
 .text.UART0_RX_TX_IRQHandler
                0x00000e9c       0x3c ./source/UART_DRIVER.o
                0x00000e9c                UART0_RX_TX_IRQHandler
 .text.UART0_enable_interrupts
                0x00000ed8       0x18 ./source/UART_DRIVER.o
                0x00000ed8                UART0_enable_interrupts
 .text.get_mail
                0x00000ef0       0x18 ./source/UART_DRIVER.o
                0x00000ef0                get_mail
 .text.get_flag
                0x00000f08       0x18 ./source/UART_DRIVER.o
                0x00000f08                get_flag
 .text.clear_flag
                0x00000f20       0x18 ./source/UART_DRIVER.o
                0x00000f20                clear_flag
 .text.clear_mail
                0x00000f38       0x18 ./source/UART_DRIVER.o
                0x00000f38                clear_mail
 .text.ADC16_GetInstance
                0x00000f50       0x4c ./drivers/fsl_adc16.o
 .text.ADC16_Init
                0x00000f9c      0x118 ./drivers/fsl_adc16.o
                0x00000f9c                ADC16_Init
 .text.ADC16_GetDefaultConfig
                0x000010b4       0x68 ./drivers/fsl_adc16.o
                0x000010b4                ADC16_GetDefaultConfig
 .text.CLOCK_SetEr32kClock
                0x0000111c       0x30 ./drivers/fsl_clock.o
 .text.CLOCK_SetPllFllSelClock
                0x0000114c       0x38 ./drivers/fsl_clock.o
 .text.CLOCK_GetMcgExtClkFreq
                0x00001184       0x7c ./drivers/fsl_clock.o
 .text.CLOCK_GetFllExtRefClkFreq
                0x00001200       0xb0 ./drivers/fsl_clock.o
 .text.CLOCK_GetInternalRefClkSelectFreq
                0x000012b0       0x4c ./drivers/fsl_clock.o
 .text.CLOCK_GetFllRefClkFreq
                0x000012fc       0x34 ./drivers/fsl_clock.o
 .text.CLOCK_GetOscRangeFromFreq
                0x00001330       0x3c ./drivers/fsl_clock.o
 .text.CLOCK_GetOsc0ErClkFreq
                0x0000136c       0x44 ./drivers/fsl_clock.o
                0x0000136c                CLOCK_GetOsc0ErClkFreq
 .text.CLOCK_GetEr32kClkFreq
                0x000013b0       0x74 ./drivers/fsl_clock.o
                0x000013b0                CLOCK_GetEr32kClkFreq
 .text.CLOCK_GetPllFllSelClkFreq
                0x00001424       0x54 ./drivers/fsl_clock.o
                0x00001424                CLOCK_GetPllFllSelClkFreq
 .text.CLOCK_GetFreq
                0x00001478      0x140 ./drivers/fsl_clock.o
                0x00001478                CLOCK_GetFreq
 .text.CLOCK_SetSimConfig
                0x000015b8       0x34 ./drivers/fsl_clock.o
                0x000015b8                CLOCK_SetSimConfig
 .text.CLOCK_EnableUsbfs0Clock
                0x000015ec      0x108 ./drivers/fsl_clock.o
                0x000015ec                CLOCK_EnableUsbfs0Clock
 .text.CLOCK_GetOutClkFreq
                0x000016f4       0x64 ./drivers/fsl_clock.o
                0x000016f4                CLOCK_GetOutClkFreq
 .text.CLOCK_GetFllFreq
                0x00001758       0x84 ./drivers/fsl_clock.o
                0x00001758                CLOCK_GetFllFreq
 .text.CLOCK_GetInternalRefClkFreq
                0x000017dc       0x30 ./drivers/fsl_clock.o
                0x000017dc                CLOCK_GetInternalRefClkFreq
 .text.CLOCK_GetPll0Freq
                0x0000180c       0x78 ./drivers/fsl_clock.o
                0x0000180c                CLOCK_GetPll0Freq
 .text.CLOCK_SetExternalRefClkConfig
                0x00001884       0x6c ./drivers/fsl_clock.o
                0x00001884                CLOCK_SetExternalRefClkConfig
 .text.CLOCK_SetInternalRefClkConfig
                0x000018f0      0x104 ./drivers/fsl_clock.o
                0x000018f0                CLOCK_SetInternalRefClkConfig
 .text.CLOCK_EnablePll0
                0x000019f4       0x88 ./drivers/fsl_clock.o
                0x000019f4                CLOCK_EnablePll0
 .text.CLOCK_InitOsc0
                0x00001a7c       0x8c ./drivers/fsl_clock.o
                0x00001a7c                CLOCK_InitOsc0
 .text.CLOCK_SetPbeMode
                0x00001b08       0xa8 ./drivers/fsl_clock.o
                0x00001b08                CLOCK_SetPbeMode
 .text.CLOCK_BootToPeeMode
                0x00001bb0       0x64 ./drivers/fsl_clock.o
                0x00001bb0                CLOCK_BootToPeeMode
 .text.DAC_GetInstance
                0x00001c14       0x4c ./drivers/fsl_dac.o
 .text.DAC_Init
                0x00001c60       0x70 ./drivers/fsl_dac.o
                0x00001c60                DAC_Init
 .text.DAC_GetDefaultConfig
                0x00001cd0       0x38 ./drivers/fsl_dac.o
                0x00001cd0                DAC_GetDefaultConfig
 .text.DAC_SetBufferValue
                0x00001d08       0x50 ./drivers/fsl_dac.o
                0x00001d08                DAC_SetBufferValue
 .text.DAC_SetBufferReadPointer
                0x00001d58       0x48 ./drivers/fsl_dac.o
                0x00001d58                DAC_SetBufferReadPointer
 .text.I2C_TransferCommonIRQHandler
                0x00001da0       0x58 ./drivers/fsl_i2c.o
 .text.I2C0_DriverIRQHandler
                0x00001df8       0x1c ./drivers/fsl_i2c.o
                0x00001df8                I2C0_DriverIRQHandler
 .text.I2C1_DriverIRQHandler
                0x00001e14       0x1c ./drivers/fsl_i2c.o
                0x00001e14                I2C1_DriverIRQHandler
 .text.I2C2_DriverIRQHandler
                0x00001e30       0x1c ./drivers/fsl_i2c.o
                0x00001e30                I2C2_DriverIRQHandler
 .text.PIT_GetInstance
                0x00001e4c       0x44 ./drivers/fsl_pit.o
 .text.PIT_Init
                0x00001e90       0x94 ./drivers/fsl_pit.o
                0x00001e90                PIT_Init
 .text.UART_GetInstance
                0x00001f24       0x54 ./drivers/fsl_uart.o
                0x00001f24                UART_GetInstance
 .text.UART_Init
                0x00001f78      0x2f4 ./drivers/fsl_uart.o
                0x00001f78                UART_Init
 .text.UART_GetDefaultConfig
                0x0000226c       0x68 ./drivers/fsl_uart.o
                0x0000226c                UART_GetDefaultConfig
 .text.UART_EnableInterrupts
                0x000022d4       0x70 ./drivers/fsl_uart.o
                0x000022d4                UART_EnableInterrupts
 .text.UART1_DriverIRQHandler
                0x00002344       0x28 ./drivers/fsl_uart.o
                0x00002344                UART1_DriverIRQHandler
 .text.UART2_DriverIRQHandler
                0x0000236c       0x28 ./drivers/fsl_uart.o
                0x0000236c                UART2_DriverIRQHandler
 .text.UART3_DriverIRQHandler
                0x00002394       0x28 ./drivers/fsl_uart.o
                0x00002394                UART3_DriverIRQHandler
 .text.UART4_DriverIRQHandler
                0x000023bc       0x28 ./drivers/fsl_uart.o
                0x000023bc                UART4_DriverIRQHandler
 .text.UART5_DriverIRQHandler
                0x000023e4       0x28 ./drivers/fsl_uart.o
                0x000023e4                UART5_DriverIRQHandler
 .text.SystemInit
                0x0000240c       0x3c ./device/system_MK64F12.o
                0x0000240c                SystemInit
 .text.CLOCK_SetSdhc0Clock
                0x00002448       0x38 ./board/clock_config.o
 .text.CLOCK_SetEnetTime0Clock
                0x00002480       0x38 ./board/clock_config.o
 .text.CLOCK_SetRmii0Clock
                0x000024b8       0x38 ./board/clock_config.o
 .text.CLOCK_SetTraceClock
                0x000024f0       0x38 ./board/clock_config.o
 .text.CLOCK_SetClkOutClock
                0x00002528       0x34 ./board/clock_config.o
 .text.CLOCK_SetSimSafeDivs
                0x0000255c       0x20 ./board/clock_config.o
 .text.CLOCK_SetXtal0Freq
                0x0000257c       0x20 ./board/clock_config.o
 .text.CLOCK_CONFIG_SetFllExtRefDiv
                0x0000259c       0x3c ./board/clock_config.o
 .text.BOARD_BootClockRUN
                0x000025d8       0x88 ./board/clock_config.o
                0x000025d8                BOARD_BootClockRUN
 .text.PORT_SetPinConfig
                0x00002660       0x38 ./board/pin_mux.o
 .text.BOARD_InitPins
                0x00002698       0x30 ./board/pin_mux.o
                0x00002698                BOARD_InitPins
 .text.BOARD_InitDEBUG_UARTPins
                0x000026c8       0x68 ./board/pin_mux.o
                0x000026c8                BOARD_InitDEBUG_UARTPins
 .text.__assertion_failed
                0x00002730       0x4c c:/nxp/mcuxpressoide_11.9.0_2144/ide/plugins/com.nxp.mcuxpresso.tools.win32_11.9.0.202307121226/tools/bin/../lib/gcc/arm-none-eabi/12.3.1/../../../../arm-none-eabi/lib/thumb/v7e-m+fp/hard\libcr_nohost_nf.a(_cr_assert.o)
                0x00002730                __assertion_failed
 .text._Cwritebuf
                0x0000277c       0x6c c:/nxp/mcuxpressoide_11.9.0_2144/ide/plugins/com.nxp.mcuxpresso.tools.win32_11.9.0.202307121226/tools/bin/../lib/gcc/arm-none-eabi/12.3.1/../../../../arm-none-eabi/lib/thumb/v7e-m+fp/hard\libcr_c.a(_writebuf.o)
                0x0000277c                _Cwritebuf
 .text.malloc   0x000027e8       0xe8 c:/nxp/mcuxpressoide_11.9.0_2144/ide/plugins/com.nxp.mcuxpresso.tools.win32_11.9.0.202307121226/tools/bin/../lib/gcc/arm-none-eabi/12.3.1/../../../../arm-none-eabi/lib/thumb/v7e-m+fp/hard\libcr_c.a(alloc.o)
                0x000027e8                malloc
 .text._Csys_alloc
                0x000028d0       0x20 c:/nxp/mcuxpressoide_11.9.0_2144/ide/plugins/com.nxp.mcuxpresso.tools.win32_11.9.0.202307121226/tools/bin/../lib/gcc/arm-none-eabi/12.3.1/../../../../arm-none-eabi/lib/thumb/v7e-m+fp/hard\libcr_c.a(alloc.o)
                0x000028d0                _Csys_alloc
 .text.fseek    0x000028f0       0xf8 c:/nxp/mcuxpressoide_11.9.0_2144/ide/plugins/com.nxp.mcuxpresso.tools.win32_11.9.0.202307121226/tools/bin/../lib/gcc/arm-none-eabi/12.3.1/../../../../arm-none-eabi/lib/thumb/v7e-m+fp/hard\libcr_c.a(fseek.o)
                0x000028f0                fseek
 .text.ftell    0x000029e8       0x44 c:/nxp/mcuxpressoide_11.9.0_2144/ide/plugins/com.nxp.mcuxpresso.tools.win32_11.9.0.202307121226/tools/bin/../lib/gcc/arm-none-eabi/12.3.1/../../../../arm-none-eabi/lib/thumb/v7e-m+fp/hard\libcr_c.a(ftell.o)
                0x000029e8                ftell
 .text._initio  0x00002a2c       0x78 c:/nxp/mcuxpressoide_11.9.0_2144/ide/plugins/com.nxp.mcuxpresso.tools.win32_11.9.0.202307121226/tools/bin/../lib/gcc/arm-none-eabi/12.3.1/../../../../arm-none-eabi/lib/thumb/v7e-m+fp/hard\libcr_c.a(initio.o)
                0x00002a2c                _initio
 .text._sbrk    0x00002aa4       0x3c c:/nxp/mcuxpressoide_11.9.0_2144/ide/plugins/com.nxp.mcuxpresso.tools.win32_11.9.0.202307121226/tools/bin/../lib/gcc/arm-none-eabi/12.3.1/../../../../arm-none-eabi/lib/thumb/v7e-m+fp/hard\libcr_c.a(_cr_sbrk.o)
                0x00002aa4                _sbrk
 .text.fflush   0x00002ae0       0x3c c:/nxp/mcuxpressoide_11.9.0_2144/ide/plugins/com.nxp.mcuxpresso.tools.win32_11.9.0.202307121226/tools/bin/../lib/gcc/arm-none-eabi/12.3.1/../../../../arm-none-eabi/lib/thumb/v7e-m+fp/hard\libcr_c.a(fflush.o)
                0x00002ae0                fflush
 .text.__check_heap_overflow
                0x00002b1c       0x18 c:/nxp/mcuxpressoide_11.9.0_2144/ide/plugins/com.nxp.mcuxpresso.tools.win32_11.9.0.202307121226/tools/bin/../lib/gcc/arm-none-eabi/12.3.1/../../../../arm-none-eabi/lib/thumb/v7e-m+fp/hard\libcr_c.a(_cr_check_heap.o)
                0x00002b1c                __check_heap_overflow
 .text.DMA0_IRQHandler
                0x00002b34        0x8 ./startup/startup_mk64f12.o
                0x00002b34                DMA0_IRQHandler
 .text.DMA1_IRQHandler
                0x00002b3c        0x8 ./startup/startup_mk64f12.o
                0x00002b3c                DMA1_IRQHandler
 .text.DMA2_IRQHandler
                0x00002b44        0x8 ./startup/startup_mk64f12.o
                0x00002b44                DMA2_IRQHandler
 .text.DMA3_IRQHandler
                0x00002b4c        0x8 ./startup/startup_mk64f12.o
                0x00002b4c                DMA3_IRQHandler
 .text.DMA4_IRQHandler
                0x00002b54        0x8 ./startup/startup_mk64f12.o
                0x00002b54                DMA4_IRQHandler
 .text.DMA5_IRQHandler
                0x00002b5c        0x8 ./startup/startup_mk64f12.o
                0x00002b5c                DMA5_IRQHandler
 .text.DMA6_IRQHandler
                0x00002b64        0x8 ./startup/startup_mk64f12.o
                0x00002b64                DMA6_IRQHandler
 .text.DMA7_IRQHandler
                0x00002b6c        0x8 ./startup/startup_mk64f12.o
                0x00002b6c                DMA7_IRQHandler
 .text.DMA8_IRQHandler
                0x00002b74        0x8 ./startup/startup_mk64f12.o
                0x00002b74                DMA8_IRQHandler
 .text.DMA9_IRQHandler
                0x00002b7c        0x8 ./startup/startup_mk64f12.o
                0x00002b7c                DMA9_IRQHandler
 .text.DMA10_IRQHandler
                0x00002b84        0x8 ./startup/startup_mk64f12.o
                0x00002b84                DMA10_IRQHandler
 .text.DMA11_IRQHandler
                0x00002b8c        0x8 ./startup/startup_mk64f12.o
                0x00002b8c                DMA11_IRQHandler
 .text.DMA12_IRQHandler
                0x00002b94        0x8 ./startup/startup_mk64f12.o
                0x00002b94                DMA12_IRQHandler
 .text.DMA13_IRQHandler
                0x00002b9c        0x8 ./startup/startup_mk64f12.o
                0x00002b9c                DMA13_IRQHandler
 .text.DMA14_IRQHandler
                0x00002ba4        0x8 ./startup/startup_mk64f12.o
                0x00002ba4                DMA14_IRQHandler
 .text.DMA15_IRQHandler
                0x00002bac        0x8 ./startup/startup_mk64f12.o
                0x00002bac                DMA15_IRQHandler
 .text.DMA_Error_IRQHandler
                0x00002bb4        0x8 ./startup/startup_mk64f12.o
                0x00002bb4                DMA_Error_IRQHandler
 .text.MCM_IRQHandler
                0x00002bbc        0x8 ./startup/startup_mk64f12.o
                0x00002bbc                MCM_IRQHandler
 .text.FTFE_IRQHandler
                0x00002bc4        0x8 ./startup/startup_mk64f12.o
                0x00002bc4                FTFE_IRQHandler
 .text.Read_Collision_IRQHandler
                0x00002bcc        0x8 ./startup/startup_mk64f12.o
                0x00002bcc                Read_Collision_IRQHandler
 .text.LVD_LVW_IRQHandler
                0x00002bd4        0x8 ./startup/startup_mk64f12.o
                0x00002bd4                LVD_LVW_IRQHandler
 .text.LLWU_IRQHandler
                0x00002bdc        0x8 ./startup/startup_mk64f12.o
                0x00002bdc                LLWU_IRQHandler
 .text.WDOG_EWM_IRQHandler
                0x00002be4        0x8 ./startup/startup_mk64f12.o
                0x00002be4                WDOG_EWM_IRQHandler
 .text.RNG_IRQHandler
                0x00002bec        0x8 ./startup/startup_mk64f12.o
                0x00002bec                RNG_IRQHandler
 .text.I2C0_IRQHandler
                0x00002bf4        0x8 ./startup/startup_mk64f12.o
                0x00002bf4                I2C0_IRQHandler
 .text.I2C1_IRQHandler
                0x00002bfc        0x8 ./startup/startup_mk64f12.o
                0x00002bfc                I2C1_IRQHandler
 .text.SPI0_IRQHandler
                0x00002c04        0x8 ./startup/startup_mk64f12.o
                0x00002c04                SPI0_IRQHandler
 .text.SPI1_IRQHandler
                0x00002c0c        0x8 ./startup/startup_mk64f12.o
                0x00002c0c                SPI1_IRQHandler
 .text.I2S0_Tx_IRQHandler
                0x00002c14        0x8 ./startup/startup_mk64f12.o
                0x00002c14                I2S0_Tx_IRQHandler
 .text.I2S0_Rx_IRQHandler
                0x00002c1c        0x8 ./startup/startup_mk64f12.o
                0x00002c1c                I2S0_Rx_IRQHandler
 .text.UART0_LON_IRQHandler
                0x00002c24        0x8 ./startup/startup_mk64f12.o
                0x00002c24                UART0_LON_IRQHandler
 .text.UART0_ERR_IRQHandler
                0x00002c2c        0x8 ./startup/startup_mk64f12.o
                0x00002c2c                UART0_ERR_IRQHandler
 .text.UART1_RX_TX_IRQHandler
                0x00002c34        0x8 ./startup/startup_mk64f12.o
                0x00002c34                UART1_RX_TX_IRQHandler
 .text.UART1_ERR_IRQHandler
                0x00002c3c        0x8 ./startup/startup_mk64f12.o
                0x00002c3c                UART1_ERR_IRQHandler
 .text.UART2_RX_TX_IRQHandler
                0x00002c44        0x8 ./startup/startup_mk64f12.o
                0x00002c44                UART2_RX_TX_IRQHandler
 .text.UART2_ERR_IRQHandler
                0x00002c4c        0x8 ./startup/startup_mk64f12.o
                0x00002c4c                UART2_ERR_IRQHandler
 .text.UART3_RX_TX_IRQHandler
                0x00002c54        0x8 ./startup/startup_mk64f12.o
                0x00002c54                UART3_RX_TX_IRQHandler
 .text.UART3_ERR_IRQHandler
                0x00002c5c        0x8 ./startup/startup_mk64f12.o
                0x00002c5c                UART3_ERR_IRQHandler
 .text.ADC0_IRQHandler
                0x00002c64        0x8 ./startup/startup_mk64f12.o
                0x00002c64                ADC0_IRQHandler
 .text.CMP0_IRQHandler
                0x00002c6c        0x8 ./startup/startup_mk64f12.o
                0x00002c6c                CMP0_IRQHandler
 .text.CMP1_IRQHandler
                0x00002c74        0x8 ./startup/startup_mk64f12.o
                0x00002c74                CMP1_IRQHandler
 .text.FTM0_IRQHandler
                0x00002c7c        0x8 ./startup/startup_mk64f12.o
                0x00002c7c                FTM0_IRQHandler
 .text.FTM1_IRQHandler
                0x00002c84        0x8 ./startup/startup_mk64f12.o
                0x00002c84                FTM1_IRQHandler
 .text.FTM2_IRQHandler
                0x00002c8c        0x8 ./startup/startup_mk64f12.o
                0x00002c8c                FTM2_IRQHandler
 .text.CMT_IRQHandler
                0x00002c94        0x8 ./startup/startup_mk64f12.o
                0x00002c94                CMT_IRQHandler
 .text.RTC_IRQHandler
                0x00002c9c        0x8 ./startup/startup_mk64f12.o
                0x00002c9c                RTC_IRQHandler
 .text.RTC_Seconds_IRQHandler
                0x00002ca4        0x8 ./startup/startup_mk64f12.o
                0x00002ca4                RTC_Seconds_IRQHandler
 .text.PIT1_IRQHandler
                0x00002cac        0x8 ./startup/startup_mk64f12.o
                0x00002cac                PIT1_IRQHandler
 .text.PIT2_IRQHandler
                0x00002cb4        0x8 ./startup/startup_mk64f12.o
                0x00002cb4                PIT2_IRQHandler
 .text.PIT3_IRQHandler
                0x00002cbc        0x8 ./startup/startup_mk64f12.o
                0x00002cbc                PIT3_IRQHandler
 .text.PDB0_IRQHandler
                0x00002cc4        0x8 ./startup/startup_mk64f12.o
                0x00002cc4                PDB0_IRQHandler
 .text.USB0_IRQHandler
                0x00002ccc        0x8 ./startup/startup_mk64f12.o
                0x00002ccc                USB0_IRQHandler
 .text.USBDCD_IRQHandler
                0x00002cd4        0x8 ./startup/startup_mk64f12.o
                0x00002cd4                USBDCD_IRQHandler
 .text.Reserved71_IRQHandler
                0x00002cdc        0x8 ./startup/startup_mk64f12.o
                0x00002cdc                Reserved71_IRQHandler
 .text.DAC0_IRQHandler
                0x00002ce4        0x8 ./startup/startup_mk64f12.o
                0x00002ce4                DAC0_IRQHandler
 .text.MCG_IRQHandler
                0x00002cec        0x8 ./startup/startup_mk64f12.o
                0x00002cec                MCG_IRQHandler
 .text.LPTMR0_IRQHandler
                0x00002cf4        0x8 ./startup/startup_mk64f12.o
                0x00002cf4                LPTMR0_IRQHandler
 .text.PORTA_IRQHandler
                0x00002cfc        0x8 ./startup/startup_mk64f12.o
                0x00002cfc                PORTA_IRQHandler
 .text.PORTB_IRQHandler
                0x00002d04        0x8 ./startup/startup_mk64f12.o
                0x00002d04                PORTB_IRQHandler
 .text.PORTC_IRQHandler
                0x00002d0c        0x8 ./startup/startup_mk64f12.o
                0x00002d0c                PORTC_IRQHandler
 .text.PORTD_IRQHandler
                0x00002d14        0x8 ./startup/startup_mk64f12.o
                0x00002d14                PORTD_IRQHandler
 .text.PORTE_IRQHandler
                0x00002d1c        0x8 ./startup/startup_mk64f12.o
                0x00002d1c                PORTE_IRQHandler
 .text.SWI_IRQHandler
                0x00002d24        0x8 ./startup/startup_mk64f12.o
                0x00002d24                SWI_IRQHandler
 .text.SPI2_IRQHandler
                0x00002d2c        0x8 ./startup/startup_mk64f12.o
                0x00002d2c                SPI2_IRQHandler
 .text.UART4_RX_TX_IRQHandler
                0x00002d34        0x8 ./startup/startup_mk64f12.o
                0x00002d34                UART4_RX_TX_IRQHandler
 .text.UART4_ERR_IRQHandler
                0x00002d3c        0x8 ./startup/startup_mk64f12.o
                0x00002d3c                UART4_ERR_IRQHandler
 .text.UART5_RX_TX_IRQHandler
                0x00002d44        0x8 ./startup/startup_mk64f12.o
                0x00002d44                UART5_RX_TX_IRQHandler
 .text.UART5_ERR_IRQHandler
                0x00002d4c        0x8 ./startup/startup_mk64f12.o
                0x00002d4c                UART5_ERR_IRQHandler
 .text.CMP2_IRQHandler
                0x00002d54        0x8 ./startup/startup_mk64f12.o
                0x00002d54                CMP2_IRQHandler
 .text.FTM3_IRQHandler
                0x00002d5c        0x8 ./startup/startup_mk64f12.o
                0x00002d5c                FTM3_IRQHandler
 .text.DAC1_IRQHandler
                0x00002d64        0x8 ./startup/startup_mk64f12.o
                0x00002d64                DAC1_IRQHandler
 .text.ADC1_IRQHandler
                0x00002d6c        0x8 ./startup/startup_mk64f12.o
                0x00002d6c                ADC1_IRQHandler
 .text.I2C2_IRQHandler
                0x00002d74        0x8 ./startup/startup_mk64f12.o
                0x00002d74                I2C2_IRQHandler
 .text.CAN0_ORed_Message_buffer_IRQHandler
                0x00002d7c        0x8 ./startup/startup_mk64f12.o
                0x00002d7c                CAN0_ORed_Message_buffer_IRQHandler
 .text.CAN0_Bus_Off_IRQHandler
                0x00002d84        0x8 ./startup/startup_mk64f12.o
                0x00002d84                CAN0_Bus_Off_IRQHandler
 .text.CAN0_Error_IRQHandler
                0x00002d8c        0x8 ./startup/startup_mk64f12.o
                0x00002d8c                CAN0_Error_IRQHandler
 .text.CAN0_Tx_Warning_IRQHandler
                0x00002d94        0x8 ./startup/startup_mk64f12.o
                0x00002d94                CAN0_Tx_Warning_IRQHandler
 .text.CAN0_Rx_Warning_IRQHandler
                0x00002d9c        0x8 ./startup/startup_mk64f12.o
                0x00002d9c                CAN0_Rx_Warning_IRQHandler
 .text.CAN0_Wake_Up_IRQHandler
                0x00002da4        0x8 ./startup/startup_mk64f12.o
                0x00002da4                CAN0_Wake_Up_IRQHandler
 .text.SDHC_IRQHandler
                0x00002dac        0x8 ./startup/startup_mk64f12.o
                0x00002dac                SDHC_IRQHandler
 .text.ENET_1588_Timer_IRQHandler
                0x00002db4        0x8 ./startup/startup_mk64f12.o
                0x00002db4                ENET_1588_Timer_IRQHandler
 .text.ENET_Transmit_IRQHandler
                0x00002dbc        0x8 ./startup/startup_mk64f12.o
                0x00002dbc                ENET_Transmit_IRQHandler
 .text.ENET_Receive_IRQHandler
                0x00002dc4        0x8 ./startup/startup_mk64f12.o
                0x00002dc4                ENET_Receive_IRQHandler
 .text.ENET_Error_IRQHandler
                0x00002dcc        0x8 ./startup/startup_mk64f12.o
                0x00002dcc                ENET_Error_IRQHandler
 .text.PIT_StartTimer
                0x00002dd4       0x38 ./source/FUNCTION_GENERATOR.o
 .text.ADC16_EnableHardwareTrigger
                0x00002e0c       0x38 ./source/GENERADOR_ADC.o
 .text.DAC_Enable
                0x00002e44       0x48 ./source/GENERADOR_DAC.o
 .text.config_peripherics
                0x00002e8c       0x30 ./source/GENERATOR.o
                0x00002e8c                config_peripherics
 .text.run_config_loop
                0x00002ebc        0xc ./source/GENERATOR.o
                0x00002ebc                run_config_loop
 .text.handle_signal
                0x00002ec8       0x10 ./source/GENERATOR.o
                0x00002ec8                handle_signal
 .text.NVIC_enable_interrupt_and_priotity
                0x00002ed8       0x30 ./source/NVIC.o
                0x00002ed8                NVIC_enable_interrupt_and_priotity
 .text.PIT_EnableInterrupts
                0x00002f08       0x3a ./source/PIT.o
 .text.PIT_ClearStatusFlags
                0x00002f42       0x2a ./source/PIT.o
 .text.idle_until_enter
                0x00002f6c       0x52 ./source/TERMINAL.o
 .text.CLOCK_EnableClock
                0x00002fbe       0x34 ./source/UART_DRIVER.o
 .text.UART_ReadByte
                0x00002ff2       0x1a ./source/UART_DRIVER.o
 .text.PORT_SetPinMux
                0x0000300c       0x3a ./source/UART_DRIVER.o
 .text.main     0x00003046       0x18 ./source/main.o
                0x00003046                main
 .text.HardFault_Handler
                0x0000305e       0x36 ./source/semihost_hardfault.o
                0x0000305e                HardFault_Handler
 .text.CLOCK_EnableClock
                0x00003094       0x34 ./drivers/fsl_adc16.o
 .text.ADC16_SetHardwareAverage
                0x000030c8       0x3e ./drivers/fsl_adc16.o
                0x000030c8                ADC16_SetHardwareAverage
 .text.CLOCK_EnableClock
                0x00003106       0x34 ./drivers/fsl_clock.o
 .text.CLOCK_DisableClock
                0x0000313a       0x38 ./drivers/fsl_clock.o
 .text.OSC_SetExtRefClkConfig
                0x00003172       0x34 ./drivers/fsl_clock.o
 .text.OSC_SetCapLoad
                0x000031a6       0x34 ./drivers/fsl_clock.o
 .text.CLOCK_GetPll0RefFreq
                0x000031da        0xe ./drivers/fsl_clock.o
 .text.CLOCK_GetFixedFreqClkFreq
                0x000031e8       0x34 ./drivers/fsl_clock.o
                0x000031e8                CLOCK_GetFixedFreqClkFreq
 .text.CLOCK_EnableClock
                0x0000321c       0x34 ./drivers/fsl_dac.o
 .text.CLOCK_EnableClock
                0x00003250       0x34 ./drivers/fsl_pit.o
 .text.CLOCK_EnableClock
                0x00003284       0x34 ./drivers/fsl_uart.o
 .text.UART_GetStatusFlags
                0x000032b8       0x48 ./drivers/fsl_uart.o
                0x000032b8                UART_GetStatusFlags
 .text.UART_WriteBlocking
                0x00003300       0x50 ./drivers/fsl_uart.o
                0x00003300                UART_WriteBlocking
 .text.UART1_RX_TX_DriverIRQHandler
                0x00003350       0x12 ./drivers/fsl_uart.o
                0x00003350                UART1_RX_TX_DriverIRQHandler
 .text.UART2_RX_TX_DriverIRQHandler
                0x00003362       0x12 ./drivers/fsl_uart.o
                0x00003362                UART2_RX_TX_DriverIRQHandler
 .text.UART3_RX_TX_DriverIRQHandler
                0x00003374       0x12 ./drivers/fsl_uart.o
                0x00003374                UART3_RX_TX_DriverIRQHandler
 .text.UART4_RX_TX_DriverIRQHandler
                0x00003386       0x12 ./drivers/fsl_uart.o
                0x00003386                UART4_RX_TX_DriverIRQHandler
 .text.UART5_RX_TX_DriverIRQHandler
                0x00003398       0x12 ./drivers/fsl_uart.o
                0x00003398                UART5_RX_TX_DriverIRQHandler
 .text.SystemInitHook
                0x000033aa        0xe ./device/system_MK64F12.o
                0x000033aa                SystemInitHook
 .text.BOARD_InitBootClocks
                0x000033b8        0xc ./board/clock_config.o
                0x000033b8                BOARD_InitBootClocks
 .text.CLOCK_EnableClock
                0x000033c4       0x34 ./board/pin_mux.o
 .text.PORT_SetPinMux
                0x000033f8       0x3a ./board/pin_mux.o
 .text.BOARD_InitBootPins
                0x00003432       0x10 ./board/pin_mux.o
                0x00003432                BOARD_InitBootPins
 .text.__main   0x00003442        0xe c:/nxp/mcuxpressoide_11.9.0_2144/ide/plugins/com.nxp.mcuxpresso.tools.win32_11.9.0.202307121226/tools/bin/../lib/gcc/arm-none-eabi/12.3.1/../../../../arm-none-eabi/lib/thumb/v7e-m+fp/hard\libcr_nohost_nf.a(_cr__main.o)
                0x00003442                __main
 .text.__sys_appexit
                0x00003450        0x2 c:/nxp/mcuxpressoide_11.9.0_2144/ide/plugins/com.nxp.mcuxpresso.tools.win32_11.9.0.202307121226/tools/bin/../lib/gcc/arm-none-eabi/12.3.1/../../../../arm-none-eabi/lib/thumb/v7e-m+fp/hard\libcr_nohost_nf.a(__sys_appexit.o)
                0x00003450                __sys_appexit
                0x00003450                __exit
 .text.memset   0x00003452        0x4 c:/nxp/mcuxpressoide_11.9.0_2144/ide/plugins/com.nxp.mcuxpresso.tools.win32_11.9.0.202307121226/tools/bin/../lib/gcc/arm-none-eabi/12.3.1/../../../../arm-none-eabi/lib/thumb/v7e-m+fp/hard\libcr_c.a(memset.o)
                0x00003452                memset
 .text._deferredlazyseek
                0x00003456       0x40 c:/nxp/mcuxpressoide_11.9.0_2144/ide/plugins/com.nxp.mcuxpresso.tools.win32_11.9.0.202307121226/tools/bin/../lib/gcc/arm-none-eabi/12.3.1/../../../../arm-none-eabi/lib/thumb/v7e-m+fp/hard\libcr_c.a(_deferredlazyseek.o)
                0x00003456                _deferredlazyseek
 .text.__flsbuf
                0x00003496      0x140 c:/nxp/mcuxpressoide_11.9.0_2144/ide/plugins/com.nxp.mcuxpresso.tools.win32_11.9.0.202307121226/tools/bin/../lib/gcc/arm-none-eabi/12.3.1/../../../../arm-none-eabi/lib/thumb/v7e-m+fp/hard\libcr_c.a(_deferredlazyseek.o)
                0x00003496                __flsbuf
 .text._fflush  0x000035d6       0x52 c:/nxp/mcuxpressoide_11.9.0_2144/ide/plugins/com.nxp.mcuxpresso.tools.win32_11.9.0.202307121226/tools/bin/../lib/gcc/arm-none-eabi/12.3.1/../../../../arm-none-eabi/lib/thumb/v7e-m+fp/hard\libcr_c.a(_fflush.o)
                0x000035d6                _fflush
 .text.free     0x00003628       0x30 c:/nxp/mcuxpressoide_11.9.0_2144/ide/plugins/com.nxp.mcuxpresso.tools.win32_11.9.0.202307121226/tools/bin/../lib/gcc/arm-none-eabi/12.3.1/../../../../arm-none-eabi/lib/thumb/v7e-m+fp/hard\libcr_c.a(alloc.o)
                0x00003628                free
 .text.fputs    0x00003658       0x2c c:/nxp/mcuxpressoide_11.9.0_2144/ide/plugins/com.nxp.mcuxpresso.tools.win32_11.9.0.202307121226/tools/bin/../lib/gcc/arm-none-eabi/12.3.1/../../../../arm-none-eabi/lib/thumb/v7e-m+fp/hard\libcr_c.a(fputs.o)
                0x00003658                fputs
 .text.setvbuf  0x00003684       0x3e c:/nxp/mcuxpressoide_11.9.0_2144/ide/plugins/com.nxp.mcuxpresso.tools.win32_11.9.0.202307121226/tools/bin/../lib/gcc/arm-none-eabi/12.3.1/../../../../arm-none-eabi/lib/thumb/v7e-m+fp/hard\libcr_c.a(setvbuf.o)
                0x00003684                setvbuf
 .text.strlen   0x000036c2       0x4e c:/nxp/mcuxpressoide_11.9.0_2144/ide/plugins/com.nxp.mcuxpresso.tools.win32_11.9.0.202307121226/tools/bin/../lib/gcc/arm-none-eabi/12.3.1/../../../../arm-none-eabi/lib/thumb/v7e-m+fp/hard\libcr_c.a(strlen.o)
                0x000036c2                strlen
 .text._fdopen  0x00003710       0x68 c:/nxp/mcuxpressoide_11.9.0_2144/ide/plugins/com.nxp.mcuxpresso.tools.win32_11.9.0.202307121226/tools/bin/../lib/gcc/arm-none-eabi/12.3.1/../../../../arm-none-eabi/lib/thumb/v7e-m+fp/hard\libcr_c.a(_fdopen.o)
                0x00003710                _fdopen
 .text.fclose   0x00003778       0x58 c:/nxp/mcuxpressoide_11.9.0_2144/ide/plugins/com.nxp.mcuxpresso.tools.win32_11.9.0.202307121226/tools/bin/../lib/gcc/arm-none-eabi/12.3.1/../../../../arm-none-eabi/lib/thumb/v7e-m+fp/hard\libcr_c.a(fclose.o)
                0x00003778                fclose
 .text.remove   0x000037d0       0x14 c:/nxp/mcuxpressoide_11.9.0_2144/ide/plugins/com.nxp.mcuxpresso.tools.win32_11.9.0.202307121226/tools/bin/../lib/gcc/arm-none-eabi/12.3.1/../../../../arm-none-eabi/lib/thumb/v7e-m+fp/hard\libcr_c.a(remove.o)
                0x000037d0                remove
 .text._do_fflush
                0x000037e4       0x40 c:/nxp/mcuxpressoide_11.9.0_2144/ide/plugins/com.nxp.mcuxpresso.tools.win32_11.9.0.202307121226/tools/bin/../lib/gcc/arm-none-eabi/12.3.1/../../../../arm-none-eabi/lib/thumb/v7e-m+fp/hard\libcr_c.a(_do_fflush.o)
                0x000037e4                _do_fflush
 .text.__aeabi_division_uldivmod
                0x00003824      0x174 c:/nxp/mcuxpressoide_11.9.0_2144/ide/plugins/com.nxp.mcuxpresso.tools.win32_11.9.0.202307121226/tools/bin/../lib/gcc/arm-none-eabi/12.3.1/thumb/v7e-m+fp/hard\libcr_eabihelpers.a(division_64.o)
                0x00003824                __aeabi_uldivmod
                0x00003828                __bhs_ldivmod1
 .text.__aeabi_division_idiv0
                0x00003998        0x2 c:/nxp/mcuxpressoide_11.9.0_2144/ide/plugins/com.nxp.mcuxpresso.tools.win32_11.9.0.202307121226/tools/bin/../lib/gcc/arm-none-eabi/12.3.1/thumb/v7e-m+fp/hard\libcr_eabihelpers.a(division_idiv0.o)
                0x00003998                __aeabi_idiv0
 .text.__aeabi_memset_lowlevel
                0x0000399a       0x32 c:/nxp/mcuxpressoide_11.9.0_2144/ide/plugins/com.nxp.mcuxpresso.tools.win32_11.9.0.202307121226/tools/bin/../lib/gcc/arm-none-eabi/12.3.1/thumb/v7e-m+fp/hard\libcr_eabihelpers.a(memcpy.o)
                0x0000399a                __aeabi_lowlevel_memset
 .text.__sys_close
                0x000039cc        0x6 c:/nxp/mcuxpressoide_11.9.0_2144/ide/plugins/com.nxp.mcuxpresso.tools.win32_11.9.0.202307121226/tools/bin/../lib/gcc/arm-none-eabi/12.3.1/../../../../arm-none-eabi/lib/thumb/v7e-m+fp/hard\libcr_nohost_nf.a(__sys_close.o)
                0x000039cc                __sys_close
 .text.__sys_flen
                0x000039d2        0x6 c:/nxp/mcuxpressoide_11.9.0_2144/ide/plugins/com.nxp.mcuxpresso.tools.win32_11.9.0.202307121226/tools/bin/../lib/gcc/arm-none-eabi/12.3.1/../../../../arm-none-eabi/lib/thumb/v7e-m+fp/hard\libcr_nohost_nf.a(__sys_flen.o)
                0x000039d2                __sys_flen
 .text.__sys_istty
                0x000039d8        0x6 c:/nxp/mcuxpressoide_11.9.0_2144/ide/plugins/com.nxp.mcuxpresso.tools.win32_11.9.0.202307121226/tools/bin/../lib/gcc/arm-none-eabi/12.3.1/../../../../arm-none-eabi/lib/thumb/v7e-m+fp/hard\libcr_nohost_nf.a(__sys_istty.o)
                0x000039d8                __sys_istty
 .text.__sys_remove
                0x000039de        0x6 c:/nxp/mcuxpressoide_11.9.0_2144/ide/plugins/com.nxp.mcuxpresso.tools.win32_11.9.0.202307121226/tools/bin/../lib/gcc/arm-none-eabi/12.3.1/../../../../arm-none-eabi/lib/thumb/v7e-m+fp/hard\libcr_nohost_nf.a(__sys_remove.o)
                0x000039de                __sys_remove
 .text.__sys_seek
                0x000039e4        0x6 c:/nxp/mcuxpressoide_11.9.0_2144/ide/plugins/com.nxp.mcuxpresso.tools.win32_11.9.0.202307121226/tools/bin/../lib/gcc/arm-none-eabi/12.3.1/../../../../arm-none-eabi/lib/thumb/v7e-m+fp/hard\libcr_nohost_nf.a(__sys_seek.o)
                0x000039e4                __sys_seek
 .text.__sys_tmpnam
                0x000039ea        0x6 c:/nxp/mcuxpressoide_11.9.0_2144/ide/plugins/com.nxp.mcuxpresso.tools.win32_11.9.0.202307121226/tools/bin/../lib/gcc/arm-none-eabi/12.3.1/../../../../arm-none-eabi/lib/thumb/v7e-m+fp/hard\libcr_nohost_nf.a(__sys_tmpnam.o)
                0x000039ea                __sys_tmpnam
 .text.__sys_write
                0x000039f0        0x4 c:/nxp/mcuxpressoide_11.9.0_2144/ide/plugins/com.nxp.mcuxpresso.tools.win32_11.9.0.202307121226/tools/bin/../lib/gcc/arm-none-eabi/12.3.1/../../../../arm-none-eabi/lib/thumb/v7e-m+fp/hard\libcr_nohost_nf.a(__sys_write.o)
                0x000039f0                __sys_write
 *(SORT_BY_ALIGNMENT(.rodata) SORT_BY_ALIGNMENT(.rodata.*) SORT_BY_ALIGNMENT(.constdata) SORT_BY_ALIGNMENT(.constdata.*))
 .rodata.triangle_array
                0x000039f4       0x40 ./source/FUNCTION_GENERATOR.o
                0x000039f4                triangle_array
 .rodata.sine_array
                0x00003a34       0x40 ./source/FUNCTION_GENERATOR.o
                0x00003a34                sine_array
 .rodata.PIT_GetDefaultConfig.str1.4
                0x00003a74       0x3f ./source/PIT.o
 *fill*         0x00003ab3        0x1 ff
 .rodata.PIT_SetTimerPeriod.str1.4
                0x00003ab4       0x3c ./source/PIT.o
 .rodata.show_menu.str1.4
                0x00003af0       0x51 ./source/TERMINAL.o
 *fill*         0x00003b41        0x3 ff
 .rodata.show_set_freq.str1.4
                0x00003b44       0x81 ./source/TERMINAL.o
 *fill*         0x00003bc5        0x3 ff
 .rodata.show_set_signal.str1.4
                0x00003bc8       0x45 ./source/TERMINAL.o
 *fill*         0x00003c0d        0x3 ff
 .rodata.selection_msg.str1.4
                0x00003c10       0x32 ./source/TERMINAL.o
 *fill*         0x00003c42        0x2 ff
 .rodata.s_adc16Bases
                0x00003c44        0x8 ./drivers/fsl_adc16.o
 .rodata.s_adc16Clocks
                0x00003c4c        0x8 ./drivers/fsl_adc16.o
 .rodata.ADC16_GetInstance.str1.4
                0x00003c54       0x35 ./drivers/fsl_adc16.o
 *fill*         0x00003c89        0x3 ff
 .rodata.ADC16_Init.str1.4
                0x00003c8c       0x20 ./drivers/fsl_adc16.o
 .rodata.ADC16_GetDefaultConfig.str1.4
                0x00003cac       0x21 ./drivers/fsl_adc16.o
 *fill*         0x00003ccd        0x3 ff
 .rodata.CLOCK_GetMcgExtClkFreq.str1.4
                0x00003cd0       0x49 ./drivers/fsl_clock.o
 *fill*         0x00003d19        0x3 ff
 .rodata.CLOCK_GetOsc0ErClkFreq.str1.4
                0x00003d1c       0x1e ./drivers/fsl_clock.o
 *fill*         0x00003d3a        0x2 ff
 .rodata.CLOCK_GetEr32kClkFreq.str1.4
                0x00003d3c       0x1f ./drivers/fsl_clock.o
 *fill*         0x00003d5b        0x1 ff
 .rodata.CLOCK_GetPll0Freq.str1.4
                0x00003d5c       0x1d ./drivers/fsl_clock.o
 *fill*         0x00003d79        0x3 ff
 .rodata.CLOCK_EnablePll0.str1.4
                0x00003d7c       0x1a ./drivers/fsl_clock.o
 *fill*         0x00003d96        0x2 ff
 .rodata.CLOCK_SetPbeMode.str1.4
                0x00003d98       0x1a ./drivers/fsl_clock.o
 *fill*         0x00003db2        0x2 ff
 .rodata.CLOCK_BootToPeeMode.str1.4
                0x00003db4       0x1a ./drivers/fsl_clock.o
 *fill*         0x00003dce        0x2 ff
 .rodata.fllFactorTable.1
                0x00003dd0       0x10 ./drivers/fsl_clock.o
 .rodata.s_dacBases
                0x00003de0        0x8 ./drivers/fsl_dac.o
 .rodata.s_dacClocks
                0x00003de8        0x8 ./drivers/fsl_dac.o
 .rodata.DAC_GetInstance.str1.4
                0x00003df0       0x31 ./drivers/fsl_dac.o
 *fill*         0x00003e21        0x3 ff
 .rodata.DAC_Init.str1.4
                0x00003e24       0x1e ./drivers/fsl_dac.o
 *fill*         0x00003e42        0x2 ff
 .rodata.DAC_GetDefaultConfig.str1.4
                0x00003e44       0x1f ./drivers/fsl_dac.o
 *fill*         0x00003e63        0x1 ff
 .rodata.DAC_SetBufferValue.str1.4
                0x00003e64       0x27 ./drivers/fsl_dac.o
 *fill*         0x00003e8b        0x1 ff
 .rodata.DAC_SetBufferReadPointer.str1.4
                0x00003e8c       0x27 ./drivers/fsl_dac.o
 *fill*         0x00003eb3        0x1 ff
 .rodata.PIT_GetInstance.str1.4
                0x00003eb4       0x31 ./drivers/fsl_pit.o
 *fill*         0x00003ee5        0x3 ff
 .rodata.PIT_Init.str1.4
                0x00003ee8       0x1e ./drivers/fsl_pit.o
 *fill*         0x00003f06        0x2 ff
 .rodata.s_uartBases
                0x00003f08       0x18 ./drivers/fsl_uart.o
 .rodata.s_uartClock
                0x00003f20       0x18 ./drivers/fsl_uart.o
 .rodata.UART_GetInstance.str1.4
                0x00003f38       0x2b ./drivers/fsl_uart.o
 *fill*         0x00003f63        0x1 ff
 .rodata.UART_Init.str1.4
                0x00003f64       0xfb ./drivers/fsl_uart.o
 *fill*         0x0000405f        0x1 ff
 .rodata.UART_GetDefaultConfig.str1.4
                0x00004060       0x20 ./drivers/fsl_uart.o
 .rodata.mcgConfig_BOARD_BootClockRUN
                0x00004080        0xb ./board/clock_config.o
                0x00004080                mcgConfig_BOARD_BootClockRUN
 *fill*         0x0000408b        0x1 ff
 .rodata.simConfig_BOARD_BootClockRUN
                0x0000408c        0x8 ./board/clock_config.o
                0x0000408c                simConfig_BOARD_BootClockRUN
 .rodata.oscConfig_BOARD_BootClockRUN
                0x00004094        0x8 ./board/clock_config.o
                0x00004094                oscConfig_BOARD_BootClockRUN
 .rodata.PORT_SetPinConfig.str1.4
                0x0000409c       0x38 ./board/pin_mux.o
 .rodata.__num_Ciob_streams
                0x000040d4        0x4 c:/nxp/mcuxpressoide_11.9.0_2144/ide/plugins/com.nxp.mcuxpresso.tools.win32_11.9.0.202307121226/tools/bin/../lib/gcc/arm-none-eabi/12.3.1/../../../../arm-none-eabi/lib/thumb/v7e-m+fp/hard\libcr_nohost_nf.a(__ciob.o)
                0x000040d4                __num_Ciob_streams
 .rodata.__assertion_failed.str1.1
                0x000040d8       0x15 c:/nxp/mcuxpressoide_11.9.0_2144/ide/plugins/com.nxp.mcuxpresso.tools.win32_11.9.0.202307121226/tools/bin/../lib/gcc/arm-none-eabi/12.3.1/../../../../arm-none-eabi/lib/thumb/v7e-m+fp/hard\libcr_nohost_nf.a(_cr_assert.o)
 .rodata._Csys_alloc.str1.1
                0x000040ed       0x18 c:/nxp/mcuxpressoide_11.9.0_2144/ide/plugins/com.nxp.mcuxpresso.tools.win32_11.9.0.202307121226/tools/bin/../lib/gcc/arm-none-eabi/12.3.1/../../../../arm-none-eabi/lib/thumb/v7e-m+fp/hard\libcr_c.a(alloc.o)
 .rodata._initio.str1.1
                0x00004105        0x4 c:/nxp/mcuxpressoide_11.9.0_2144/ide/plugins/com.nxp.mcuxpresso.tools.win32_11.9.0.202307121226/tools/bin/../lib/gcc/arm-none-eabi/12.3.1/../../../../arm-none-eabi/lib/thumb/v7e-m+fp/hard\libcr_c.a(initio.o)
                0x00004110                        . = ALIGN (0x8)
 *fill*         0x00004109        0x7 ff

.glue_7         0x00004110        0x0
 .glue_7        0x00004110        0x0 linker stubs

.glue_7t        0x00004110        0x0
 .glue_7t       0x00004110        0x0 linker stubs

.vfp11_veneer   0x00004110        0x0
 .vfp11_veneer  0x00004110        0x0 linker stubs

.v4_bx          0x00004110        0x0
 .v4_bx         0x00004110        0x0 linker stubs

.iplt           0x00004110        0x0
 .iplt          0x00004110        0x0 ./startup/startup_mk64f12.o

.rel.dyn        0x00004110        0x0
 .rel.iplt      0x00004110        0x0 ./startup/startup_mk64f12.o

.ARM.extab
 *(SORT_BY_ALIGNMENT(.ARM.extab*) SORT_BY_ALIGNMENT(.gnu.linkonce.armextab.*))

.ARM.exidx      0x00004110        0x0
                0x00004110                        __exidx_start = .
 *(SORT_BY_ALIGNMENT(.ARM.exidx*) SORT_BY_ALIGNMENT(.gnu.linkonce.armexidx.*))
                0x00004110                        __exidx_end = .
                0x00004110                        _etext = .

.m_usb_data
 *(SORT_BY_ALIGNMENT(m_usb_bdt))

.data_RAM2      0x1fff0000        0x0 load address 0x00004110
 FILL mask 0xff
                [!provide]                        PROVIDE (__start_data_RAM2 = .)
                [!provide]                        PROVIDE (__start_data_SRAM_LOWER = .)
 *(SORT_BY_ALIGNMENT(.ramfunc.$RAM2))
 *(SORT_BY_ALIGNMENT(.ramfunc.$SRAM_LOWER))
 *(SORT_BY_ALIGNMENT(.data.$RAM2))
 *(SORT_BY_ALIGNMENT(.data.$SRAM_LOWER))
 *(SORT_BY_ALIGNMENT(.data.$RAM2.*))
 *(SORT_BY_ALIGNMENT(.data.$SRAM_LOWER.*))
                0x1fff0000                        . = ALIGN (0x8)
                [!provide]                        PROVIDE (__end_data_RAM2 = .)
                [!provide]                        PROVIDE (__end_data_SRAM_LOWER = .)

.data_RAM3      0x14000000        0x0 load address 0x00004110
 FILL mask 0xff
                [!provide]                        PROVIDE (__start_data_RAM3 = .)
                [!provide]                        PROVIDE (__start_data_FLEX_RAM = .)
 *(SORT_BY_ALIGNMENT(.ramfunc.$RAM3))
 *(SORT_BY_ALIGNMENT(.ramfunc.$FLEX_RAM))
 *(SORT_BY_ALIGNMENT(.data.$RAM3))
 *(SORT_BY_ALIGNMENT(.data.$FLEX_RAM))
 *(SORT_BY_ALIGNMENT(.data.$RAM3.*))
 *(SORT_BY_ALIGNMENT(.data.$FLEX_RAM.*))
                0x14000000                        . = ALIGN (0x8)
                [!provide]                        PROVIDE (__end_data_RAM3 = .)
                [!provide]                        PROVIDE (__end_data_FLEX_RAM = .)

.uninit_RESERVED
                0x20000000        0x0
                0x20000000                        _start_uninit_RESERVED = .
 *(SORT_BY_ALIGNMENT(.bss.$RESERVED*))
                0x20000000                        . = ALIGN (0x8)
                0x20000000                        _end_uninit_RESERVED = .

.data           0x20000000       0x10 load address 0x00004110
 FILL mask 0xff
                0x20000000                        _data = .
                [!provide]                        PROVIDE (__start_data_RAM = .)
                [!provide]                        PROVIDE (__start_data_SRAM_UPPER = .)
 *(SORT_BY_ALIGNMENT(vtable))
 *(SORT_BY_ALIGNMENT(.ramfunc*))
 *(SORT_BY_ALIGNMENT(CodeQuickAccess))
 *(SORT_BY_ALIGNMENT(DataQuickAccess))
 *(SORT_BY_ALIGNMENT(RamFunction))
 *(SORT_BY_ALIGNMENT(.data*))
 .data.s_slowIrcFreq
                0x20000000        0x4 ./drivers/fsl_clock.o
 .data.s_fastIrcFreq
                0x20000004        0x4 ./drivers/fsl_clock.o
 .data.SystemCoreClock
                0x20000008        0x4 ./device/system_MK64F12.o
                0x20000008                SystemCoreClock
 .data.square_sig_st
                0x2000000c        0x1 ./source/FUNCTION_GENERATOR.o
                0x20000010                        . = ALIGN (0x8)
 *fill*         0x2000000d        0x3 ff
                0x20000010                        _edata = .
                [!provide]                        PROVIDE (__end_data_RAM = .)
                [!provide]                        PROVIDE (__end_data_SRAM_UPPER = .)

.igot.plt       0x20000010        0x0 load address 0x00004120
 .igot.plt      0x20000010        0x0 ./startup/startup_mk64f12.o

.bss_RAM2       0x1fff0000        0x0
                [!provide]                        PROVIDE (__start_bss_RAM2 = .)
                [!provide]                        PROVIDE (__start_bss_SRAM_LOWER = .)
 *(SORT_BY_ALIGNMENT(.bss.$RAM2))
 *(SORT_BY_ALIGNMENT(.bss.$SRAM_LOWER))
 *(SORT_BY_ALIGNMENT(.bss.$RAM2.*))
 *(SORT_BY_ALIGNMENT(.bss.$SRAM_LOWER.*))
                0x1fff0000                        . = ALIGN ((. != 0x0)?0x8:0x1)
                [!provide]                        PROVIDE (__end_bss_RAM2 = .)
                [!provide]                        PROVIDE (__end_bss_SRAM_LOWER = .)

.bss_RAM3       0x14000000        0x0
                [!provide]                        PROVIDE (__start_bss_RAM3 = .)
                [!provide]                        PROVIDE (__start_bss_FLEX_RAM = .)
 *(SORT_BY_ALIGNMENT(.bss.$RAM3))
 *(SORT_BY_ALIGNMENT(.bss.$FLEX_RAM))
 *(SORT_BY_ALIGNMENT(.bss.$RAM3.*))
 *(SORT_BY_ALIGNMENT(.bss.$FLEX_RAM.*))
                0x14000000                        . = ALIGN ((. != 0x0)?0x8:0x1)
                [!provide]                        PROVIDE (__end_bss_RAM3 = .)
                [!provide]                        PROVIDE (__end_bss_FLEX_RAM = .)

.bss            0x20000010      0x128
                0x20000010                        _bss = .
                [!provide]                        PROVIDE (__start_bss_RAM = .)
                [!provide]                        PROVIDE (__start_bss_SRAM_UPPER = .)
 *(SORT_BY_ALIGNMENT(.bss*))
 .bss.signal_config
                0x20000010        0xc ./source/FUNCTION_GENERATOR.o
 .bss.clock_pit
                0x2000001c        0x4 ./source/FUNCTION_GENERATOR.o
 .bss.Voltaje_out
                0x20000020        0x4 ./source/GENERADOR_ADC.o
 .bss.adc16ConfigStruct
                0x20000024        0xa ./source/GENERADOR_ADC.o
 *fill*         0x2000002e        0x2 
 .bss.adc16ChannelConfigStruct
                0x20000030        0x8 ./source/GENERADOR_ADC.o
 .bss.g_mail_box_uart_0
                0x20000038        0x2 ./source/UART_DRIVER.o
 *fill*         0x2000003a        0x2 
 .bss.g_xtal0Freq
                0x2000003c        0x4 ./drivers/fsl_clock.o
                0x2000003c                g_xtal0Freq
 .bss.g_xtal32Freq
                0x20000040        0x4 ./drivers/fsl_clock.o
                0x20000040                g_xtal32Freq
 .bss.s_i2cHandle
                0x20000044        0xc ./drivers/fsl_i2c.o
 .bss.s_i2cMasterIsr
                0x20000050        0x4 ./drivers/fsl_i2c.o
 .bss.s_i2cSlaveIsr
                0x20000054        0x4 ./drivers/fsl_i2c.o
 .bss.s_uartHandle
                0x20000058       0x18 ./drivers/fsl_uart.o
                0x20000058                s_uartHandle
 .bss.s_uartIsr
                0x20000070        0x4 ./drivers/fsl_uart.o
                0x20000070                s_uartIsr
 .bss.__Ciob    0x20000074       0xb4 c:/nxp/mcuxpressoide_11.9.0_2144/ide/plugins/com.nxp.mcuxpresso.tools.win32_11.9.0.202307121226/tools/bin/../lib/gcc/arm-none-eabi/12.3.1/../../../../arm-none-eabi/lib/thumb/v7e-m+fp/hard\libcr_nohost_nf.a(__ciob.o)
                0x20000074                __Ciob
 .bss.errno     0x20000128        0x4 c:/nxp/mcuxpressoide_11.9.0_2144/ide/plugins/com.nxp.mcuxpresso.tools.win32_11.9.0.202307121226/tools/bin/../lib/gcc/arm-none-eabi/12.3.1/../../../../arm-none-eabi/lib/thumb/v7e-m+fp/hard\libcr_c.a(errno.o)
                0x20000128                errno
 .bss.__end_of_heap
                0x2000012c        0x4 c:/nxp/mcuxpressoide_11.9.0_2144/ide/plugins/com.nxp.mcuxpresso.tools.win32_11.9.0.202307121226/tools/bin/../lib/gcc/arm-none-eabi/12.3.1/../../../../arm-none-eabi/lib/thumb/v7e-m+fp/hard\libcr_c.a(__init_alloc.o)
                0x2000012c                __end_of_heap
 .bss.__heaps   0x20000130        0x4 c:/nxp/mcuxpressoide_11.9.0_2144/ide/plugins/com.nxp.mcuxpresso.tools.win32_11.9.0.202307121226/tools/bin/../lib/gcc/arm-none-eabi/12.3.1/../../../../arm-none-eabi/lib/thumb/v7e-m+fp/hard\libcr_c.a(__init_alloc.o)
                0x20000130                __heaps
 .bss.index     0x20000134        0x1 ./source/FUNCTION_GENERATOR.o
 .bss.pitIsrFlag
                0x20000135        0x1 ./source/PIT.o
 .bss.fsm_menu  0x20000136        0x1 ./source/TERMINAL.o
                0x20000136                fsm_menu
 *(SORT_BY_ALIGNMENT(COMMON))
                0x20000138                        . = ALIGN (0x8)
 *fill*         0x20000137        0x1 
                0x20000138                        _ebss = .
                [!provide]                        PROVIDE (__end_bss_RAM = .)
                [!provide]                        PROVIDE (__end_bss_SRAM_UPPER = .)
                [!provide]                        PROVIDE (end = .)

.noinit_RAM2    0x1fff0000        0x0
                [!provide]                        PROVIDE (__start_noinit_RAM2 = .)
                [!provide]                        PROVIDE (__start_noinit_SRAM_LOWER = .)
 *(SORT_BY_ALIGNMENT(.noinit.$RAM2))
 *(SORT_BY_ALIGNMENT(.noinit.$SRAM_LOWER))
 *(SORT_BY_ALIGNMENT(.noinit.$RAM2.*))
 *(SORT_BY_ALIGNMENT(.noinit.$SRAM_LOWER.*))
                0x1fff0000                        . = ALIGN (0x8)
                [!provide]                        PROVIDE (__end_noinit_RAM2 = .)
                [!provide]                        PROVIDE (__end_noinit_SRAM_LOWER = .)

.noinit_RAM3    0x14000000        0x0
                [!provide]                        PROVIDE (__start_noinit_RAM3 = .)
                [!provide]                        PROVIDE (__start_noinit_FLEX_RAM = .)
 *(SORT_BY_ALIGNMENT(.noinit.$RAM3))
 *(SORT_BY_ALIGNMENT(.noinit.$FLEX_RAM))
 *(SORT_BY_ALIGNMENT(.noinit.$RAM3.*))
 *(SORT_BY_ALIGNMENT(.noinit.$FLEX_RAM.*))
                0x14000000                        . = ALIGN (0x8)
                [!provide]                        PROVIDE (__end_noinit_RAM3 = .)
                [!provide]                        PROVIDE (__end_noinit_FLEX_RAM = .)

.noinit         0x20000138        0x0
                0x20000138                        _noinit = .
                [!provide]                        PROVIDE (__start_noinit_RAM = .)
                [!provide]                        PROVIDE (__start_noinit_SRAM_UPPER = .)
 *(SORT_BY_ALIGNMENT(.noinit*))
                0x20000138                        . = ALIGN (0x8)
                0x20000138                        _end_noinit = .
                [!provide]                        PROVIDE (__end_noinit_RAM = .)
                [!provide]                        PROVIDE (__end_noinit_SRAM_UPPER = .)
                0x00001000                        _HeapSize = 0x1000

.heap           0x20000138     0x1000
                0x20000138                        _pvHeapStart = .
                0x20001138                        . = (. + _HeapSize)
 *fill*         0x20000138     0x1000 
                0x20001138                        . = ALIGN (0x8)
                0x20001138                        _pvHeapLimit = .
                0x00001000                        _StackSize = 0x1000

.heap2stackfill
                0x20001138     0x1000
                0x20002138                        . = (. + _StackSize)
 *fill*         0x20001138     0x1000 

.stack          0x2002f000        0x0
                0x2002f000                        _vStackBase = .
                0x2002f000                        . = ALIGN (0x8)
                0x20030000                        _vStackTop = (. + _StackSize)
                0x00000000                        _image_start = LOADADDR (.text)
                0x00004120                        _image_end = (LOADADDR (.data) + SIZEOF (.data))
                0x00004120                        _image_size = (_image_end - _image_start)
OUTPUT(generador.axf elf32-littlearm)
LOAD linker stubs

.debug_info     0x00000000    0x11eab
 .debug_info    0x00000000      0xcfa ./startup/startup_mk64f12.o
 .debug_info    0x00000cfa      0x797 ./source/FUNCTION_GENERATOR.o
 .debug_info    0x00001491      0x900 ./source/GENERADOR_ADC.o
 .debug_info    0x00001d91      0x282 ./source/GENERADOR_DAC.o
 .debug_info    0x00002013      0x3bc ./source/GENERATOR.o
 .debug_info    0x000023cf      0x96c ./source/NVIC.o
 .debug_info    0x00002d3b      0x7ce ./source/PIT.o
 .debug_info    0x00003509      0x995 ./source/TERMINAL.o
 .debug_info    0x00003e9e      0xdc9 ./source/UART_DRIVER.o
 .debug_info    0x00004c67       0xad ./source/main.o
 .debug_info    0x00004d14       0x3c ./source/semihost_hardfault.o
 .debug_info    0x00004d50      0xebb ./drivers/fsl_adc16.o
 .debug_info    0x00005c0b     0x21e2 ./drivers/fsl_clock.o
 .debug_info    0x00007ded      0xaef ./drivers/fsl_dac.o
 .debug_info    0x000088dc     0x1ed1 ./drivers/fsl_i2c.o
 .debug_info    0x0000a7ad      0x78a ./drivers/fsl_pit.o
 .debug_info    0x0000af37     0x1fcf ./drivers/fsl_uart.o
 .debug_info    0x0000cf06      0x649 ./device/system_MK64F12.o
 .debug_info    0x0000d54f      0xdd4 ./board/clock_config.o
 .debug_info    0x0000e323      0xc84 ./board/pin_mux.o
 .debug_info    0x0000efa7       0x85 c:/nxp/mcuxpressoide_11.9.0_2144/ide/plugins/com.nxp.mcuxpresso.tools.win32_11.9.0.202307121226/tools/bin/../lib/gcc/arm-none-eabi/12.3.1/../../../../arm-none-eabi/lib/thumb/v7e-m+fp/hard\libcr_nohost_nf.a(_cr__main.o)
 .debug_info    0x0000f02c      0x22e c:/nxp/mcuxpressoide_11.9.0_2144/ide/plugins/com.nxp.mcuxpresso.tools.win32_11.9.0.202307121226/tools/bin/../lib/gcc/arm-none-eabi/12.3.1/../../../../arm-none-eabi/lib/thumb/v7e-m+fp/hard\libcr_nohost_nf.a(_cr_assert.o)
 .debug_info    0x0000f25a      0x18b c:/nxp/mcuxpressoide_11.9.0_2144/ide/plugins/com.nxp.mcuxpresso.tools.win32_11.9.0.202307121226/tools/bin/../lib/gcc/arm-none-eabi/12.3.1/../../../../arm-none-eabi/lib/thumb/v7e-m+fp/hard\libcr_nohost_nf.a(__ciob.o)
 .debug_info    0x0000f3e5       0x38 c:/nxp/mcuxpressoide_11.9.0_2144/ide/plugins/com.nxp.mcuxpresso.tools.win32_11.9.0.202307121226/tools/bin/../lib/gcc/arm-none-eabi/12.3.1/../../../../arm-none-eabi/lib/thumb/v7e-m+fp/hard\libcr_nohost_nf.a(__sys_appexit.o)
 .debug_info    0x0000f41d       0xe3 c:/nxp/mcuxpressoide_11.9.0_2144/ide/plugins/com.nxp.mcuxpresso.tools.win32_11.9.0.202307121226/tools/bin/../lib/gcc/arm-none-eabi/12.3.1/../../../../arm-none-eabi/lib/thumb/v7e-m+fp/hard\libcr_c.a(memset.o)
 .debug_info    0x0000f500      0x362 c:/nxp/mcuxpressoide_11.9.0_2144/ide/plugins/com.nxp.mcuxpresso.tools.win32_11.9.0.202307121226/tools/bin/../lib/gcc/arm-none-eabi/12.3.1/../../../../arm-none-eabi/lib/thumb/v7e-m+fp/hard\libcr_c.a(_deferredlazyseek.o)
 .debug_info    0x0000f862      0x1e3 c:/nxp/mcuxpressoide_11.9.0_2144/ide/plugins/com.nxp.mcuxpresso.tools.win32_11.9.0.202307121226/tools/bin/../lib/gcc/arm-none-eabi/12.3.1/../../../../arm-none-eabi/lib/thumb/v7e-m+fp/hard\libcr_c.a(_fflush.o)
 .debug_info    0x0000fa45      0x282 c:/nxp/mcuxpressoide_11.9.0_2144/ide/plugins/com.nxp.mcuxpresso.tools.win32_11.9.0.202307121226/tools/bin/../lib/gcc/arm-none-eabi/12.3.1/../../../../arm-none-eabi/lib/thumb/v7e-m+fp/hard\libcr_c.a(_writebuf.o)
 .debug_info    0x0000fcc7      0x506 c:/nxp/mcuxpressoide_11.9.0_2144/ide/plugins/com.nxp.mcuxpresso.tools.win32_11.9.0.202307121226/tools/bin/../lib/gcc/arm-none-eabi/12.3.1/../../../../arm-none-eabi/lib/thumb/v7e-m+fp/hard\libcr_c.a(alloc.o)
 .debug_info    0x000101cd       0x44 c:/nxp/mcuxpressoide_11.9.0_2144/ide/plugins/com.nxp.mcuxpresso.tools.win32_11.9.0.202307121226/tools/bin/../lib/gcc/arm-none-eabi/12.3.1/../../../../arm-none-eabi/lib/thumb/v7e-m+fp/hard\libcr_c.a(errno.o)
 .debug_info    0x00010211      0x1e0 c:/nxp/mcuxpressoide_11.9.0_2144/ide/plugins/com.nxp.mcuxpresso.tools.win32_11.9.0.202307121226/tools/bin/../lib/gcc/arm-none-eabi/12.3.1/../../../../arm-none-eabi/lib/thumb/v7e-m+fp/hard\libcr_c.a(fputs.o)
 .debug_info    0x000103f1      0x276 c:/nxp/mcuxpressoide_11.9.0_2144/ide/plugins/com.nxp.mcuxpresso.tools.win32_11.9.0.202307121226/tools/bin/../lib/gcc/arm-none-eabi/12.3.1/../../../../arm-none-eabi/lib/thumb/v7e-m+fp/hard\libcr_c.a(fseek.o)
 .debug_info    0x00010667      0x190 c:/nxp/mcuxpressoide_11.9.0_2144/ide/plugins/com.nxp.mcuxpresso.tools.win32_11.9.0.202307121226/tools/bin/../lib/gcc/arm-none-eabi/12.3.1/../../../../arm-none-eabi/lib/thumb/v7e-m+fp/hard\libcr_c.a(ftell.o)
 .debug_info    0x000107f7      0x339 c:/nxp/mcuxpressoide_11.9.0_2144/ide/plugins/com.nxp.mcuxpresso.tools.win32_11.9.0.202307121226/tools/bin/../lib/gcc/arm-none-eabi/12.3.1/../../../../arm-none-eabi/lib/thumb/v7e-m+fp/hard\libcr_c.a(initio.o)
 .debug_info    0x00010b30      0x1f6 c:/nxp/mcuxpressoide_11.9.0_2144/ide/plugins/com.nxp.mcuxpresso.tools.win32_11.9.0.202307121226/tools/bin/../lib/gcc/arm-none-eabi/12.3.1/../../../../arm-none-eabi/lib/thumb/v7e-m+fp/hard\libcr_c.a(setvbuf.o)
 .debug_info    0x00010d26       0xda c:/nxp/mcuxpressoide_11.9.0_2144/ide/plugins/com.nxp.mcuxpresso.tools.win32_11.9.0.202307121226/tools/bin/../lib/gcc/arm-none-eabi/12.3.1/../../../../arm-none-eabi/lib/thumb/v7e-m+fp/hard\libcr_c.a(strlen.o)
 .debug_info    0x00010e00       0xd4 c:/nxp/mcuxpressoide_11.9.0_2144/ide/plugins/com.nxp.mcuxpresso.tools.win32_11.9.0.202307121226/tools/bin/../lib/gcc/arm-none-eabi/12.3.1/../../../../arm-none-eabi/lib/thumb/v7e-m+fp/hard\libcr_c.a(__init_alloc.o)
 .debug_info    0x00010ed4      0x100 c:/nxp/mcuxpressoide_11.9.0_2144/ide/plugins/com.nxp.mcuxpresso.tools.win32_11.9.0.202307121226/tools/bin/../lib/gcc/arm-none-eabi/12.3.1/../../../../arm-none-eabi/lib/thumb/v7e-m+fp/hard\libcr_c.a(_cr_sbrk.o)
 .debug_info    0x00010fd4      0x244 c:/nxp/mcuxpressoide_11.9.0_2144/ide/plugins/com.nxp.mcuxpresso.tools.win32_11.9.0.202307121226/tools/bin/../lib/gcc/arm-none-eabi/12.3.1/../../../../arm-none-eabi/lib/thumb/v7e-m+fp/hard\libcr_c.a(_fdopen.o)
 .debug_info    0x00011218      0x318 c:/nxp/mcuxpressoide_11.9.0_2144/ide/plugins/com.nxp.mcuxpresso.tools.win32_11.9.0.202307121226/tools/bin/../lib/gcc/arm-none-eabi/12.3.1/../../../../arm-none-eabi/lib/thumb/v7e-m+fp/hard\libcr_c.a(fclose.o)
 .debug_info    0x00011530      0x202 c:/nxp/mcuxpressoide_11.9.0_2144/ide/plugins/com.nxp.mcuxpresso.tools.win32_11.9.0.202307121226/tools/bin/../lib/gcc/arm-none-eabi/12.3.1/../../../../arm-none-eabi/lib/thumb/v7e-m+fp/hard\libcr_c.a(fflush.o)
 .debug_info    0x00011732      0x1ca c:/nxp/mcuxpressoide_11.9.0_2144/ide/plugins/com.nxp.mcuxpresso.tools.win32_11.9.0.202307121226/tools/bin/../lib/gcc/arm-none-eabi/12.3.1/../../../../arm-none-eabi/lib/thumb/v7e-m+fp/hard\libcr_c.a(remove.o)
 .debug_info    0x000118fc       0x71 c:/nxp/mcuxpressoide_11.9.0_2144/ide/plugins/com.nxp.mcuxpresso.tools.win32_11.9.0.202307121226/tools/bin/../lib/gcc/arm-none-eabi/12.3.1/../../../../arm-none-eabi/lib/thumb/v7e-m+fp/hard\libcr_c.a(_cr_check_heap.o)
 .debug_info    0x0001196d      0x23a c:/nxp/mcuxpressoide_11.9.0_2144/ide/plugins/com.nxp.mcuxpresso.tools.win32_11.9.0.202307121226/tools/bin/../lib/gcc/arm-none-eabi/12.3.1/../../../../arm-none-eabi/lib/thumb/v7e-m+fp/hard\libcr_c.a(_do_fflush.o)
 .debug_info    0x00011ba7       0x5c c:/nxp/mcuxpressoide_11.9.0_2144/ide/plugins/com.nxp.mcuxpresso.tools.win32_11.9.0.202307121226/tools/bin/../lib/gcc/arm-none-eabi/12.3.1/../../../../arm-none-eabi/lib/thumb/v7e-m+fp/hard\libcr_nohost_nf.a(__sys_close.o)
 .debug_info    0x00011c03       0x5c c:/nxp/mcuxpressoide_11.9.0_2144/ide/plugins/com.nxp.mcuxpresso.tools.win32_11.9.0.202307121226/tools/bin/../lib/gcc/arm-none-eabi/12.3.1/../../../../arm-none-eabi/lib/thumb/v7e-m+fp/hard\libcr_nohost_nf.a(__sys_flen.o)
 .debug_info    0x00011c5f       0x5c c:/nxp/mcuxpressoide_11.9.0_2144/ide/plugins/com.nxp.mcuxpresso.tools.win32_11.9.0.202307121226/tools/bin/../lib/gcc/arm-none-eabi/12.3.1/../../../../arm-none-eabi/lib/thumb/v7e-m+fp/hard\libcr_nohost_nf.a(__sys_istty.o)
 .debug_info    0x00011cbb       0x7c c:/nxp/mcuxpressoide_11.9.0_2144/ide/plugins/com.nxp.mcuxpresso.tools.win32_11.9.0.202307121226/tools/bin/../lib/gcc/arm-none-eabi/12.3.1/../../../../arm-none-eabi/lib/thumb/v7e-m+fp/hard\libcr_nohost_nf.a(__sys_remove.o)
 .debug_info    0x00011d37       0x6a c:/nxp/mcuxpressoide_11.9.0_2144/ide/plugins/com.nxp.mcuxpresso.tools.win32_11.9.0.202307121226/tools/bin/../lib/gcc/arm-none-eabi/12.3.1/../../../../arm-none-eabi/lib/thumb/v7e-m+fp/hard\libcr_nohost_nf.a(__sys_seek.o)
 .debug_info    0x00011da1       0x85 c:/nxp/mcuxpressoide_11.9.0_2144/ide/plugins/com.nxp.mcuxpresso.tools.win32_11.9.0.202307121226/tools/bin/../lib/gcc/arm-none-eabi/12.3.1/../../../../arm-none-eabi/lib/thumb/v7e-m+fp/hard\libcr_nohost_nf.a(__sys_tmpnam.o)
 .debug_info    0x00011e26       0x85 c:/nxp/mcuxpressoide_11.9.0_2144/ide/plugins/com.nxp.mcuxpresso.tools.win32_11.9.0.202307121226/tools/bin/../lib/gcc/arm-none-eabi/12.3.1/../../../../arm-none-eabi/lib/thumb/v7e-m+fp/hard\libcr_nohost_nf.a(__sys_write.o)

.debug_abbrev   0x00000000     0x4423
 .debug_abbrev  0x00000000      0x17a ./startup/startup_mk64f12.o
 .debug_abbrev  0x0000017a      0x283 ./source/FUNCTION_GENERATOR.o
 .debug_abbrev  0x000003fd      0x1bc ./source/GENERADOR_ADC.o
 .debug_abbrev  0x000005b9      0x16c ./source/GENERADOR_DAC.o
 .debug_abbrev  0x00000725       0xdf ./source/GENERATOR.o
 .debug_abbrev  0x00000804      0x1be ./source/NVIC.o
 .debug_abbrev  0x000009c2      0x2a2 ./source/PIT.o
 .debug_abbrev  0x00000c64      0x1e9 ./source/TERMINAL.o
 .debug_abbrev  0x00000e4d      0x2c6 ./source/UART_DRIVER.o
 .debug_abbrev  0x00001113       0x5c ./source/main.o
 .debug_abbrev  0x0000116f       0x31 ./source/semihost_hardfault.o
 .debug_abbrev  0x000011a0      0x2a4 ./drivers/fsl_adc16.o
 .debug_abbrev  0x00001444      0x378 ./drivers/fsl_clock.o
 .debug_abbrev  0x000017bc      0x25e ./drivers/fsl_dac.o
 .debug_abbrev  0x00001a1a      0x392 ./drivers/fsl_i2c.o
 .debug_abbrev  0x00001dac      0x20a ./drivers/fsl_pit.o
 .debug_abbrev  0x00001fb6      0x45d ./drivers/fsl_uart.o
 .debug_abbrev  0x00002413      0x148 ./device/system_MK64F12.o
 .debug_abbrev  0x0000255b      0x279 ./board/clock_config.o
 .debug_abbrev  0x000027d4      0x2b5 ./board/pin_mux.o
 .debug_abbrev  0x00002a89       0x70 c:/nxp/mcuxpressoide_11.9.0_2144/ide/plugins/com.nxp.mcuxpresso.tools.win32_11.9.0.202307121226/tools/bin/../lib/gcc/arm-none-eabi/12.3.1/../../../../arm-none-eabi/lib/thumb/v7e-m+fp/hard\libcr_nohost_nf.a(_cr__main.o)
 .debug_abbrev  0x00002af9      0x12f c:/nxp/mcuxpressoide_11.9.0_2144/ide/plugins/com.nxp.mcuxpresso.tools.win32_11.9.0.202307121226/tools/bin/../lib/gcc/arm-none-eabi/12.3.1/../../../../arm-none-eabi/lib/thumb/v7e-m+fp/hard\libcr_nohost_nf.a(_cr_assert.o)
 .debug_abbrev  0x00002c28       0xb5 c:/nxp/mcuxpressoide_11.9.0_2144/ide/plugins/com.nxp.mcuxpresso.tools.win32_11.9.0.202307121226/tools/bin/../lib/gcc/arm-none-eabi/12.3.1/../../../../arm-none-eabi/lib/thumb/v7e-m+fp/hard\libcr_nohost_nf.a(__ciob.o)
 .debug_abbrev  0x00002cdd       0x2e c:/nxp/mcuxpressoide_11.9.0_2144/ide/plugins/com.nxp.mcuxpresso.tools.win32_11.9.0.202307121226/tools/bin/../lib/gcc/arm-none-eabi/12.3.1/../../../../arm-none-eabi/lib/thumb/v7e-m+fp/hard\libcr_nohost_nf.a(__sys_appexit.o)
 .debug_abbrev  0x00002d0b       0xa8 c:/nxp/mcuxpressoide_11.9.0_2144/ide/plugins/com.nxp.mcuxpresso.tools.win32_11.9.0.202307121226/tools/bin/../lib/gcc/arm-none-eabi/12.3.1/../../../../arm-none-eabi/lib/thumb/v7e-m+fp/hard\libcr_c.a(memset.o)
 .debug_abbrev  0x00002db3      0x152 c:/nxp/mcuxpressoide_11.9.0_2144/ide/plugins/com.nxp.mcuxpresso.tools.win32_11.9.0.202307121226/tools/bin/../lib/gcc/arm-none-eabi/12.3.1/../../../../arm-none-eabi/lib/thumb/v7e-m+fp/hard\libcr_c.a(_deferredlazyseek.o)
 .debug_abbrev  0x00002f05       0xf1 c:/nxp/mcuxpressoide_11.9.0_2144/ide/plugins/com.nxp.mcuxpresso.tools.win32_11.9.0.202307121226/tools/bin/../lib/gcc/arm-none-eabi/12.3.1/../../../../arm-none-eabi/lib/thumb/v7e-m+fp/hard\libcr_c.a(_fflush.o)
 .debug_abbrev  0x00002ff6      0x126 c:/nxp/mcuxpressoide_11.9.0_2144/ide/plugins/com.nxp.mcuxpresso.tools.win32_11.9.0.202307121226/tools/bin/../lib/gcc/arm-none-eabi/12.3.1/../../../../arm-none-eabi/lib/thumb/v7e-m+fp/hard\libcr_c.a(_writebuf.o)
 .debug_abbrev  0x0000311c      0x284 c:/nxp/mcuxpressoide_11.9.0_2144/ide/plugins/com.nxp.mcuxpresso.tools.win32_11.9.0.202307121226/tools/bin/../lib/gcc/arm-none-eabi/12.3.1/../../../../arm-none-eabi/lib/thumb/v7e-m+fp/hard\libcr_c.a(alloc.o)
 .debug_abbrev  0x000033a0       0x44 c:/nxp/mcuxpressoide_11.9.0_2144/ide/plugins/com.nxp.mcuxpresso.tools.win32_11.9.0.202307121226/tools/bin/../lib/gcc/arm-none-eabi/12.3.1/../../../../arm-none-eabi/lib/thumb/v7e-m+fp/hard\libcr_c.a(errno.o)
 .debug_abbrev  0x000033e4      0x10c c:/nxp/mcuxpressoide_11.9.0_2144/ide/plugins/com.nxp.mcuxpresso.tools.win32_11.9.0.202307121226/tools/bin/../lib/gcc/arm-none-eabi/12.3.1/../../../../arm-none-eabi/lib/thumb/v7e-m+fp/hard\libcr_c.a(fputs.o)
 .debug_abbrev  0x000034f0      0x11b c:/nxp/mcuxpressoide_11.9.0_2144/ide/plugins/com.nxp.mcuxpresso.tools.win32_11.9.0.202307121226/tools/bin/../lib/gcc/arm-none-eabi/12.3.1/../../../../arm-none-eabi/lib/thumb/v7e-m+fp/hard\libcr_c.a(fseek.o)
 .debug_abbrev  0x0000360b       0xc2 c:/nxp/mcuxpressoide_11.9.0_2144/ide/plugins/com.nxp.mcuxpresso.tools.win32_11.9.0.202307121226/tools/bin/../lib/gcc/arm-none-eabi/12.3.1/../../../../arm-none-eabi/lib/thumb/v7e-m+fp/hard\libcr_c.a(ftell.o)
 .debug_abbrev  0x000036cd      0x169 c:/nxp/mcuxpressoide_11.9.0_2144/ide/plugins/com.nxp.mcuxpresso.tools.win32_11.9.0.202307121226/tools/bin/../lib/gcc/arm-none-eabi/12.3.1/../../../../arm-none-eabi/lib/thumb/v7e-m+fp/hard\libcr_c.a(initio.o)
 .debug_abbrev  0x00003836       0xe1 c:/nxp/mcuxpressoide_11.9.0_2144/ide/plugins/com.nxp.mcuxpresso.tools.win32_11.9.0.202307121226/tools/bin/../lib/gcc/arm-none-eabi/12.3.1/../../../../arm-none-eabi/lib/thumb/v7e-m+fp/hard\libcr_c.a(setvbuf.o)
 .debug_abbrev  0x00003917       0xa7 c:/nxp/mcuxpressoide_11.9.0_2144/ide/plugins/com.nxp.mcuxpresso.tools.win32_11.9.0.202307121226/tools/bin/../lib/gcc/arm-none-eabi/12.3.1/../../../../arm-none-eabi/lib/thumb/v7e-m+fp/hard\libcr_c.a(strlen.o)
 .debug_abbrev  0x000039be       0xaf c:/nxp/mcuxpressoide_11.9.0_2144/ide/plugins/com.nxp.mcuxpresso.tools.win32_11.9.0.202307121226/tools/bin/../lib/gcc/arm-none-eabi/12.3.1/../../../../arm-none-eabi/lib/thumb/v7e-m+fp/hard\libcr_c.a(__init_alloc.o)
 .debug_abbrev  0x00003a6d       0xd3 c:/nxp/mcuxpressoide_11.9.0_2144/ide/plugins/com.nxp.mcuxpresso.tools.win32_11.9.0.202307121226/tools/bin/../lib/gcc/arm-none-eabi/12.3.1/../../../../arm-none-eabi/lib/thumb/v7e-m+fp/hard\libcr_c.a(_cr_sbrk.o)
 .debug_abbrev  0x00003b40      0x119 c:/nxp/mcuxpressoide_11.9.0_2144/ide/plugins/com.nxp.mcuxpresso.tools.win32_11.9.0.202307121226/tools/bin/../lib/gcc/arm-none-eabi/12.3.1/../../../../arm-none-eabi/lib/thumb/v7e-m+fp/hard\libcr_c.a(_fdopen.o)
 .debug_abbrev  0x00003c59      0x155 c:/nxp/mcuxpressoide_11.9.0_2144/ide/plugins/com.nxp.mcuxpresso.tools.win32_11.9.0.202307121226/tools/bin/../lib/gcc/arm-none-eabi/12.3.1/../../../../arm-none-eabi/lib/thumb/v7e-m+fp/hard\libcr_c.a(fclose.o)
 .debug_abbrev  0x00003dae      0x125 c:/nxp/mcuxpressoide_11.9.0_2144/ide/plugins/com.nxp.mcuxpresso.tools.win32_11.9.0.202307121226/tools/bin/../lib/gcc/arm-none-eabi/12.3.1/../../../../arm-none-eabi/lib/thumb/v7e-m+fp/hard\libcr_c.a(fflush.o)
 .debug_abbrev  0x00003ed3       0xfb c:/nxp/mcuxpressoide_11.9.0_2144/ide/plugins/com.nxp.mcuxpresso.tools.win32_11.9.0.202307121226/tools/bin/../lib/gcc/arm-none-eabi/12.3.1/../../../../arm-none-eabi/lib/thumb/v7e-m+fp/hard\libcr_c.a(remove.o)
 .debug_abbrev  0x00003fce       0x6b c:/nxp/mcuxpressoide_11.9.0_2144/ide/plugins/com.nxp.mcuxpresso.tools.win32_11.9.0.202307121226/tools/bin/../lib/gcc/arm-none-eabi/12.3.1/../../../../arm-none-eabi/lib/thumb/v7e-m+fp/hard\libcr_c.a(_cr_check_heap.o)
 .debug_abbrev  0x00004039      0x12c c:/nxp/mcuxpressoide_11.9.0_2144/ide/plugins/com.nxp.mcuxpresso.tools.win32_11.9.0.202307121226/tools/bin/../lib/gcc/arm-none-eabi/12.3.1/../../../../arm-none-eabi/lib/thumb/v7e-m+fp/hard\libcr_c.a(_do_fflush.o)
 .debug_abbrev  0x00004165       0x51 c:/nxp/mcuxpressoide_11.9.0_2144/ide/plugins/com.nxp.mcuxpresso.tools.win32_11.9.0.202307121226/tools/bin/../lib/gcc/arm-none-eabi/12.3.1/../../../../arm-none-eabi/lib/thumb/v7e-m+fp/hard\libcr_nohost_nf.a(__sys_close.o)
 .debug_abbrev  0x000041b6       0x51 c:/nxp/mcuxpressoide_11.9.0_2144/ide/plugins/com.nxp.mcuxpresso.tools.win32_11.9.0.202307121226/tools/bin/../lib/gcc/arm-none-eabi/12.3.1/../../../../arm-none-eabi/lib/thumb/v7e-m+fp/hard\libcr_nohost_nf.a(__sys_flen.o)
 .debug_abbrev  0x00004207       0x51 c:/nxp/mcuxpressoide_11.9.0_2144/ide/plugins/com.nxp.mcuxpresso.tools.win32_11.9.0.202307121226/tools/bin/../lib/gcc/arm-none-eabi/12.3.1/../../../../arm-none-eabi/lib/thumb/v7e-m+fp/hard\libcr_nohost_nf.a(__sys_istty.o)
 .debug_abbrev  0x00004258       0x7d c:/nxp/mcuxpressoide_11.9.0_2144/ide/plugins/com.nxp.mcuxpresso.tools.win32_11.9.0.202307121226/tools/bin/../lib/gcc/arm-none-eabi/12.3.1/../../../../arm-none-eabi/lib/thumb/v7e-m+fp/hard\libcr_nohost_nf.a(__sys_remove.o)
 .debug_abbrev  0x000042d5       0x62 c:/nxp/mcuxpressoide_11.9.0_2144/ide/plugins/com.nxp.mcuxpresso.tools.win32_11.9.0.202307121226/tools/bin/../lib/gcc/arm-none-eabi/12.3.1/../../../../arm-none-eabi/lib/thumb/v7e-m+fp/hard\libcr_nohost_nf.a(__sys_seek.o)
 .debug_abbrev  0x00004337       0x76 c:/nxp/mcuxpressoide_11.9.0_2144/ide/plugins/com.nxp.mcuxpresso.tools.win32_11.9.0.202307121226/tools/bin/../lib/gcc/arm-none-eabi/12.3.1/../../../../arm-none-eabi/lib/thumb/v7e-m+fp/hard\libcr_nohost_nf.a(__sys_tmpnam.o)
 .debug_abbrev  0x000043ad       0x76 c:/nxp/mcuxpressoide_11.9.0_2144/ide/plugins/com.nxp.mcuxpresso.tools.win32_11.9.0.202307121226/tools/bin/../lib/gcc/arm-none-eabi/12.3.1/../../../../arm-none-eabi/lib/thumb/v7e-m+fp/hard\libcr_nohost_nf.a(__sys_write.o)

.debug_loc      0x00000000     0x1751
 .debug_loc     0x00000000      0x1e7 ./startup/startup_mk64f12.o
 .debug_loc     0x000001e7       0x3f c:/nxp/mcuxpressoide_11.9.0_2144/ide/plugins/com.nxp.mcuxpresso.tools.win32_11.9.0.202307121226/tools/bin/../lib/gcc/arm-none-eabi/12.3.1/../../../../arm-none-eabi/lib/thumb/v7e-m+fp/hard\libcr_nohost_nf.a(_cr_assert.o)
 .debug_loc     0x00000226       0x6f c:/nxp/mcuxpressoide_11.9.0_2144/ide/plugins/com.nxp.mcuxpresso.tools.win32_11.9.0.202307121226/tools/bin/../lib/gcc/arm-none-eabi/12.3.1/../../../../arm-none-eabi/lib/thumb/v7e-m+fp/hard\libcr_c.a(memset.o)
 .debug_loc     0x00000295      0x1aa c:/nxp/mcuxpressoide_11.9.0_2144/ide/plugins/com.nxp.mcuxpresso.tools.win32_11.9.0.202307121226/tools/bin/../lib/gcc/arm-none-eabi/12.3.1/../../../../arm-none-eabi/lib/thumb/v7e-m+fp/hard\libcr_c.a(_deferredlazyseek.o)
 .debug_loc     0x0000043f       0xfa c:/nxp/mcuxpressoide_11.9.0_2144/ide/plugins/com.nxp.mcuxpresso.tools.win32_11.9.0.202307121226/tools/bin/../lib/gcc/arm-none-eabi/12.3.1/../../../../arm-none-eabi/lib/thumb/v7e-m+fp/hard\libcr_c.a(_fflush.o)
 .debug_loc     0x00000539      0x113 c:/nxp/mcuxpressoide_11.9.0_2144/ide/plugins/com.nxp.mcuxpresso.tools.win32_11.9.0.202307121226/tools/bin/../lib/gcc/arm-none-eabi/12.3.1/../../../../arm-none-eabi/lib/thumb/v7e-m+fp/hard\libcr_c.a(_writebuf.o)
 .debug_loc     0x0000064c      0x7b2 c:/nxp/mcuxpressoide_11.9.0_2144/ide/plugins/com.nxp.mcuxpresso.tools.win32_11.9.0.202307121226/tools/bin/../lib/gcc/arm-none-eabi/12.3.1/../../../../arm-none-eabi/lib/thumb/v7e-m+fp/hard\libcr_c.a(alloc.o)
 .debug_loc     0x00000dfe       0x75 c:/nxp/mcuxpressoide_11.9.0_2144/ide/plugins/com.nxp.mcuxpresso.tools.win32_11.9.0.202307121226/tools/bin/../lib/gcc/arm-none-eabi/12.3.1/../../../../arm-none-eabi/lib/thumb/v7e-m+fp/hard\libcr_c.a(fputs.o)
 .debug_loc     0x00000e73       0xfb c:/nxp/mcuxpressoide_11.9.0_2144/ide/plugins/com.nxp.mcuxpresso.tools.win32_11.9.0.202307121226/tools/bin/../lib/gcc/arm-none-eabi/12.3.1/../../../../arm-none-eabi/lib/thumb/v7e-m+fp/hard\libcr_c.a(fseek.o)
 .debug_loc     0x00000f6e       0x99 c:/nxp/mcuxpressoide_11.9.0_2144/ide/plugins/com.nxp.mcuxpresso.tools.win32_11.9.0.202307121226/tools/bin/../lib/gcc/arm-none-eabi/12.3.1/../../../../arm-none-eabi/lib/thumb/v7e-m+fp/hard\libcr_c.a(ftell.o)
 .debug_loc     0x00001007       0x68 c:/nxp/mcuxpressoide_11.9.0_2144/ide/plugins/com.nxp.mcuxpresso.tools.win32_11.9.0.202307121226/tools/bin/../lib/gcc/arm-none-eabi/12.3.1/../../../../arm-none-eabi/lib/thumb/v7e-m+fp/hard\libcr_c.a(initio.o)
 .debug_loc     0x0000106f       0xf6 c:/nxp/mcuxpressoide_11.9.0_2144/ide/plugins/com.nxp.mcuxpresso.tools.win32_11.9.0.202307121226/tools/bin/../lib/gcc/arm-none-eabi/12.3.1/../../../../arm-none-eabi/lib/thumb/v7e-m+fp/hard\libcr_c.a(setvbuf.o)
 .debug_loc     0x00001165       0xdb c:/nxp/mcuxpressoide_11.9.0_2144/ide/plugins/com.nxp.mcuxpresso.tools.win32_11.9.0.202307121226/tools/bin/../lib/gcc/arm-none-eabi/12.3.1/../../../../arm-none-eabi/lib/thumb/v7e-m+fp/hard\libcr_c.a(strlen.o)
 .debug_loc     0x00001240       0x5c c:/nxp/mcuxpressoide_11.9.0_2144/ide/plugins/com.nxp.mcuxpresso.tools.win32_11.9.0.202307121226/tools/bin/../lib/gcc/arm-none-eabi/12.3.1/../../../../arm-none-eabi/lib/thumb/v7e-m+fp/hard\libcr_c.a(_cr_sbrk.o)
 .debug_loc     0x0000129c      0x121 c:/nxp/mcuxpressoide_11.9.0_2144/ide/plugins/com.nxp.mcuxpresso.tools.win32_11.9.0.202307121226/tools/bin/../lib/gcc/arm-none-eabi/12.3.1/../../../../arm-none-eabi/lib/thumb/v7e-m+fp/hard\libcr_c.a(_fdopen.o)
 .debug_loc     0x000013bd       0x73 c:/nxp/mcuxpressoide_11.9.0_2144/ide/plugins/com.nxp.mcuxpresso.tools.win32_11.9.0.202307121226/tools/bin/../lib/gcc/arm-none-eabi/12.3.1/../../../../arm-none-eabi/lib/thumb/v7e-m+fp/hard\libcr_c.a(fclose.o)
 .debug_loc     0x00001430       0xa2 c:/nxp/mcuxpressoide_11.9.0_2144/ide/plugins/com.nxp.mcuxpresso.tools.win32_11.9.0.202307121226/tools/bin/../lib/gcc/arm-none-eabi/12.3.1/../../../../arm-none-eabi/lib/thumb/v7e-m+fp/hard\libcr_c.a(fflush.o)
 .debug_loc     0x000014d2       0xc7 c:/nxp/mcuxpressoide_11.9.0_2144/ide/plugins/com.nxp.mcuxpresso.tools.win32_11.9.0.202307121226/tools/bin/../lib/gcc/arm-none-eabi/12.3.1/../../../../arm-none-eabi/lib/thumb/v7e-m+fp/hard\libcr_c.a(remove.o)
 .debug_loc     0x00001599       0x42 c:/nxp/mcuxpressoide_11.9.0_2144/ide/plugins/com.nxp.mcuxpresso.tools.win32_11.9.0.202307121226/tools/bin/../lib/gcc/arm-none-eabi/12.3.1/../../../../arm-none-eabi/lib/thumb/v7e-m+fp/hard\libcr_c.a(_cr_check_heap.o)
 .debug_loc     0x000015db       0x73 c:/nxp/mcuxpressoide_11.9.0_2144/ide/plugins/com.nxp.mcuxpresso.tools.win32_11.9.0.202307121226/tools/bin/../lib/gcc/arm-none-eabi/12.3.1/../../../../arm-none-eabi/lib/thumb/v7e-m+fp/hard\libcr_c.a(_do_fflush.o)
 .debug_loc     0x0000164e       0x25 c:/nxp/mcuxpressoide_11.9.0_2144/ide/plugins/com.nxp.mcuxpresso.tools.win32_11.9.0.202307121226/tools/bin/../lib/gcc/arm-none-eabi/12.3.1/../../../../arm-none-eabi/lib/thumb/v7e-m+fp/hard\libcr_nohost_nf.a(__sys_close.o)
 .debug_loc     0x00001673       0x25 c:/nxp/mcuxpressoide_11.9.0_2144/ide/plugins/com.nxp.mcuxpresso.tools.win32_11.9.0.202307121226/tools/bin/../lib/gcc/arm-none-eabi/12.3.1/../../../../arm-none-eabi/lib/thumb/v7e-m+fp/hard\libcr_nohost_nf.a(__sys_flen.o)
 .debug_loc     0x00001698       0x25 c:/nxp/mcuxpressoide_11.9.0_2144/ide/plugins/com.nxp.mcuxpresso.tools.win32_11.9.0.202307121226/tools/bin/../lib/gcc/arm-none-eabi/12.3.1/../../../../arm-none-eabi/lib/thumb/v7e-m+fp/hard\libcr_nohost_nf.a(__sys_istty.o)
 .debug_loc     0x000016bd       0x25 c:/nxp/mcuxpressoide_11.9.0_2144/ide/plugins/com.nxp.mcuxpresso.tools.win32_11.9.0.202307121226/tools/bin/../lib/gcc/arm-none-eabi/12.3.1/../../../../arm-none-eabi/lib/thumb/v7e-m+fp/hard\libcr_nohost_nf.a(__sys_remove.o)
 .debug_loc     0x000016e2       0x25 c:/nxp/mcuxpressoide_11.9.0_2144/ide/plugins/com.nxp.mcuxpresso.tools.win32_11.9.0.202307121226/tools/bin/../lib/gcc/arm-none-eabi/12.3.1/../../../../arm-none-eabi/lib/thumb/v7e-m+fp/hard\libcr_nohost_nf.a(__sys_seek.o)
 .debug_loc     0x00001707       0x25 c:/nxp/mcuxpressoide_11.9.0_2144/ide/plugins/com.nxp.mcuxpresso.tools.win32_11.9.0.202307121226/tools/bin/../lib/gcc/arm-none-eabi/12.3.1/../../../../arm-none-eabi/lib/thumb/v7e-m+fp/hard\libcr_nohost_nf.a(__sys_tmpnam.o)
 .debug_loc     0x0000172c       0x25 c:/nxp/mcuxpressoide_11.9.0_2144/ide/plugins/com.nxp.mcuxpresso.tools.win32_11.9.0.202307121226/tools/bin/../lib/gcc/arm-none-eabi/12.3.1/../../../../arm-none-eabi/lib/thumb/v7e-m+fp/hard\libcr_nohost_nf.a(__sys_write.o)

.debug_aranges  0x00000000     0x11c0
 .debug_aranges
                0x00000000      0x330 ./startup/startup_mk64f12.o
 .debug_aranges
                0x00000330       0x70 ./source/FUNCTION_GENERATOR.o
 .debug_aranges
                0x000003a0       0x40 ./source/GENERADOR_ADC.o
 .debug_aranges
                0x000003e0       0x30 ./source/GENERADOR_DAC.o
 .debug_aranges