Archive member included to satisfy reference by file (symbol)

c:/nxp/mcuxpressoide_11.9.0_2144/ide/plugins/com.nxp.mcuxpresso.tools.win32_11.9.0.202307121226/tools/bin/../lib/gcc/arm-none-eabi/12.3.1/../../../../arm-none-eabi/lib/thumb/v7e-m+fp/hard\libcr_nohost_nf.a(_cr__main.o)
                              ./startup/startup_mk64f12.o (__main)
c:/nxp/mcuxpressoide_11.9.0_2144/ide/plugins/com.nxp.mcuxpresso.tools.win32_11.9.0.202307121226/tools/bin/../lib/gcc/arm-none-eabi/12.3.1/../../../../arm-none-eabi/lib/thumb/v7e-m+fp/hard\libcr_nohost_nf.a(_cr_assert.o)
                              ./source/GENERADOR_ADC.o (__assertion_failed)
c:/nxp/mcuxpressoide_11.9.0_2144/ide/plugins/com.nxp.mcuxpresso.tools.win32_11.9.0.202307121226/tools/bin/../lib/gcc/arm-none-eabi/12.3.1/../../../../arm-none-eabi/lib/thumb/v7e-m+fp/hard\libcr_nohost_nf.a(__ciob.o)
                              c:/nxp/mcuxpressoide_11.9.0_2144/ide/plugins/com.nxp.mcuxpresso.tools.win32_11.9.0.202307121226/tools/bin/../lib/gcc/arm-none-eabi/12.3.1/../../../../arm-none-eabi/lib/thumb/v7e-m+fp/hard\libcr_nohost_nf.a(_cr_assert.o) (__Ciob)
c:/nxp/mcuxpressoide_11.9.0_2144/ide/plugins/com.nxp.mcuxpresso.tools.win32_11.9.0.202307121226/tools/bin/../lib/gcc/arm-none-eabi/12.3.1/../../../../arm-none-eabi/lib/thumb/v7e-m+fp/hard\libcr_nohost_nf.a(__sys_appexit.o)
                              c:/nxp/mcuxpressoide_11.9.0_2144/ide/plugins/com.nxp.mcuxpresso.tools.win32_11.9.0.202307121226/tools/bin/../lib/gcc/arm-none-eabi/12.3.1/../../../../arm-none-eabi/lib/thumb/v7e-m+fp/hard\libcr_nohost_nf.a(_cr_assert.o) (__sys_appexit)
c:/nxp/mcuxpressoide_11.9.0_2144/ide/plugins/com.nxp.mcuxpresso.tools.win32_11.9.0.202307121226/tools/bin/../lib/gcc/arm-none-eabi/12.3.1/../../../../arm-none-eabi/lib/thumb/v7e-m+fp/hard\libcr_c.a(memcpy.o)
                              ./utilities/fsl_str.o (memcpy)
c:/nxp/mcuxpressoide_11.9.0_2144/ide/plugins/com.nxp.mcuxpresso.tools.win32_11.9.0.202307121226/tools/bin/../lib/gcc/arm-none-eabi/12.3.1/../../../../arm-none-eabi/lib/thumb/v7e-m+fp/hard\libcr_c.a(memset.o)
                              ./utilities/fsl_debug_console.o (memset)
c:/nxp/mcuxpressoide_11.9.0_2144/ide/plugins/com.nxp.mcuxpresso.tools.win32_11.9.0.202307121226/tools/bin/../lib/gcc/arm-none-eabi/12.3.1/../../../../arm-none-eabi/lib/thumb/v7e-m+fp/hard\libcr_c.a(_deferredlazyseek.o)
                              c:/nxp/mcuxpressoide_11.9.0_2144/ide/plugins/com.nxp.mcuxpresso.tools.win32_11.9.0.202307121226/tools/bin/../lib/gcc/arm-none-eabi/12.3.1/../../../../arm-none-eabi/lib/thumb/v7e-m+fp/hard\libcr_nohost_nf.a(_cr_assert.o) (__flsbuf)
c:/nxp/mcuxpressoide_11.9.0_2144/ide/plugins/com.nxp.mcuxpresso.tools.win32_11.9.0.202307121226/tools/bin/../lib/gcc/arm-none-eabi/12.3.1/../../../../arm-none-eabi/lib/thumb/v7e-m+fp/hard\libcr_c.a(_fflush.o)
                              c:/nxp/mcuxpressoide_11.9.0_2144/ide/plugins/com.nxp.mcuxpresso.tools.win32_11.9.0.202307121226/tools/bin/../lib/gcc/arm-none-eabi/12.3.1/../../../../arm-none-eabi/lib/thumb/v7e-m+fp/hard\libcr_c.a(_deferredlazyseek.o) (_fflush)
c:/nxp/mcuxpressoide_11.9.0_2144/ide/plugins/com.nxp.mcuxpresso.tools.win32_11.9.0.202307121226/tools/bin/../lib/gcc/arm-none-eabi/12.3.1/../../../../arm-none-eabi/lib/thumb/v7e-m+fp/hard\libcr_c.a(_writebuf.o)
                              c:/nxp/mcuxpressoide_11.9.0_2144/ide/plugins/com.nxp.mcuxpresso.tools.win32_11.9.0.202307121226/tools/bin/../lib/gcc/arm-none-eabi/12.3.1/../../../../arm-none-eabi/lib/thumb/v7e-m+fp/hard\libcr_c.a(_deferredlazyseek.o) (_Cwritebuf)
c:/nxp/mcuxpressoide_11.9.0_2144/ide/plugins/com.nxp.mcuxpresso.tools.win32_11.9.0.202307121226/tools/bin/../lib/gcc/arm-none-eabi/12.3.1/../../../../arm-none-eabi/lib/thumb/v7e-m+fp/hard\libcr_c.a(alloc.o)
                              ./drivers/fsl_common.o (malloc)
c:/nxp/mcuxpressoide_11.9.0_2144/ide/plugins/com.nxp.mcuxpresso.tools.win32_11.9.0.202307121226/tools/bin/../lib/gcc/arm-none-eabi/12.3.1/../../../../arm-none-eabi/lib/thumb/v7e-m+fp/hard\libcr_c.a(errno.o)
                              ./utilities/fsl_str.o (errno)
c:/nxp/mcuxpressoide_11.9.0_2144/ide/plugins/com.nxp.mcuxpresso.tools.win32_11.9.0.202307121226/tools/bin/../lib/gcc/arm-none-eabi/12.3.1/../../../../arm-none-eabi/lib/thumb/v7e-m+fp/hard\libcr_c.a(fputs.o)
                              c:/nxp/mcuxpressoide_11.9.0_2144/ide/plugins/com.nxp.mcuxpresso.tools.win32_11.9.0.202307121226/tools/bin/../lib/gcc/arm-none-eabi/12.3.1/../../../../arm-none-eabi/lib/thumb/v7e-m+fp/hard\libcr_nohost_nf.a(_cr_assert.o) (fputs)
c:/nxp/mcuxpressoide_11.9.0_2144/ide/plugins/com.nxp.mcuxpresso.tools.win32_11.9.0.202307121226/tools/bin/../lib/gcc/arm-none-eabi/12.3.1/../../../../arm-none-eabi/lib/thumb/v7e-m+fp/hard\libcr_c.a(fseek.o)
[...]
Memory Configuration

Name             Origin             Length             Attributes
PROGRAM_FLASH    0x00000000         0x00100000         xr
SRAM_UPPER       0x20000000         0x00030000         xrw
SRAM_LOWER       0x1fff0000         0x00010000         xrw
FLEX_RAM         0x14000000         0x00001000         xrw
*default*        0x00000000         0xffffffff

Linker script and memory map

LOAD ./utilities/fsl_debug_console.o
LOAD ./utilities/fsl_str.o
LOAD ./startup/startup_mk64f12.o
LOAD ./source/FUNCTION_GENERATOR.o
LOAD ./source/GENERADOR_ADC.o
LOAD ./source/GENERADOR_DAC.o
LOAD ./source/GENERATOR.o
LOAD ./source/NVIC.o
LOAD ./source/PIT.o
LOAD ./source/TERMINAL.o
LOAD ./source/UART_DRIVER.o
LOAD ./source/main.o
LOAD ./source/semihost_hardfault.o
LOAD ./drivers/fsl_adc16.o
LOAD ./drivers/fsl_clock.o
LOAD ./drivers/fsl_common.o
LOAD ./drivers/fsl_common_arm.o
LOAD ./drivers/fsl_dac.o
LOAD ./drivers/fsl_gpio.o
LOAD ./drivers/fsl_i2c.o
LOAD ./drivers/fsl_pit.o
LOAD ./drivers/fsl_smc.o
LOAD ./drivers/fsl_uart.o
LOAD ./device/system_MK64F12.o
LOAD ./component/uart/fsl_adapter_uart.o
LOAD ./component/serial_manager/fsl_component_serial_manager.o
LOAD ./component/serial_manager/fsl_component_serial_port_uart.o
LOAD ./component/lists/fsl_component_generic_list.o
LOAD ./board/board.o
LOAD ./board/clock_config.o
LOAD ./board/peripherals.o
LOAD ./board/pin_mux.o
START GROUP
LOAD c:/nxp/mcuxpressoide_11.9.0_2144/ide/plugins/com.nxp.mcuxpresso.tools.win32_11.9.0.202307121226/tools/bin/../lib/gcc/arm-none-eabi/12.3.1/../../../../arm-none-eabi/lib/thumb/v7e-m+fp/hard\libcr_nohost_nf.a
LOAD c:/nxp/mcuxpressoide_11.9.0_2144/ide/plugins/com.nxp.mcuxpresso.tools.win32_11.9.0.202307121226/tools/bin/../lib/gcc/arm-none-eabi/12.3.1/../../../../arm-none-eabi/lib/thumb/v7e-m+fp/hard\libcr_c.a
LOAD c:/nxp/mcuxpressoide_11.9.0_2144/ide/plugins/com.nxp.mcuxpresso.tools.win32_11.9.0.202307121226/tools/bin/../lib/gcc/arm-none-eabi/12.3.1/thumb/v7e-m+fp/hard\libcr_eabihelpers.a
LOAD c:/nxp/mcuxpressoide_11.9.0_2144/ide/plugins/com.nxp.mcuxpresso.tools.win32_11.9.0.202307121226/tools/bin/../lib/gcc/arm-none-eabi/12.3.1/thumb/v7e-m+fp/hard\libgcc.a
END GROUP
                0x00000000                        __base_PROGRAM_FLASH = 0x0
                0x00000000                        __base_Flash = 0x0
                0x00100000                        __top_PROGRAM_FLASH = 0x100000
                0x00100000                        __top_Flash = 0x100000
                0x20000000                        __base_SRAM_UPPER = 0x20000000
                0x20000000                        __base_RAM = 0x20000000
                0x20030000                        __top_SRAM_UPPER = 0x20030000
                0x20030000                        __top_RAM = 0x20030000
                0x1fff0000                        __base_SRAM_LOWER = 0x1fff0000
                0x1fff0000                        __base_RAM2 = 0x1fff0000
                0x20000000                        __top_SRAM_LOWER = 0x20000000
                0x20000000                        __top_RAM2 = 0x20000000
                0x14000000                        __base_FLEX_RAM = 0x14000000
                0x14000000                        __base_RAM3 = 0x14000000
                0x14001000                        __top_FLEX_RAM = 0x14001000
                0x14001000                        __top_RAM3 = 0x14001000

.text           0x00000000     0x4388
 FILL mask 0xff
                0x00000000                        __vectors_start__ = ABSOLUTE (.)
 *(SORT_BY_ALIGNMENT(.isr_vector))
 .isr_vector    0x00000000      0x198 ./startup/startup_mk64f12.o
                0x00000000                g_pfnVectors
                0x00000000                __Vectors
                0x00000198                        . = ALIGN (0x4)
                0x00000198                        __section_table_start = .
                0x00000198                        __data_section_table = .
                0x00000198        0x4 LONG 0x4388 LOADADDR (.data)
                0x0000019c        0x4 LONG 0x20000000 ADDR (.data)
                0x000001a0        0x4 LONG 0x10 SIZEOF (.data)
                0x000001a4        0x4 LONG 0x4388 LOADADDR (.data_RAM2)
                0x000001a8        0x4 LONG 0x1fff0000 ADDR (.data_RAM2)
                0x000001ac        0x4 LONG 0x0 SIZEOF (.data_RAM2)
                0x000001b0        0x4 LONG 0x4388 LOADADDR (.data_RAM3)
                0x000001b4        0x4 LONG 0x14000000 ADDR (.data_RAM3)
                0x000001b8        0x4 LONG 0x0 SIZEOF (.data_RAM3)
                0x000001bc                        __data_section_table_end = .
                0x000001bc                        __bss_section_table = .
                0x000001bc        0x4 LONG 0x20000010 ADDR (.bss)
                0x000001c0        0x4 LONG 0x128 SIZEOF (.bss)
                0x000001c4        0x4 LONG 0x1fff0000 ADDR (.bss_RAM2)
                0x000001c8        0x4 LONG 0x0 SIZEOF (.bss_RAM2)
                0x000001cc        0x4 LONG 0x14000000 ADDR (.bss_RAM3)
                0x000001d0        0x4 LONG 0x0 SIZEOF (.bss_RAM3)
                0x000001d4                        __bss_section_table_end = .
                0x000001d4                        __section_table_end = .
 *(SORT_BY_ALIGNMENT(.after_vectors*))
 .after_vectors.reset
                0x000001d4       0x4c ./startup/startup_mk64f12.o
                0x000001d4                ResetISR
 .after_vectors.init_data
                0x00000220       0x1e ./startup/startup_mk64f12.o
                0x00000220                data_init
 .after_vectors.init_bss
                0x0000023e       0x12 ./startup/startup_mk64f12.o
                0x0000023e                bss_init
 .after_vectors
                0x00000250       0x14 ./startup/startup_mk64f12.o
                0x00000250                NMI_Handler
                0x00000254                MemManage_Handler
                0x00000256                BusFault_Handler
                0x00000258                UsageFault_Handler
                0x0000025a                SVC_Handler
                0x0000025c                DebugMon_Handler
                0x0000025e                PendSV_Handler
                0x00000260                SysTick_Handler
                0x00000262                DMA_Error_DriverIRQHandler
                0x00000262                LPTMR0_DriverIRQHandler
                0x00000262                FTM1_DriverIRQHandler
                0x00000262                FTM2_DriverIRQHandler
                0x00000262                PIT2_DriverIRQHandler
                0x00000262                SDHC_DriverIRQHandler
                0x00000262                I2S0_Tx_DriverIRQHandler
                0x00000262                RTC_Seconds_DriverIRQHandler
                0x00000262                DMA6_DriverIRQHandler
                0x00000262                LLWU_DriverIRQHandler
                0x00000262                MCM_DriverIRQHandler
                0x00000262                MCG_DriverIRQHandler
                0x00000262                ENET_1588_Timer_DriverIRQHandler
                0x00000262                DAC1_DriverIRQHandler
                0x00000262                SPI1_DriverIRQHandler
                0x00000262                CMP1_DriverIRQHandler
                0x00000262                FTM0_DriverIRQHandler
                0x00000262                IntDefaultHandler
                0x00000262                USB0_DriverIRQHandler
                0x00000262                UART5_ERR_DriverIRQHandler
                0x00000262                PORTC_DriverIRQHandler
                0x00000262                DMA11_DriverIRQHandler
                0x00000262                DAC0_DriverIRQHandler
                0x00000262                DMA10_DriverIRQHandler
                0x00000262                CMP2_DriverIRQHandler
                0x00000262                UART2_ERR_DriverIRQHandler
                0x00000262                SPI2_DriverIRQHandler
                0x00000262                LVD_LVW_DriverIRQHandler
                0x00000262                PIT0_DriverIRQHandler
                0x00000262                DMA12_DriverIRQHandler
                0x00000262                DMA5_DriverIRQHandler
                0x00000262                DMA4_DriverIRQHandler
                0x00000262                USBDCD_DriverIRQHandler
                0x00000262                UART3_ERR_DriverIRQHandler
                0x00000262                DMA3_DriverIRQHandler
                0x00000262                DMA8_DriverIRQHandler
                0x00000262                DMA9_DriverIRQHandler
                0x00000262                UART0_ERR_DriverIRQHandler
                0x00000262                CMT_DriverIRQHandler
                0x00000262                Reserved71_DriverIRQHandler
                0x00000262                ADC1_DriverIRQHandler
                0x00000262                PORTA_DriverIRQHandler
                0x00000262                DMA14_DriverIRQHandler
                0x00000262                PIT3_DriverIRQHandler
                0x00000262                PIT1_DriverIRQHandler
                0x00000262                WDOG_EWM_DriverIRQHandler
                0x00000262                PDB0_DriverIRQHandler
                0x00000262                RTC_DriverIRQHandler
                0x00000262                I2S0_Rx_DriverIRQHandler
                0x00000262                Read_Collision_DriverIRQHandler
                0x00000262                SWI_DriverIRQHandler
                0x00000262                UART4_ERR_DriverIRQHandler
                0x00000262                PORTB_DriverIRQHandler
                0x00000262                UART0_LON_DriverIRQHandler
                0x00000262                DMA0_DriverIRQHandler
                0x00000262                DMA1_DriverIRQHandler
                0x00000262                ENET_Receive_DriverIRQHandler
                0x00000262                DMA13_DriverIRQHandler
                0x00000262                ENET_Error_DriverIRQHandler
                0x00000262                DMA15_DriverIRQHandler
                0x00000262                SPI0_DriverIRQHandler
                0x00000262                ADC0_DriverIRQHandler
                0x00000262                CMP0_DriverIRQHandler
                0x00000262                CAN0_DriverIRQHandler
                0x00000262                FTM3_DriverIRQHandler
                0x00000262                RNG_DriverIRQHandler
                0x00000262                UART1_ERR_DriverIRQHandler
                0x00000262                DMA2_DriverIRQHandler
                0x00000262                ENET_Transmit_DriverIRQHandler
                0x00000262                PORTD_DriverIRQHandler
                0x00000262                PORTE_DriverIRQHandler
                0x00000262                FTFE_DriverIRQHandler
                0x00000262                DMA7_DriverIRQHandler
                0x00000400                        . = 0x400
 *fill*         0x00000264      0x19c ff
                0x00000400                        PROVIDE (__FLASH_CONFIG_START__ = .)
 *(SORT_BY_ALIGNMENT(.FlashConfig))
 .FlashConfig   0x00000400       0x10 ./startup/startup_mk64f12.o
                0x00000400                Flash_Config
                0x00000410                        PROVIDE (__FLASH_CONFIG_END__ = .)
                0x00000001                        ASSERT (! ((__FLASH_CONFIG_START__ == __FLASH_CONFIG_END__)), Linker Flash Config Support Enabled, but no .FlashConfig section provided within application)
 *(SORT_BY_ALIGNMENT(.text*))
 .text.generator_init
                0x00000410       0x2c ./source/FUNCTION_GENERATOR.o
                0x00000410                generator_init
 .text.run_signal
                0x0000043c       0x3c ./source/FUNCTION_GENERATOR.o
                0x0000043c                run_signal
 .text.next_sample
                0x00000478       0x28 ./source/FUNCTION_GENERATOR.o
                0x00000478                next_sample
 .text.function_start
                0x000004a0       0x14 ./source/FUNCTION_GENERATOR.o
                0x000004a0                function_start
 .text.set_config_amplitude
                0x000004b4       0x18 ./source/FUNCTION_GENERATOR.o
                0x000004b4                set_config_amplitude
 .text.set_signal
                0x000004cc       0x20 ./source/FUNCTION_GENERATOR.o
                0x000004cc                set_signal
 .text.set_config_period
                0x000004ec       0x30 ./source/FUNCTION_GENERATOR.o
                0x000004ec                set_config_period
 .text.sin_function
                0x0000051c       0x38 ./source/FUNCTION_GENERATOR.o
                0x0000051c                sin_function
 .text.triangle_function
                0x00000554       0x38 ./source/FUNCTION_GENERATOR.o
                0x00000554                triangle_function
 .text.square_function
                0x0000058c       0x40 ./source/FUNCTION_GENERATOR.o
                0x0000058c                square_function
 .text.ADC16_GetChannelConversionValue
                0x000005cc       0x2c ./source/GENERADOR_ADC.o
 .text.ADC_init
                0x000005f8       0x3c ./source/GENERADOR_ADC.o
                0x000005f8                ADC_init
 .text.read_ADC
                0x00000634       0x40 ./source/GENERADOR_ADC.o
                0x00000634                read_ADC
 .text.get_amp  0x00000674       0x18 ./source/GENERADOR_ADC.o
                0x00000674                get_amp
 .text.DAC_init
                0x0000068c       0x34 ./source/GENERADOR_DAC.o
                0x0000068c                DAC_init
 .text.analog_Write_DAC
                0x000006c0       0x24 ./source/GENERADOR_DAC.o
                0x000006c0                analog_Write_DAC
 .text.__NVIC_EnableIRQ
                0x000006e4       0x3c ./source/NVIC.o
 .text.__NVIC_SetPriority
                0x00000720       0x54 ./source/NVIC.o
 .text.PIT_GetDefaultConfig
                0x00000774       0x28 ./source/PIT.o
 .text.PIT_SetTimerPeriod
                0x0000079c       0x38 ./source/PIT.o
 .text.PIT0_IRQHandler
                0x000007d4       0x30 ./source/PIT.o
                0x000007d4                PIT0_IRQHandler
 .text.PIT_clear_irq_status
                0x00000804       0x20 ./source/PIT.o
                0x00000804                PIT_clear_irq_status
 .text.PIT_get_irq_status
                0x00000824       0x20 ./source/PIT.o
                0x00000824                PIT_get_irq_status
 .text.PIT_init
                0x00000844       0xd4 ./source/PIT.o
                0x00000844                PIT_init
 .text.set_period
                0x00000918       0x60 ./source/PIT.o
                0x00000918                set_period
 .text.terminal_print_text
                0x00000978       0x24 ./source/TERMINAL.o
                0x00000978                terminal_print_text
 .text.menu_terminal
                0x0000099c      0x1b0 ./source/TERMINAL.o
                0x0000099c                menu_terminal
 .text.show_menu
                0x00000b4c       0xac ./source/TERMINAL.o
                0x00000b4c                show_menu
 .text.show_set_freq
                0x00000bf8      0x150 ./source/TERMINAL.o
                0x00000bf8                show_set_freq
 .text.show_set_signal
                0x00000d48      0x11c ./source/TERMINAL.o
                0x00000d48                show_set_signal
 .text.selection_msg
                0x00000e64       0x70 ./source/TERMINAL.o
                0x00000e64                selection_msg
 .text.UART0_init
                0x00000ed4       0x60 ./source/UART_DRIVER.o
                0x00000ed4                UART0_init
 .text.UART0_RX_TX_IRQHandler
                0x00000f34       0x3c ./source/UART_DRIVER.o
                0x00000f34                UART0_RX_TX_IRQHandler
 .text.UART0_enable_interrupts
                0x00000f70       0x18 ./source/UART_DRIVER.o
                0x00000f70                UART0_enable_interrupts
 .text.get_mail
                0x00000f88       0x18 ./source/UART_DRIVER.o
                0x00000f88                get_mail
 .text.get_flag
                0x00000fa0       0x18 ./source/UART_DRIVER.o
                0x00000fa0                get_flag
 .text.clear_flag
                0x00000fb8       0x18 ./source/UART_DRIVER.o
                0x00000fb8                clear_flag
 .text.clear_mail
                0x00000fd0       0x18 ./source/UART_DRIVER.o
                0x00000fd0                clear_mail
 .text.ADC16_GetInstance
                0x00000fe8       0x4c ./drivers/fsl_adc16.o
 .text.ADC16_Init
                0x00001034      0x118 ./drivers/fsl_adc16.o
                0x00001034                ADC16_Init
 .text.ADC16_GetDefaultConfig
                0x0000114c       0x68 ./drivers/fsl_adc16.o
                0x0000114c                ADC16_GetDefaultConfig
 .text.ADC16_SetChannelConfig
                0x000011b4       0x68 ./drivers/fsl_adc16.o
                0x000011b4                ADC16_SetChannelConfig
 .text.ADC16_GetChannelStatusFlags
                0x0000121c       0x40 ./drivers/fsl_adc16.o
                0x0000121c                ADC16_GetChannelStatusFlags
 .text.CLOCK_SetEr32kClock
                0x0000125c       0x30 ./drivers/fsl_clock.o
 .text.CLOCK_SetPllFllSelClock
                0x0000128c       0x38 ./drivers/fsl_clock.o
 .text.CLOCK_GetMcgExtClkFreq
                0x000012c4       0x7c ./drivers/fsl_clock.o
 .text.CLOCK_GetFllExtRefClkFreq
                0x00001340       0xb0 ./drivers/fsl_clock.o
 .text.CLOCK_GetInternalRefClkSelectFreq
                0x000013f0       0x4c ./drivers/fsl_clock.o
 .text.CLOCK_GetFllRefClkFreq
                0x0000143c       0x34 ./drivers/fsl_clock.o
 .text.CLOCK_GetOscRangeFromFreq
                0x00001470       0x3c ./drivers/fsl_clock.o
 .text.CLOCK_GetOsc0ErClkFreq
                0x000014ac       0x44 ./drivers/fsl_clock.o
                0x000014ac                CLOCK_GetOsc0ErClkFreq
 .text.CLOCK_GetEr32kClkFreq
                0x000014f0       0x74 ./drivers/fsl_clock.o
                0x000014f0                CLOCK_GetEr32kClkFreq
 .text.CLOCK_GetPllFllSelClkFreq
                0x00001564       0x54 ./drivers/fsl_clock.o
                0x00001564                CLOCK_GetPllFllSelClkFreq
 .text.CLOCK_GetFreq
                0x000015b8      0x140 ./drivers/fsl_clock.o
                0x000015b8                CLOCK_GetFreq
 .text.CLOCK_SetSimConfig
                0x000016f8       0x34 ./drivers/fsl_clock.o
                0x000016f8                CLOCK_SetSimConfig
 .text.CLOCK_EnableUsbfs0Clock
                0x0000172c      0x108 ./drivers/fsl_clock.o
                0x0000172c                CLOCK_EnableUsbfs0Clock
 .text.CLOCK_GetOutClkFreq
                0x00001834       0x64 ./drivers/fsl_clock.o
                0x00001834                CLOCK_GetOutClkFreq
 .text.CLOCK_GetFllFreq
                0x00001898       0x84 ./drivers/fsl_clock.o
                0x00001898                CLOCK_GetFllFreq
 .text.CLOCK_GetInternalRefClkFreq
                0x0000191c       0x30 ./drivers/fsl_clock.o
                0x0000191c                CLOCK_GetInternalRefClkFreq
 .text.CLOCK_GetPll0Freq
                0x0000194c       0x78 ./drivers/fsl_clock.o
                0x0000194c                CLOCK_GetPll0Freq
 .text.CLOCK_SetExternalRefClkConfig
                0x000019c4       0x6c ./drivers/fsl_clock.o
                0x000019c4                CLOCK_SetExternalRefClkConfig
 .text.CLOCK_SetInternalRefClkConfig
                0x00001a30      0x104 ./drivers/fsl_clock.o
                0x00001a30                CLOCK_SetInternalRefClkConfig
 .text.CLOCK_EnablePll0
                0x00001b34       0x88 ./drivers/fsl_clock.o
                0x00001b34                CLOCK_EnablePll0
 .text.CLOCK_InitOsc0
                0x00001bbc       0x8c ./drivers/fsl_clock.o
                0x00001bbc                CLOCK_InitOsc0
 .text.CLOCK_SetPbeMode
                0x00001c48       0xa8 ./drivers/fsl_clock.o
                0x00001c48                CLOCK_SetPbeMode
 .text.CLOCK_BootToPeeMode
                0x00001cf0       0x64 ./drivers/fsl_clock.o
                0x00001cf0                CLOCK_BootToPeeMode
 .text.DAC_GetInstance
                0x00001d54       0x4c ./drivers/fsl_dac.o
 .text.DAC_Init
                0x00001da0       0x70 ./drivers/fsl_dac.o
                0x00001da0                DAC_Init
 .text.DAC_GetDefaultConfig
                0x00001e10       0x38 ./drivers/fsl_dac.o
                0x00001e10                DAC_GetDefaultConfig
 .text.DAC_SetBufferValue
                0x00001e48       0x50 ./drivers/fsl_dac.o
                0x00001e48                DAC_SetBufferValue
 .text.DAC_SetBufferReadPointer
                0x00001e98       0x48 ./drivers/fsl_dac.o
                0x00001e98                DAC_SetBufferReadPointer
 .text.I2C_TransferCommonIRQHandler
                0x00001ee0       0x58 ./drivers/fsl_i2c.o
 .text.I2C0_DriverIRQHandler
                0x00001f38       0x1c ./drivers/fsl_i2c.o
                0x00001f38                I2C0_DriverIRQHandler
 .text.I2C1_DriverIRQHandler
                0x00001f54       0x1c ./drivers/fsl_i2c.o
                0x00001f54                I2C1_DriverIRQHandler
 .text.I2C2_DriverIRQHandler
                0x00001f70       0x1c ./drivers/fsl_i2c.o
                0x00001f70                I2C2_DriverIRQHandler
 .text.PIT_GetInstance
                0x00001f8c       0x44 ./drivers/fsl_pit.o
 .text.PIT_Init
                0x00001fd0       0x94 ./drivers/fsl_pit.o
                0x00001fd0                PIT_Init
 .text.UART_GetInstance
                0x00002064       0x54 ./drivers/fsl_uart.o
                0x00002064                UART_GetInstance
 .text.UART_Init
                0x000020b8      0x2f4 ./drivers/fsl_uart.o
                0x000020b8                UART_Init
 .text.UART_GetDefaultConfig
                0x000023ac       0x68 ./drivers/fsl_uart.o
                0x000023ac                UART_GetDefaultConfig
 .text.UART_EnableInterrupts
                0x00002414       0x70 ./drivers/fsl_uart.o
                0x00002414                UART_EnableInterrupts
 .text.UART1_DriverIRQHandler
                0x00002484       0x28 ./drivers/fsl_uart.o
                0x00002484                UART1_DriverIRQHandler
 .text.UART2_DriverIRQHandler
                0x000024ac       0x28 ./drivers/fsl_uart.o
                0x000024ac                UART2_DriverIRQHandler
 .text.UART3_DriverIRQHandler
                0x000024d4       0x28 ./drivers/fsl_uart.o
                0x000024d4                UART3_DriverIRQHandler
 .text.UART4_DriverIRQHandler
                0x000024fc       0x28 ./drivers/fsl_uart.o
                0x000024fc                UART4_DriverIRQHandler
 .text.UART5_DriverIRQHandler
                0x00002524       0x28 ./drivers/fsl_uart.o
                0x00002524                UART5_DriverIRQHandler
 .text.SystemInit
                0x0000254c       0x3c ./device/system_MK64F12.o
                0x0000254c                SystemInit
 .text.CLOCK_SetSdhc0Clock
                0x00002588       0x38 ./board/clock_config.o
 .text.CLOCK_SetEnetTime0Clock
                0x000025c0       0x38 ./board/clock_config.o
 .text.CLOCK_SetRmii0Clock
                0x000025f8       0x38 ./board/clock_config.o
 .text.CLOCK_SetTraceClock
                0x00002630       0x38 ./board/clock_config.o
 .text.CLOCK_SetClkOutClock
                0x00002668       0x34 ./board/clock_config.o
 .text.CLOCK_SetSimSafeDivs
                0x0000269c       0x20 ./board/clock_config.o
 .text.CLOCK_SetXtal0Freq
                0x000026bc       0x20 ./board/clock_config.o
 .text.CLOCK_CONFIG_SetFllExtRefDiv
                0x000026dc       0x3c ./board/clock_config.o
 .text.BOARD_BootClockRUN
                0x00002718       0x88 ./board/clock_config.o
                0x00002718                BOARD_BootClockRUN
 .text.PORT_SetPinConfig
                0x000027a0       0x38 ./board/pin_mux.o
 .text.BOARD_InitPins
                0x000027d8       0x30 ./board/pin_mux.o
                0x000027d8                BOARD_InitPins
 .text.BOARD_InitDEBUG_UARTPins
                0x00002808       0x68 ./board/pin_mux.o
                0x00002808                BOARD_InitDEBUG_UARTPins
 .text.__assertion_failed
                0x00002870       0x4c c:/nxp/mcuxpressoide_11.9.0_2144/ide/plugins/com.nxp.mcuxpresso.tools.win32_11.9.0.202307121226/tools/bin/../lib/gcc/arm-none-eabi/12.3.1/../../../../arm-none-eabi/lib/thumb/v7e-m+fp/hard\libcr_nohost_nf.a(_cr_assert.o)
                0x00002870                __assertion_failed
 .text._Cwritebuf
                0x000028bc       0x6c c:/nxp/mcuxpressoide_11.9.0_2144/ide/plugins/com.nxp.mcuxpresso.tools.win32_11.9.0.202307121226/tools/bin/../lib/gcc/arm-none-eabi/12.3.1/../../../../arm-none-eabi/lib/thumb/v7e-m+fp/hard\libcr_c.a(_writebuf.o)
                0x000028bc                _Cwritebuf
 .text.malloc   0x00002928       0xe8 c:/nxp/mcuxpressoide_11.9.0_2144/ide/plugins/com.nxp.mcuxpresso.tools.win32_11.9.0.202307121226/tools/bin/../lib/gcc/arm-none-eabi/12.3.1/../../../../arm-none-eabi/lib/thumb/v7e-m+fp/hard\libcr_c.a(alloc.o)
                0x00002928                malloc
 .text._Csys_alloc
                0x00002a10       0x20 c:/nxp/mcuxpressoide_11.9.0_2144/ide/plugins/com.nxp.mcuxpresso.tools.win32_11.9.0.202307121226/tools/bin/../lib/gcc/arm-none-eabi/12.3.1/../../../../arm-none-eabi/lib/thumb/v7e-m+fp/hard\libcr_c.a(alloc.o)
                0x00002a10                _Csys_alloc
 .text.fseek    0x00002a30       0xf8 c:/nxp/mcuxpressoide_11.9.0_2144/ide/plugins/com.nxp.mcuxpresso.tools.win32_11.9.0.202307121226/tools/bin/../lib/gcc/arm-none-eabi/12.3.1/../../../../arm-none-eabi/lib/thumb/v7e-m+fp/hard\libcr_c.a(fseek.o)
                0x00002a30                fseek
 .text.ftell    0x00002b28       0x44 c:/nxp/mcuxpressoide_11.9.0_2144/ide/plugins/com.nxp.mcuxpresso.tools.win32_11.9.0.202307121226/tools/bin/../lib/gcc/arm-none-eabi/12.3.1/../../../../arm-none-eabi/lib/thumb/v7e-m+fp/hard\libcr_c.a(ftell.o)
                0x00002b28                ftell
 .text._initio  0x00002b6c       0x78 c:/nxp/mcuxpressoide_11.9.0_2144/ide/plugins/com.nxp.mcuxpresso.tools.win32_11.9.0.202307121226/tools/bin/../lib/gcc/arm-none-eabi/12.3.1/../../../../arm-none-eabi/lib/thumb/v7e-m+fp/hard\libcr_c.a(initio.o)
                0x00002b6c                _initio
 .text._sbrk    0x00002be4       0x3c c:/nxp/mcuxpressoide_11.9.0_2144/ide/plugins/com.nxp.mcuxpresso.tools.win32_11.9.0.202307121226/tools/bin/../lib/gcc/arm-none-eabi/12.3.1/../../../../arm-none-eabi/lib/thumb/v7e-m+fp/hard\libcr_c.a(_cr_sbrk.o)
                0x00002be4                _sbrk
 .text.fflush   0x00002c20       0x3c c:/nxp/mcuxpressoide_11.9.0_2144/ide/plugins/com.nxp.mcuxpresso.tools.win32_11.9.0.202307121226/tools/bin/../lib/gcc/arm-none-eabi/12.3.1/../../../../arm-none-eabi/lib/thumb/v7e-m+fp/hard\libcr_c.a(fflush.o)
                0x00002c20                fflush
 .text.__check_heap_overflow
                0x00002c5c       0x18 c:/nxp/mcuxpressoide_11.9.0_2144/ide/plugins/com.nxp.mcuxpresso.tools.win32_11.9.0.202307121226/tools/bin/../lib/gcc/arm-none-eabi/12.3.1/../../../../arm-none-eabi/lib/thumb/v7e-m+fp/hard\libcr_c.a(_cr_check_heap.o)
                0x00002c5c                __check_heap_overflow
 .text.DMA0_IRQHandler
                0x00002c74        0x8 ./startup/startup_mk64f12.o
                0x00002c74                DMA0_IRQHandler
 .text.DMA1_IRQHandler
                0x00002c7c        0x8 ./startup/startup_mk64f12.o
                0x00002c7c                DMA1_IRQHandler
 .text.DMA2_IRQHandler
                0x00002c84        0x8 ./startup/startup_mk64f12.o
                0x00002c84                DMA2_IRQHandler
 .text.DMA3_IRQHandler
                0x00002c8c        0x8 ./startup/startup_mk64f12.o
                0x00002c8c                DMA3_IRQHandler
 .text.DMA4_IRQHandler
                0x00002c94        0x8 ./startup/startup_mk64f12.o
                0x00002c94                DMA4_IRQHandler
 .text.DMA5_IRQHandler
                0x00002c9c        0x8 ./startup/startup_mk64f12.o
                0x00002c9c                DMA5_IRQHandler
 .text.DMA6_IRQHandler
                0x00002ca4        0x8 ./startup/startup_mk64f12.o
                0x00002ca4                DMA6_IRQHandler
 .text.DMA7_IRQHandler
                0x00002cac        0x8 ./startup/startup_mk64f12.o
                0x00002cac                DMA7_IRQHandler
 .text.DMA8_IRQHandler
                0x00002cb4        0x8 ./startup/startup_mk64f12.o
                0x00002cb4                DMA8_IRQHandler
 .text.DMA9_IRQHandler
                0x00002cbc        0x8 ./startup/startup_mk64f12.o
                0x00002cbc                DMA9_IRQHandler
 .text.DMA10_IRQHandler
                0x00002cc4        0x8 ./startup/startup_mk64f12.o
                0x00002cc4                DMA10_IRQHandler
 .text.DMA11_IRQHandler
                0x00002ccc        0x8 ./startup/startup_mk64f12.o
                0x00002ccc                DMA11_IRQHandler
 .text.DMA12_IRQHandler
                0x00002cd4        0x8 ./startup/startup_mk64f12.o
                0x00002cd4                DMA12_IRQHandler
 .text.DMA13_IRQHandler
                0x00002cdc        0x8 ./startup/startup_mk64f12.o
                0x00002cdc                DMA13_IRQHandler
 .text.DMA14_IRQHandler
                0x00002ce4        0x8 ./startup/startup_mk64f12.o
                0x00002ce4                DMA14_IRQHandler
 .text.DMA15_IRQHandler
                0x00002cec        0x8 ./startup/startup_mk64f12.o
                0x00002cec                DMA15_IRQHandler
 .text.DMA_Error_IRQHandler
                0x00002cf4        0x8 ./startup/startup_mk64f12.o
                0x00002cf4                DMA_Error_IRQHandler
 .text.MCM_IRQHandler
                0x00002cfc        0x8 ./startup/startup_mk64f12.o
                0x00002cfc                MCM_IRQHandler
 .text.FTFE_IRQHandler
                0x00002d04        0x8 ./startup/startup_mk64f12.o
                0x00002d04                FTFE_IRQHandler
 .text.Read_Collision_IRQHandler
                0x00002d0c        0x8 ./startup/startup_mk64f12.o
                0x00002d0c                Read_Collision_IRQHandler
 .text.LVD_LVW_IRQHandler
                0x00002d14        0x8 ./startup/startup_mk64f12.o
                0x00002d14                LVD_LVW_IRQHandler
 .text.LLWU_IRQHandler
                0x00002d1c        0x8 ./startup/startup_mk64f12.o
                0x00002d1c                LLWU_IRQHandler
 .text.WDOG_EWM_IRQHandler
                0x00002d24        0x8 ./startup/startup_mk64f12.o
                0x00002d24                WDOG_EWM_IRQHandler
 .text.RNG_IRQHandler
                0x00002d2c        0x8 ./startup/startup_mk64f12.o
                0x00002d2c                RNG_IRQHandler
 .text.I2C0_IRQHandler
                0x00002d34        0x8 ./startup/startup_mk64f12.o
                0x00002d34                I2C0_IRQHandler
 .text.I2C1_IRQHandler
                0x00002d3c        0x8 ./startup/startup_mk64f12.o
                0x00002d3c                I2C1_IRQHandler
 .text.SPI0_IRQHandler
                0x00002d44        0x8 ./startup/startup_mk64f12.o
                0x00002d44                SPI0_IRQHandler
 .text.SPI1_IRQHandler
                0x00002d4c        0x8 ./startup/startup_mk64f12.o
                0x00002d4c                SPI1_IRQHandler
 .text.I2S0_Tx_IRQHandler
                0x00002d54        0x8 ./startup/startup_mk64f12.o
                0x00002d54                I2S0_Tx_IRQHandler
 .text.I2S0_Rx_IRQHandler
                0x00002d5c        0x8 ./startup/startup_mk64f12.o
                0x00002d5c                I2S0_Rx_IRQHandler
 .text.UART0_LON_IRQHandler
                0x00002d64        0x8 ./startup/startup_mk64f12.o
                0x00002d64                UART0_LON_IRQHandler
 .text.UART0_ERR_IRQHandler
                0x00002d6c        0x8 ./startup/startup_mk64f12.o
                0x00002d6c                UART0_ERR_IRQHandler
 .text.UART1_RX_TX_IRQHandler
                0x00002d74        0x8 ./startup/startup_mk64f12.o
                0x00002d74                UART1_RX_TX_IRQHandler
 .text.UART1_ERR_IRQHandler
                0x00002d7c        0x8 ./startup/startup_mk64f12.o
                0x00002d7c                UART1_ERR_IRQHandler
 .text.UART2_RX_TX_IRQHandler
                0x00002d84        0x8 ./startup/startup_mk64f12.o
                0x00002d84                UART2_RX_TX_IRQHandler
 .text.UART2_ERR_IRQHandler
                0x00002d8c        0x8 ./startup/startup_mk64f12.o
                0x00002d8c                UART2_ERR_IRQHandler
 .text.UART3_RX_TX_IRQHandler
                0x00002d94        0x8 ./startup/startup_mk64f12.o
                0x00002d94                UART3_RX_TX_IRQHandler
 .text.UART3_ERR_IRQHandler
                0x00002d9c        0x8 ./startup/startup_mk64f12.o
                0x00002d9c                UART3_ERR_IRQHandler
 .text.ADC0_IRQHandler
                0x00002da4        0x8 ./startup/startup_mk64f12.o
                0x00002da4                ADC0_IRQHandler
 .text.CMP0_IRQHandler
                0x00002dac        0x8 ./startup/startup_mk64f12.o
                0x00002dac                CMP0_IRQHandler
 .text.CMP1_IRQHandler
                0x00002db4        0x8 ./startup/startup_mk64f12.o
                0x00002db4                CMP1_IRQHandler
 .text.FTM0_IRQHandler
                0x00002dbc        0x8 ./startup/startup_mk64f12.o
                0x00002dbc                FTM0_IRQHandler
 .text.FTM1_IRQHandler
                0x00002dc4        0x8 ./startup/startup_mk64f12.o
                0x00002dc4                FTM1_IRQHandler
 .text.FTM2_IRQHandler
                0x00002dcc        0x8 ./startup/startup_mk64f12.o
                0x00002dcc                FTM2_IRQHandler
 .text.CMT_IRQHandler
                0x00002dd4        0x8 ./startup/startup_mk64f12.o
                0x00002dd4                CMT_IRQHandler
 .text.RTC_IRQHandler
                0x00002ddc        0x8 ./startup/startup_mk64f12.o
                0x00002ddc                RTC_IRQHandler
 .text.RTC_Seconds_IRQHandler
                0x00002de4        0x8 ./startup/startup_mk64f12.o
                0x00002de4                RTC_Seconds_IRQHandler
 .text.PIT1_IRQHandler
                0x00002dec        0x8 ./startup/startup_mk64f12.o
                0x00002dec                PIT1_IRQHandler
 .text.PIT2_IRQHandler
                0x00002df4        0x8 ./startup/startup_mk64f12.o
                0x00002df4                PIT2_IRQHandler
 .text.PIT3_IRQHandler
                0x00002dfc        0x8 ./startup/startup_mk64f12.o
                0x00002dfc                PIT3_IRQHandler
 .text.PDB0_IRQHandler
                0x00002e04        0x8 ./startup/startup_mk64f12.o
                0x00002e04                PDB0_IRQHandler
 .text.USB0_IRQHandler
                0x00002e0c        0x8 ./startup/startup_mk64f12.o
                0x00002e0c                USB0_IRQHandler
 .text.USBDCD_IRQHandler
                0x00002e14        0x8 ./startup/startup_mk64f12.o
                0x00002e14                USBDCD_IRQHandler
 .text.Reserved71_IRQHandler
                0x00002e1c        0x8 ./startup/startup_mk64f12.o
                0x00002e1c                Reserved71_IRQHandler
 .text.DAC0_IRQHandler
                0x00002e24        0x8 ./startup/startup_mk64f12.o
                0x00002e24                DAC0_IRQHandler
 .text.MCG_IRQHandler
                0x00002e2c        0x8 ./startup/startup_mk64f12.o
                0x00002e2c                MCG_IRQHandler
 .text.LPTMR0_IRQHandler
                0x00002e34        0x8 ./startup/startup_mk64f12.o
                0x00002e34                LPTMR0_IRQHandler
 .text.PORTA_IRQHandler
                0x00002e3c        0x8 ./startup/startup_mk64f12.o
                0x00002e3c                PORTA_IRQHandler
 .text.PORTB_IRQHandler
                0x00002e44        0x8 ./startup/startup_mk64f12.o
                0x00002e44                PORTB_IRQHandler
 .text.PORTC_IRQHandler
                0x00002e4c        0x8 ./startup/startup_mk64f12.o
                0x00002e4c                PORTC_IRQHandler
 .text.PORTD_IRQHandler
                0x00002e54        0x8 ./startup/startup_mk64f12.o
                0x00002e54                PORTD_IRQHandler
 .text.PORTE_IRQHandler
                0x00002e5c        0x8 ./startup/startup_mk64f12.o
                0x00002e5c                PORTE_IRQHandler
 .text.SWI_IRQHandler
                0x00002e64        0x8 ./startup/startup_mk64f12.o
                0x00002e64                SWI_IRQHandler
 .text.SPI2_IRQHandler
                0x00002e6c        0x8 ./startup/startup_mk64f12.o
                0x00002e6c                SPI2_IRQHandler
 .text.UART4_RX_TX_IRQHandler
                0x00002e74        0x8 ./startup/startup_mk64f12.o
                0x00002e74                UART4_RX_TX_IRQHandler
 .text.UART4_ERR_IRQHandler
                0x00002e7c        0x8 ./startup/startup_mk64f12.o
                0x00002e7c                UART4_ERR_IRQHandler
 .text.UART5_RX_TX_IRQHandler
                0x00002e84        0x8 ./startup/startup_mk64f12.o
                0x00002e84                UART5_RX_TX_IRQHandler
 .text.UART5_ERR_IRQHandler
                0x00002e8c        0x8 ./startup/startup_mk64f12.o
                0x00002e8c                UART5_ERR_IRQHandler
 .text.CMP2_IRQHandler
                0x00002e94        0x8 ./startup/startup_mk64f12.o
                0x00002e94                CMP2_IRQHandler
 .text.FTM3_IRQHandler
                0x00002e9c        0x8 ./startup/startup_mk64f12.o
                0x00002e9c                FTM3_IRQHandler
 .text.DAC1_IRQHandler
                0x00002ea4        0x8 ./startup/startup_mk64f12.o
                0x00002ea4                DAC1_IRQHandler
 .text.ADC1_IRQHandler
                0x00002eac        0x8 ./startup/startup_mk64f12.o
                0x00002eac                ADC1_IRQHandler
 .text.I2C2_IRQHandler
                0x00002eb4        0x8 ./startup/startup_mk64f12.o
                0x00002eb4                I2C2_IRQHandler
 .text.CAN0_ORed_Message_buffer_IRQHandler
                0x00002ebc        0x8 ./startup/startup_mk64f12.o
                0x00002ebc                CAN0_ORed_Message_buffer_IRQHandler
 .text.CAN0_Bus_Off_IRQHandler
                0x00002ec4        0x8 ./startup/startup_mk64f12.o
                0x00002ec4                CAN0_Bus_Off_IRQHandler
 .text.CAN0_Error_IRQHandler
                0x00002ecc        0x8 ./startup/startup_mk64f12.o
                0x00002ecc                CAN0_Error_IRQHandler
 .text.CAN0_Tx_Warning_IRQHandler
                0x00002ed4        0x8 ./startup/startup_mk64f12.o
                0x00002ed4                CAN0_Tx_Warning_IRQHandler
 .text.CAN0_Rx_Warning_IRQHandler
                0x00002edc        0x8 ./startup/startup_mk64f12.o
                0x00002edc                CAN0_Rx_Warning_IRQHandler
 .text.CAN0_Wake_Up_IRQHandler
                0x00002ee4        0x8 ./startup/startup_mk64f12.o
                0x00002ee4                CAN0_Wake_Up_IRQHandler
 .text.SDHC_IRQHandler
                0x00002eec        0x8 ./startup/startup_mk64f12.o
                0x00002eec                SDHC_IRQHandler
 .text.ENET_1588_Timer_IRQHandler
                0x00002ef4        0x8 ./startup/startup_mk64f12.o
                0x00002ef4                ENET_1588_Timer_IRQHandler
 .text.ENET_Transmit_IRQHandler
                0x00002efc        0x8 ./startup/startup_mk64f12.o
                0x00002efc                ENET_Transmit_IRQHandler
 .text.ENET_Receive_IRQHandler
                0x00002f04        0x8 ./startup/startup_mk64f12.o
                0x00002f04                ENET_Receive_IRQHandler
 .text.ENET_Error_IRQHandler
                0x00002f0c        0x8 ./startup/startup_mk64f12.o
                0x00002f0c                ENET_Error_IRQHandler
 .text.PIT_StartTimer
                0x00002f14       0x38 ./source/FUNCTION_GENERATOR.o
 .text.ADC16_EnableHardwareTrigger
                0x00002f4c       0x38 ./source/GENERADOR_ADC.o
 .text.DAC_Enable
                0x00002f84       0x48 ./source/GENERADOR_DAC.o
 .text.config_peripherics
                0x00002fcc       0x36 ./source/GENERATOR.o
                0x00002fcc                config_peripherics
 .text.run_config_loop
                0x00003002        0xc ./source/GENERATOR.o
                0x00003002                run_config_loop
 .text.handle_signal
                0x0000300e       0x22 ./source/GENERATOR.o
                0x0000300e                handle_signal
 .text.NVIC_enable_interrupt_and_priotity
                0x00003030       0x30 ./source/NVIC.o
                0x00003030                NVIC_enable_interrupt_and_priotity
 .text.NVIC_set_basepri_threshold
                0x00003060       0x24 ./source/NVIC.o
                0x00003060                NVIC_set_basepri_threshold
 .text.PIT_EnableInterrupts
                0x00003084       0x3a ./source/PIT.o
 .text.PIT_ClearStatusFlags
                0x000030be       0x2a ./source/PIT.o
 .text.idle_until_enter
                0x000030e8       0x52 ./source/TERMINAL.o
                0x000030e8                idle_until_enter
 .text.CLOCK_EnableClock
                0x0000313a       0x34 ./source/UART_DRIVER.o
 .text.UART_ReadByte
                0x0000316e       0x1a ./source/UART_DRIVER.o
 .text.PORT_SetPinMux
                0x00003188       0x3a ./source/UART_DRIVER.o
 .text.main     0x000031c2       0x18 ./source/main.o
                0x000031c2                main
 .text.HardFault_Handler
                0x000031da       0x36 ./source/semihost_hardfault.o
                0x000031da                HardFault_Handler
 .text.CLOCK_EnableClock
                0x00003210       0x34 ./drivers/fsl_adc16.o
 .text.ADC16_SetHardwareAverage
                0x00003244       0x3e ./drivers/fsl_adc16.o
                0x00003244                ADC16_SetHardwareAverage
 .text.CLOCK_EnableClock
                0x00003282       0x34 ./drivers/fsl_clock.o
 .text.CLOCK_DisableClock
                0x000032b6       0x38 ./drivers/fsl_clock.o
 .text.OSC_SetExtRefClkConfig
                0x000032ee       0x34 ./drivers/fsl_clock.o
 .text.OSC_SetCapLoad
                0x00003322       0x34 ./drivers/fsl_clock.o
 .text.CLOCK_GetPll0RefFreq
                0x00003356        0xe ./drivers/fsl_clock.o
 .text.CLOCK_GetFixedFreqClkFreq
                0x00003364       0x34 ./drivers/fsl_clock.o
                0x00003364                CLOCK_GetFixedFreqClkFreq
 .text.CLOCK_EnableClock
                0x00003398       0x34 ./drivers/fsl_dac.o
 .text.CLOCK_EnableClock
                0x000033cc       0x34 ./drivers/fsl_pit.o
 .text.CLOCK_EnableClock
                0x00003400       0x34 ./drivers/fsl_uart.o
 .text.UART_GetStatusFlags
                0x00003434       0x48 ./drivers/fsl_uart.o
                0x00003434                UART_GetStatusFlags
 .text.UART_WriteBlocking
                0x0000347c       0x50 ./drivers/fsl_uart.o
                0x0000347c                UART_WriteBlocking
 .text.UART1_RX_TX_DriverIRQHandler
                0x000034cc       0x12 ./drivers/fsl_uart.o
                0x000034cc                UART1_RX_TX_DriverIRQHandler
 .text.UART2_RX_TX_DriverIRQHandler
                0x000034de       0x12 ./drivers/fsl_uart.o
                0x000034de                UART2_RX_TX_DriverIRQHandler
 .text.UART3_RX_TX_DriverIRQHandler
                0x000034f0       0x12 ./drivers/fsl_uart.o
                0x000034f0                UART3_RX_TX_DriverIRQHandler
 .text.UART4_RX_TX_DriverIRQHandler
                0x00003502       0x12 ./drivers/fsl_uart.o
                0x00003502                UART4_RX_TX_DriverIRQHandler
 .text.UART5_RX_TX_DriverIRQHandler
                0x00003514       0x12 ./drivers/fsl_uart.o
                0x00003514                UART5_RX_TX_DriverIRQHandler
 .text.SystemInitHook
                0x00003526        0xe ./device/system_MK64F12.o
                0x00003526                SystemInitHook
 .text.BOARD_InitBootClocks
                0x00003534        0xc ./board/clock_config.o
                0x00003534                BOARD_InitBootClocks
 .text.CLOCK_EnableClock
                0x00003540       0x34 ./board/pin_mux.o
 .text.PORT_SetPinMux
                0x00003574       0x3a ./board/pin_mux.o
 .text.BOARD_InitBootPins
                0x000035ae       0x10 ./board/pin_mux.o
                0x000035ae                BOARD_InitBootPins
 .text.__main   0x000035be        0xe c:/nxp/mcuxpressoide_11.9.0_2144/ide/plugins/com.nxp.mcuxpresso.tools.win32_11.9.0.202307121226/tools/bin/../lib/gcc/arm-none-eabi/12.3.1/../../../../arm-none-eabi/lib/thumb/v7e-m+fp/hard\libcr_nohost_nf.a(_cr__main.o)
                0x000035be                __main
 .text.__sys_appexit
                0x000035cc        0x2 c:/nxp/mcuxpressoide_11.9.0_2144/ide/plugins/com.nxp.mcuxpresso.tools.win32_11.9.0.202307121226/tools/bin/../lib/gcc/arm-none-eabi/12.3.1/../../../../arm-none-eabi/lib/thumb/v7e-m+fp/hard\libcr_nohost_nf.a(__sys_appexit.o)
                0x000035cc                __sys_appexit
                0x000035cc                __exit
 .text.memset   0x000035ce        0x4 c:/nxp/mcuxpressoide_11.9.0_2144/ide/plugins/com.nxp.mcuxpresso.tools.win32_11.9.0.202307121226/tools/bin/../lib/gcc/arm-none-eabi/12.3.1/../../../../arm-none-eabi/lib/thumb/v7e-m+fp/hard\libcr_c.a(memset.o)
                0x000035ce                memset
 .text._deferredlazyseek
                0x000035d2       0x40 c:/nxp/mcuxpressoide_11.9.0_2144/ide/plugins/com.nxp.mcuxpresso.tools.win32_11.9.0.202307121226/tools/bin/../lib/gcc/arm-none-eabi/12.3.1/../../../../arm-none-eabi/lib/thumb/v7e-m+fp/hard\libcr_c.a(_deferredlazyseek.o)
                0x000035d2                _deferredlazyseek
 .text.__flsbuf
                0x00003612      0x140 c:/nxp/mcuxpressoide_11.9.0_2144/ide/plugins/com.nxp.mcuxpresso.tools.win32_11.9.0.202307121226/tools/bin/../lib/gcc/arm-none-eabi/12.3.1/../../../../arm-none-eabi/lib/thumb/v7e-m+fp/hard\libcr_c.a(_deferredlazyseek.o)
                0x00003612                __flsbuf
 .text._fflush  0x00003752       0x52 c:/nxp/mcuxpressoide_11.9.0_2144/ide/plugins/com.nxp.mcuxpresso.tools.win32_11.9.0.202307121226/tools/bin/../lib/gcc/arm-none-eabi/12.3.1/../../../../arm-none-eabi/lib/thumb/v7e-m+fp/hard\libcr_c.a(_fflush.o)
                0x00003752                _fflush
 .text.free     0x000037a4       0x30 c:/nxp/mcuxpressoide_11.9.0_2144/ide/plugins/com.nxp.mcuxpresso.tools.win32_11.9.0.202307121226/tools/bin/../lib/gcc/arm-none-eabi/12.3.1/../../../../arm-none-eabi/lib/thumb/v7e-m+fp/hard\libcr_c.a(alloc.o)
                0x000037a4                free
 .text.fputs    0x000037d4       0x2c c:/nxp/mcuxpressoide_11.9.0_2144/ide/plugins/com.nxp.mcuxpresso.tools.win32_11.9.0.202307121226/tools/bin/../lib/gcc/arm-none-eabi/12.3.1/../../../../arm-none-eabi/lib/thumb/v7e-m+fp/hard\libcr_c.a(fputs.o)
                0x000037d4                fputs
 .text.setvbuf  0x00003800       0x3e c:/nxp/mcuxpressoide_11.9.0_2144/ide/plugins/com.nxp.mcuxpresso.tools.win32_11.9.0.202307121226/tools/bin/../lib/gcc/arm-none-eabi/12.3.1/../../../../arm-none-eabi/lib/thumb/v7e-m+fp/hard\libcr_c.a(setvbuf.o)
                0x00003800                setvbuf
 .text.strlen   0x0000383e       0x4e c:/nxp/mcuxpressoide_11.9.0_2144/ide/plugins/com.nxp.mcuxpresso.tools.win32_11.9.0.202307121226/tools/bin/../lib/gcc/arm-none-eabi/12.3.1/../../../../arm-none-eabi/lib/thumb/v7e-m+fp/hard\libcr_c.a(strlen.o)
                0x0000383e                strlen
 .text._fdopen  0x0000388c       0x68 c:/nxp/mcuxpressoide_11.9.0_2144/ide/plugins/com.nxp.mcuxpresso.tools.win32_11.9.0.202307121226/tools/bin/../lib/gcc/arm-none-eabi/12.3.1/../../../../arm-none-eabi/lib/thumb/v7e-m+fp/hard\libcr_c.a(_fdopen.o)
                0x0000388c                _fdopen
 .text.fclose   0x000038f4       0x58 c:/nxp/mcuxpressoide_11.9.0_2144/ide/plugins/com.nxp.mcuxpresso.tools.win32_11.9.0.202307121226/tools/bin/../lib/gcc/arm-none-eabi/12.3.1/../../../../arm-none-eabi/lib/thumb/v7e-m+fp/hard\libcr_c.a(fclose.o)
                0x000038f4                fclose
 .text.remove   0x0000394c       0x14 c:/nxp/mcuxpressoide_11.9.0_2144/ide/plugins/com.nxp.mcuxpresso.tools.win32_11.9.0.202307121226/tools/bin/../lib/gcc/arm-none-eabi/12.3.1/../../../../arm-none-eabi/lib/thumb/v7e-m+fp/hard\libcr_c.a(remove.o)
                0x0000394c                remove
 .text._do_fflush
                0x00003960       0x40 c:/nxp/mcuxpressoide_11.9.0_2144/ide/plugins/com.nxp.mcuxpresso.tools.win32_11.9.0.202307121226/tools/bin/../lib/gcc/arm-none-eabi/12.3.1/../../../../arm-none-eabi/lib/thumb/v7e-m+fp/hard\libcr_c.a(_do_fflush.o)
                0x00003960                _do_fflush
 .text.__aeabi_division_uldivmod
                0x000039a0      0x174 c:/nxp/mcuxpressoide_11.9.0_2144/ide/plugins/com.nxp.mcuxpresso.tools.win32_11.9.0.202307121226/tools/bin/../lib/gcc/arm-none-eabi/12.3.1/thumb/v7e-m+fp/hard\libcr_eabihelpers.a(division_64.o)
                0x000039a0                __aeabi_uldivmod
                0x000039a4                __bhs_ldivmod1
 .text.__aeabi_division_idiv0
                0x00003b14        0x2 c:/nxp/mcuxpressoide_11.9.0_2144/ide/plugins/com.nxp.mcuxpresso.tools.win32_11.9.0.202307121226/tools/bin/../lib/gcc/arm-none-eabi/12.3.1/thumb/v7e-m+fp/hard\libcr_eabihelpers.a(division_idiv0.o)
                0x00003b14                __aeabi_idiv0
 .text.__aeabi_memset_lowlevel
                0x00003b16       0x32 c:/nxp/mcuxpressoide_11.9.0_2144/ide/plugins/com.nxp.mcuxpresso.tools.win32_11.9.0.202307121226/tools/bin/../lib/gcc/arm-none-eabi/12.3.1/thumb/v7e-m+fp/hard\libcr_eabihelpers.a(memcpy.o)
                0x00003b16                __aeabi_lowlevel_memset
 .text.__sys_close
                0x00003b48        0x6 c:/nxp/mcuxpressoide_11.9.0_2144/ide/plugins/com.nxp.mcuxpresso.tools.win32_11.9.0.202307121226/tools/bin/../lib/gcc/arm-none-eabi/12.3.1/../../../../arm-none-eabi/lib/thumb/v7e-m+fp/hard\libcr_nohost_nf.a(__sys_close.o)
                0x00003b48                __sys_close
 .text.__sys_flen
                0x00003b4e        0x6 c:/nxp/mcuxpressoide_11.9.0_2144/ide/plugins/com.nxp.mcuxpresso.tools.win32_11.9.0.202307121226/tools/bin/../lib/gcc/arm-none-eabi/12.3.1/../../../../arm-none-eabi/lib/thumb/v7e-m+fp/hard\libcr_nohost_nf.a(__sys_flen.o)
                0x00003b4e                __sys_flen
 .text.__sys_istty
                0x00003b54        0x6 c:/nxp/mcuxpressoide_11.9.0_2144/ide/plugins/com.nxp.mcuxpresso.tools.win32_11.9.0.202307121226/tools/bin/../lib/gcc/arm-none-eabi/12.3.1/../../../../arm-none-eabi/lib/thumb/v7e-m+fp/hard\libcr_nohost_nf.a(__sys_istty.o)
                0x00003b54                __sys_istty
 .text.__sys_remove
                0x00003b5a        0x6 c:/nxp/mcuxpressoide_11.9.0_2144/ide/plugins/com.nxp.mcuxpresso.tools.win32_11.9.0.202307121226/tools/bin/../lib/gcc/arm-none-eabi/12.3.1/../../../../arm-none-eabi/lib/thumb/v7e-m+fp/hard\libcr_nohost_nf.a(__sys_remove.o)
                0x00003b5a                __sys_remove
 .text.__sys_seek
                0x00003b60        0x6 c:/nxp/mcuxpressoide_11.9.0_2144/ide/plugins/com.nxp.mcuxpresso.tools.win32_11.9.0.202307121226/tools/bin/../lib/gcc/arm-none-eabi/12.3.1/../../../../arm-none-eabi/lib/thumb/v7e-m+fp/hard\libcr_nohost_nf.a(__sys_seek.o)
                0x00003b60                __sys_seek
 .text.__sys_tmpnam
                0x00003b66        0x6 c:/nxp/mcuxpressoide_11.9.0_2144/ide/plugins/com.nxp.mcuxpresso.tools.win32_11.9.0.202307121226/tools/bin/../lib/gcc/arm-none-eabi/12.3.1/../../../../arm-none-eabi/lib/thumb/v7e-m+fp/hard\libcr_nohost_nf.a(__sys_tmpnam.o)
                0x00003b66                __sys_tmpnam
 .text.__sys_write
                0x00003b6c        0x4 c:/nxp/mcuxpressoide_11.9.0_2144/ide/plugins/com.nxp.mcuxpresso.tools.win32_11.9.0.202307121226/tools/bin/../lib/gcc/arm-none-eabi/12.3.1/../../../../arm-none-eabi/lib/thumb/v7e-m+fp/hard\libcr_nohost_nf.a(__sys_write.o)
                0x00003b6c                __sys_write
 *(SORT_BY_ALIGNMENT(.rodata) SORT_BY_ALIGNMENT(.rodata.*) SORT_BY_ALIGNMENT(.constdata) SORT_BY_ALIGNMENT(.constdata.*))
 .rodata.triangle_array
                0x00003b70       0x40 ./source/FUNCTION_GENERATOR.o
                0x00003b70                triangle_array
 .rodata.sine_array
                0x00003bb0       0x40 ./source/FUNCTION_GENERATOR.o
                0x00003bb0                sine_array
 .rodata.ADC16_GetChannelConversionValue.str1.4
                0x00003bf0       0x76 ./source/GENERADOR_ADC.o
 *fill*         0x00003c66        0x2 ff
 .rodata.PIT_GetDefaultConfig.str1.4
                0x00003c68       0x3f ./source/PIT.o
 *fill*         0x00003ca7        0x1 ff
 .rodata.PIT_SetTimerPeriod.str1.4
                0x00003ca8       0x3c ./source/PIT.o
 .rodata.show_menu.str1.4
                0x00003ce4       0x51 ./source/TERMINAL.o
 *fill*         0x00003d35        0x3 ff
 .rodata.show_set_freq.str1.4
                0x00003d38       0x81 ./source/TERMINAL.o
 *fill*         0x00003db9        0x3 ff
 .rodata.show_set_signal.str1.4
                0x00003dbc       0x45 ./source/TERMINAL.o
 *fill*         0x00003e01        0x3 ff
 .rodata.selection_msg.str1.4
                0x00003e04       0x32 ./source/TERMINAL.o
 *fill*         0x00003e36        0x2 ff
 .rodata.s_adc16Bases
                0x00003e38        0x8 ./drivers/fsl_adc16.o
 .rodata.s_adc16Clocks
                0x00003e40        0x8 ./drivers/fsl_adc16.o
 .rodata.ADC16_GetInstance.str1.4
                0x00003e48       0x35 ./drivers/fsl_adc16.o
 *fill*         0x00003e7d        0x3 ff
 .rodata.ADC16_Init.str1.4
                0x00003e80       0x20 ./drivers/fsl_adc16.o
 .rodata.ADC16_GetDefaultConfig.str1.4
                0x00003ea0       0x21 ./drivers/fsl_adc16.o
 *fill*         0x00003ec1        0x3 ff
 .rodata.ADC16_SetChannelConfig.str1.4
                0x00003ec4       0x51 ./drivers/fsl_adc16.o
 *fill*         0x00003f15        0x3 ff
 .rodata.ADC16_GetChannelStatusFlags.str1.4
                0x00003f18       0x2f ./drivers/fsl_adc16.o
 *fill*         0x00003f47        0x1 ff
 .rodata.CLOCK_GetMcgExtClkFreq.str1.4
                0x00003f48       0x49 ./drivers/fsl_clock.o
 *fill*         0x00003f91        0x3 ff
 .rodata.CLOCK_GetOsc0ErClkFreq.str1.4
                0x00003f94       0x1e ./drivers/fsl_clock.o
 *fill*         0x00003fb2        0x2 ff
 .rodata.CLOCK_GetEr32kClkFreq.str1.4
                0x00003fb4       0x1f ./drivers/fsl_clock.o
 *fill*         0x00003fd3        0x1 ff
 .rodata.CLOCK_GetPll0Freq.str1.4
                0x00003fd4       0x1d ./drivers/fsl_clock.o
 *fill*         0x00003ff1        0x3 ff
 .rodata.CLOCK_EnablePll0.str1.4
                0x00003ff4       0x1a ./drivers/fsl_clock.o
 *fill*         0x0000400e        0x2 ff
 .rodata.CLOCK_SetPbeMode.str1.4
                0x00004010       0x1a ./drivers/fsl_clock.o
 *fill*         0x0000402a        0x2 ff
 .rodata.CLOCK_BootToPeeMode.str1.4
                0x0000402c       0x1a ./drivers/fsl_clock.o
 *fill*         0x00004046        0x2 ff
 .rodata.fllFactorTable.1
                0x00004048       0x10 ./drivers/fsl_clock.o
 .rodata.s_dacBases
                0x00004058        0x8 ./drivers/fsl_dac.o
 .rodata.s_dacClocks
                0x00004060        0x8 ./drivers/fsl_dac.o
 .rodata.DAC_GetInstance.str1.4
                0x00004068       0x31 ./drivers/fsl_dac.o
 *fill*         0x00004099        0x3 ff
 .rodata.DAC_Init.str1.4
                0x0000409c       0x1e ./drivers/fsl_dac.o
 *fill*         0x000040ba        0x2 ff
 .rodata.DAC_GetDefaultConfig.str1.4
                0x000040bc       0x1f ./drivers/fsl_dac.o
 *fill*         0x000040db        0x1 ff
 .rodata.DAC_SetBufferValue.str1.4
                0x000040dc       0x27 ./drivers/fsl_dac.o
 *fill*         0x00004103        0x1 ff
 .rodata.DAC_SetBufferReadPointer.str1.4
                0x00004104       0x27 ./drivers/fsl_dac.o
 *fill*         0x0000412b        0x1 ff
 .rodata.PIT_GetInstance.str1.4
                0x0000412c       0x31 ./drivers/fsl_pit.o
 *fill*         0x0000415d        0x3 ff
 .rodata.PIT_Init.str1.4
                0x00004160       0x1e ./drivers/fsl_pit.o
 *fill*         0x0000417e        0x2 ff
 .rodata.s_uartBases
                0x00004180       0x18 ./drivers/fsl_uart.o
 .rodata.s_uartClock
                0x00004198       0x18 ./drivers/fsl_uart.o
 .rodata.UART_GetInstance.str1.4
                0x000041b0       0x2b ./drivers/fsl_uart.o
 *fill*         0x000041db        0x1 ff
 .rodata.UART_Init.str1.4
                0x000041dc       0xfb ./drivers/fsl_uart.o
 *fill*         0x000042d7        0x1 ff
 .rodata.UART_GetDefaultConfig.str1.4
                0x000042d8       0x20 ./drivers/fsl_uart.o
 .rodata.mcgConfig_BOARD_BootClockRUN
                0x000042f8        0xb ./board/clock_config.o
                0x000042f8                mcgConfig_BOARD_BootClockRUN
 *fill*         0x00004303        0x1 ff
 .rodata.simConfig_BOARD_BootClockRUN
                0x00004304        0x8 ./board/clock_config.o
                0x00004304                simConfig_BOARD_BootClockRUN
 .rodata.oscConfig_BOARD_BootClockRUN
                0x0000430c        0x8 ./board/clock_config.o
                0x0000430c                oscConfig_BOARD_BootClockRUN
 .rodata.PORT_SetPinConfig.str1.4
                0x00004314       0x38 ./board/pin_mux.o
 .rodata.__num_Ciob_streams
                0x0000434c        0x4 c:/nxp/mcuxpressoide_11.9.0_2144/ide/plugins/com.nxp.mcuxpresso.tools.win32_11.9.0.202307121226/tools/bin/../lib/gcc/arm-none-eabi/12.3.1/../../../../arm-none-eabi/lib/thumb/v7e-m+fp/hard\libcr_nohost_nf.a(__ciob.o)
                0x0000434c                __num_Ciob_streams
 .rodata.__assertion_failed.str1.1
                0x00004350       0x15 c:/nxp/mcuxpressoide_11.9.0_2144/ide/plugins/com.nxp.mcuxpresso.tools.win32_11.9.0.202307121226/tools/bin/../lib/gcc/arm-none-eabi/12.3.1/../../../../arm-none-eabi/lib/thumb/v7e-m+fp/hard\libcr_nohost_nf.a(_cr_assert.o)
 .rodata._Csys_alloc.str1.1
                0x00004365       0x18 c:/nxp/mcuxpressoide_11.9.0_2144/ide/plugins/com.nxp.mcuxpresso.tools.win32_11.9.0.202307121226/tools/bin/../lib/gcc/arm-none-eabi/12.3.1/../../../../arm-none-eabi/lib/thumb/v7e-m+fp/hard\libcr_c.a(alloc.o)
 .rodata._initio.str1.1
                0x0000437d        0x4 c:/nxp/mcuxpressoide_11.9.0_2144/ide/plugins/com.nxp.mcuxpresso.tools.win32_11.9.0.202307121226/tools/bin/../lib/gcc/arm-none-eabi/12.3.1/../../../../arm-none-eabi/lib/thumb/v7e-m+fp/hard\libcr_c.a(initio.o)
                0x00004388                        . = ALIGN (0x8)
 *fill*         0x00004381        0x7 ff

.glue_7         0x00004388        0x0
 .glue_7        0x00004388        0x0 linker stubs

.glue_7t        0x00004388        0x0
 .glue_7t       0x00004388        0x0 linker stubs

.vfp11_veneer   0x00004388        0x0
 .vfp11_veneer  0x00004388        0x0 linker stubs

.v4_bx          0x00004388        0x0
 .v4_bx         0x00004388        0x0 linker stubs

.iplt           0x00004388        0x0
 .iplt          0x00004388        0x0 ./startup/startup_mk64f12.o

.rel.dyn        0x00004388        0x0
 .rel.iplt      0x00004388        0x0 ./startup/startup_mk64f12.o

.ARM.extab
 *(SORT_BY_ALIGNMENT(.ARM.extab*) SORT_BY_ALIGNMENT(.gnu.linkonce.armextab.*))

.ARM.exidx      0x00004388        0x0
                0x00004388                        __exidx_start = .
 *(SORT_BY_ALIGNMENT(.ARM.exidx*) SORT_BY_ALIGNMENT(.gnu.linkonce.armexidx.*))
                0x00004388                        __exidx_end = .
                0x00004388                        _etext = .

.m_usb_data
 *(SORT_BY_ALIGNMENT(m_usb_bdt))

.data_RAM2      0x1fff0000        0x0 load address 0x00004388
 FILL mask 0xff
                [!provide]                        PROVIDE (__start_data_RAM2 = .)
                [!provide]                        PROVIDE (__start_data_SRAM_LOWER = .)
 *(SORT_BY_ALIGNMENT(.ramfunc.$RAM2))
 *(SORT_BY_ALIGNMENT(.ramfunc.$SRAM_LOWER))
 *(SORT_BY_ALIGNMENT(.data.$RAM2))
 *(SORT_BY_ALIGNMENT(.data.$SRAM_LOWER))
 *(SORT_BY_ALIGNMENT(.data.$RAM2.*))
 *(SORT_BY_ALIGNMENT(.data.$SRAM_LOWER.*))
                0x1fff0000                        . = ALIGN (0x8)
                [!provide]                        PROVIDE (__end_data_RAM2 = .)
                [!provide]                        PROVIDE (__end_data_SRAM_LOWER = .)

.data_RAM3      0x14000000        0x0 load address 0x00004388
 FILL mask 0xff
                [!provide]                        PROVIDE (__start_data_RAM3 = .)
                [!provide]                        PROVIDE (__start_data_FLEX_RAM = .)
 *(SORT_BY_ALIGNMENT(.ramfunc.$RAM3))
 *(SORT_BY_ALIGNMENT(.ramfunc.$FLEX_RAM))
 *(SORT_BY_ALIGNMENT(.data.$RAM3))
 *(SORT_BY_ALIGNMENT(.data.$FLEX_RAM))
 *(SORT_BY_ALIGNMENT(.data.$RAM3.*))
 *(SORT_BY_ALIGNMENT(.data.$FLEX_RAM.*))
                0x14000000                        . = ALIGN (0x8)
                [!provide]                        PROVIDE (__end_data_RAM3 = .)
                [!provide]                        PROVIDE (__end_data_FLEX_RAM = .)

.uninit_RESERVED
                0x20000000        0x0
                0x20000000                        _start_uninit_RESERVED = .
 *(SORT_BY_ALIGNMENT(.bss.$RESERVED*))
                0x20000000                        . = ALIGN (0x8)
                0x20000000                        _end_uninit_RESERVED = .

.data           0x20000000       0x10 load address 0x00004388
 FILL mask 0xff
                0x20000000                        _data = .
                [!provide]                        PROVIDE (__start_data_RAM = .)
                [!provide]                        PROVIDE (__start_data_SRAM_UPPER = .)
 *(SORT_BY_ALIGNMENT(vtable))
 *(SORT_BY_ALIGNMENT(.ramfunc*))
 *(SORT_BY_ALIGNMENT(CodeQuickAccess))
 *(SORT_BY_ALIGNMENT(DataQuickAccess))
 *(SORT_BY_ALIGNMENT(RamFunction))
 *(SORT_BY_ALIGNMENT(.data*))
 .data.s_slowIrcFreq
                0x20000000        0x4 ./drivers/fsl_clock.o
 .data.s_fastIrcFreq
                0x20000004        0x4 ./drivers/fsl_clock.o
 .data.SystemCoreClock
                0x20000008        0x4 ./device/system_MK64F12.o
                0x20000008                SystemCoreClock
 .data.square_sig_st
                0x2000000c        0x1 ./source/FUNCTION_GENERATOR.o
                0x20000010                        . = ALIGN (0x8)
 *fill*         0x2000000d        0x3 ff
                0x20000010                        _edata = .
                [!provide]                        PROVIDE (__end_data_RAM = .)
                [!provide]                        PROVIDE (__end_data_SRAM_UPPER = .)

.igot.plt       0x20000010        0x0 load address 0x00004398
 .igot.plt      0x20000010        0x0 ./startup/startup_mk64f12.o

.bss_RAM2       0x1fff0000        0x0
                [!provide]                        PROVIDE (__start_bss_RAM2 = .)
                [!provide]                        PROVIDE (__start_bss_SRAM_LOWER = .)
 *(SORT_BY_ALIGNMENT(.bss.$RAM2))
 *(SORT_BY_ALIGNMENT(.bss.$SRAM_LOWER))
 *(SORT_BY_ALIGNMENT(.bss.$RAM2.*))
 *(SORT_BY_ALIGNMENT(.bss.$SRAM_LOWER.*))
                0x1fff0000                        . = ALIGN ((. != 0x0)?0x8:0x1)
                [!provide]                        PROVIDE (__end_bss_RAM2 = .)
                [!provide]                        PROVIDE (__end_bss_SRAM_LOWER = .)

.bss_RAM3       0x14000000        0x0
                [!provide]                        PROVIDE (__start_bss_RAM3 = .)
                [!provide]                        PROVIDE (__start_bss_FLEX_RAM = .)
 *(SORT_BY_ALIGNMENT(.bss.$RAM3))
 *(SORT_BY_ALIGNMENT(.bss.$FLEX_RAM))
 *(SORT_BY_ALIGNMENT(.bss.$RAM3.*))
 *(SORT_BY_ALIGNMENT(.bss.$FLEX_RAM.*))
                0x14000000                        . = ALIGN ((. != 0x0)?0x8:0x1)
                [!provide]                        PROVIDE (__end_bss_RAM3 = .)
                [!provide]                        PROVIDE (__end_bss_FLEX_RAM = .)

.bss            0x20000010      0x128
                0x20000010                        _bss = .
                [!provide]                        PROVIDE (__start_bss_RAM = .)
                [!provide]                        PROVIDE (__start_bss_SRAM_UPPER = .)
 *(SORT_BY_ALIGNMENT(.bss*))
 .bss.signal_config
                0x20000010        0xc ./source/FUNCTION_GENERATOR.o
 .bss.clock_pit
                0x2000001c        0x4 ./source/FUNCTION_GENERATOR.o
 .bss.Voltaje_out
                0x20000020        0x4 ./source/GENERADOR_ADC.o
 .bss.adc16ConfigStruct
                0x20000024        0xa ./source/GENERADOR_ADC.o
 *fill*         0x2000002e        0x2 
 .bss.adc16ChannelConfigStruct
                0x20000030        0x8 ./source/GENERADOR_ADC.o
 .bss.g_mail_box_uart_0
                0x20000038        0x2 ./source/UART_DRIVER.o
 *fill*         0x2000003a        0x2 
 .bss.g_xtal0Freq
                0x2000003c        0x4 ./drivers/fsl_clock.o
                0x2000003c                g_xtal0Freq
 .bss.g_xtal32Freq
                0x20000040        0x4 ./drivers/fsl_clock.o
                0x20000040                g_xtal32Freq
 .bss.s_i2cHandle
                0x20000044        0xc ./drivers/fsl_i2c.o
 .bss.s_i2cMasterIsr
                0x20000050        0x4 ./drivers/fsl_i2c.o
 .bss.s_i2cSlaveIsr
                0x20000054        0x4 ./drivers/fsl_i2c.o
 .bss.s_uartHandle
                0x20000058       0x18 ./drivers/fsl_uart.o
                0x20000058                s_uartHandle
 .bss.s_uartIsr
                0x20000070        0x4 ./drivers/fsl_uart.o
                0x20000070                s_uartIsr
 .bss.__Ciob    0x20000074       0xb4 c:/nxp/mcuxpressoide_11.9.0_2144/ide/plugins/com.nxp.mcuxpresso.tools.win32_11.9.0.202307121226/tools/bin/../lib/gcc/arm-none-eabi/12.3.1/../../../../arm-none-eabi/lib/thumb/v7e-m+fp/hard\libcr_nohost_nf.a(__ciob.o)
                0x20000074                __Ciob
 .bss.errno     0x20000128        0x4 c:/nxp/mcuxpressoide_11.9.0_2144/ide/plugins/com.nxp.mcuxpresso.tools.win32_11.9.0.202307121226/tools/bin/../lib/gcc/arm-none-eabi/12.3.1/../../../../arm-none-eabi/lib/thumb/v7e-m+fp/hard\libcr_c.a(errno.o)
                0x20000128                errno
 .bss.__end_of_heap
                0x2000012c        0x4 c:/nxp/mcuxpressoide_11.9.0_2144/ide/plugins/com.nxp.mcuxpresso.tools.win32_11.9.0.202307121226/tools/bin/../lib/gcc/arm-none-eabi/12.3.1/../../../../arm-none-eabi/lib/thumb/v7e-m+fp/hard\libcr_c.a(__init_alloc.o)
                0x2000012c                __end_of_heap
 .bss.__heaps   0x20000130        0x4 c:/nxp/mcuxpressoide_11.9.0_2144/ide/plugins/com.nxp.mcuxpresso.tools.win32_11.9.0.202307121226/tools/bin/../lib/gcc/arm-none-eabi/12.3.1/../../../../arm-none-eabi/lib/thumb/v7e-m+fp/hard\libcr_c.a(__init_alloc.o)
                0x20000130                __heaps
 .bss.pitIsrFlag
                0x20000134        0x1 ./source/PIT.o
 .bss.fsm_menu  0x20000135        0x1 ./source/TERMINAL.o
                0x20000135                fsm_menu
 *(SORT_BY_ALIGNMENT(COMMON))
                0x20000138                        . = ALIGN (0x8)
 *fill*         0x20000136        0x2 
                0x20000138                        _ebss = .
                [!provide]                        PROVIDE (__end_bss_RAM = .)
                [!provide]                        PROVIDE (__end_bss_SRAM_UPPER = .)
                [!provide]                        PROVIDE (end = .)

.noinit_RAM2    0x1fff0000        0x0
                [!provide]                        PROVIDE (__start_noinit_RAM2 = .)
                [!provide]                        PROVIDE (__start_noinit_SRAM_LOWER = .)
 *(SORT_BY_ALIGNMENT(.noinit.$RAM2))
 *(SORT_BY_ALIGNMENT(.noinit.$SRAM_LOWER))
 *(SORT_BY_ALIGNMENT(.noinit.$RAM2.*))
 *(SORT_BY_ALIGNMENT(.noinit.$SRAM_LOWER.*))
                0x1fff0000                        . = ALIGN (0x8)
                [!provide]                        PROVIDE (__end_noinit_RAM2 = .)
                [!provide]                        PROVIDE (__end_noinit_SRAM_LOWER = .)

.noinit_RAM3    0x14000000        0x0
                [!provide]                        PROVIDE (__start_noinit_RAM3 = .)
                [!provide]                        PROVIDE (__start_noinit_FLEX_RAM = .)
 *(SORT_BY_ALIGNMENT(.noinit.$RAM3))
 *(SORT_BY_ALIGNMENT(.noinit.$FLEX_RAM))
 *(SORT_BY_ALIGNMENT(.noinit.$RAM3.*))
 *(SORT_BY_ALIGNMENT(.noinit.$FLEX_RAM.*))
                0x14000000                        . = ALIGN (0x8)
                [!provide]                        PROVIDE (__end_noinit_RAM3 = .)
                [!provide]                        PROVIDE (__end_noinit_FLEX_RAM = .)

.noinit         0x20000138        0x0
                0x20000138                        _noinit = .
                [!provide]                        PROVIDE (__start_noinit_RAM = .)
                [!provide]                        PROVIDE (__start_noinit_SRAM_UPPER = .)
 *(SORT_BY_ALIGNMENT(.noinit*))
                0x20000138                        . = ALIGN (0x8)
                0x20000138                        _end_noinit = .
                [!provide]                        PROVIDE (__end_noinit_RAM = .)
                [!provide]                        PROVIDE (__end_noinit_SRAM_UPPER = .)
                0x00001000                        _HeapSize = 0x1000

.heap           0x20000138     0x1000
                0x20000138                        _pvHeapStart = .
                0x20001138                        . = (. + _HeapSize)
 *fill*         0x20000138     0x1000 
                0x20001138                        . = ALIGN (0x8)
                0x20001138                        _pvHeapLimit = .
                0x00001000                        _StackSize = 0x1000

.heap2stackfill
                0x20001138     0x1000
                0x20002138                        . = (. + _StackSize)
 *fill*         0x20001138     0x1000 

.stack          0x2002f000        0x0
                0x2002f000                        _vStackBase = .
                0x2002f000                        . = ALIGN (0x8)
                0x20030000                        _vStackTop = (. + _StackSize)
                0x00000000                        _image_start = LOADADDR (.text)
                0x00004398                        _image_end = (LOADADDR (.data) + SIZEOF (.data))
                0x00004398                        _image_size = (_image_end - _image_start)
OUTPUT(generador.axf elf32-littlearm)
LOAD linker stubs

.debug_info     0x00000000    0x11f69
 .debug_info    0x00000000      0xcfa ./startup/startup_mk64f12.o
 .debug_info    0x00000cfa      0x7a1 ./source/FUNCTION_GENERATOR.o
 .debug_info    0x0000149b      0x900 ./source/GENERADOR_ADC.o
 .debug_info    0x00001d9b      0x282 ./source/GENERADOR_DAC.o
 .debug_info    0x0000201d      0x460 ./source/GENERATOR.o
 .debug_info    0x0000247d      0x96c ./source/NVIC.o
 .debug_info    0x00002de9      0x7de ./source/PIT.o
 .debug_info    0x000035c7      0x995 ./source/TERMINAL.o
 .debug_info    0x00003f5c      0xdc9 ./source/UART_DRIVER.o
 .debug_info    0x00004d25       0xad ./source/main.o
 .debug_info    0x00004dd2       0x3c ./source/semihost_hardfault.o
 .debug_info    0x00004e0e      0xebb ./drivers/fsl_adc16.o
 .debug_info    0x00005cc9     0x21e2 ./drivers/fsl_clock.o
 .debug_info    0x00007eab      0xaef ./drivers/fsl_dac.o
 .debug_info    0x0000899a     0x1ed1 ./drivers/fsl_i2c.o
 .debug_info    0x0000a86b      0x78a ./drivers/fsl_pit.o
 .debug_info    0x0000aff5     0x1fcf ./drivers/fsl_uart.o
 .debug_info    0x0000cfc4      0x649 ./device/system_MK64F12.o
 .debug_info    0x0000d60d      0xdd4 ./board/clock_config.o
 .debug_info    0x0000e3e1      0xc84 ./board/pin_mux.o
 .debug_info    0x0000f065       0x85 c:/nxp/mcuxpressoide_11.9.0_2144/ide/plugins/com.nxp.mcuxpresso.tools.win32_11.9.0.202307121226/tools/bin/../lib/gcc/arm-none-eabi/12.3.1/../../../../arm-none-eabi/lib/thumb/v7e-m+fp/hard\libcr_nohost_nf.a(_cr__main.o)
 .debug_info    0x0000f0ea      0x22e c:/nxp/mcuxpressoide_11.9.0_2144/ide/plugins/com.nxp.mcuxpresso.tools.win32_11.9.0.202307121226/tools/bin/../lib/gcc/arm-none-eabi/12.3.1/../../../../arm-none-eabi/lib/thumb/v7e-m+fp/hard\libcr_nohost_nf.a(_cr_assert.o)
 .debug_info    0x0000f318      0x18b c:/nxp/mcuxpressoide_11.9.0_2144/ide/plugins/com.nxp.mcuxpresso.tools.win32_11.9.0.202307121226/tools/bin/../lib/gcc/arm-none-eabi/12.3.1/../../../../arm-none-eabi/lib/thumb/v7e-m+fp/hard\libcr_nohost_nf.a(__ciob.o)
 .debug_info    0x0000f4a3       0x38 c:/nxp/mcuxpressoide_11.9.0_2144/ide/plugins/com.nxp.mcuxpresso.tools.win32_11.9.0.202307121226/tools/bin/../lib/gcc/arm-none-eabi/12.3.1/../../../../arm-none-eabi/lib/thumb/v7e-m+fp/hard\libcr_nohost_nf.a(__sys_appexit.o)
 .debug_info    0x0000f4db       0xe3 c:/nxp/mcuxpressoide_11.9.0_2144/ide/plugins/com.nxp.mcuxpresso.tools.win32_11.9.0.202307121226/tools/bin/../lib/gcc/arm-none-eabi/12.3.1/../../../../arm-none-eabi/lib/thumb/v7e-m+fp/hard\libcr_c.a(memset.o)
 .debug_info    0x0000f5be      0x362 c:/nxp/mcuxpressoide_11.9.0_2144/ide/plugins/com.nxp.mcuxpresso.tools.win32_11.9.0.202307121226/tools/bin/../lib/gcc/arm-none-eabi/12.3.1/../../../../arm-none-eabi/lib/thumb/v7e-m+fp/hard\libcr_c.a(_deferredlazyseek.o)
 .debug_info    0x0000f920      0x1e3 c:/nxp/mcuxpressoide_11.9.0_2144/ide/plugins/com.nxp.mcuxpresso.tools.win32_11.9.0.202307121226/tools/bin/../lib/gcc/arm-none-eabi/12.3.1/../../../../arm-none-eabi/lib/thumb/v7e-m+fp/hard\libcr_c.a(_fflush.o)
 .debug_info    0x0000fb03      0x282 c:/nxp/mcuxpressoide_11.9.0_2144/ide/plugins/com.nxp.mcuxpresso.tools.win32_11.9.0.202307121226/tools/bin/../lib/gcc/arm-none-eabi/12.3.1/../../../../arm-none-eabi/lib/thumb/v7e-m+fp/hard\libcr_c.a(_writebuf.o)
 .debug_info    0x0000fd85      0x506 c:/nxp/mcuxpressoide_11.9.0_2144/ide/plugins/com.nxp.mcuxpresso.tools.win32_11.9.0.202307121226/tools/bin/../lib/gcc/arm-none-eabi/12.3.1/../../../../arm-none-eabi/lib/thumb/v7e-m+fp/hard\libcr_c.a(alloc.o)
 .debug_info    0x0001028b       0x44 c:/nxp/mcuxpressoide_11.9.0_2144/ide/plugins/com.nxp.mcuxpresso.tools.win32_11.9.0.202307121226/tools/bin/../lib/gcc/arm-none-eabi/12.3.1/../../../../arm-none-eabi/lib/thumb/v7e-m+fp/hard\libcr_c.a(errno.o)
 .debug_info    0x000102cf      0x1e0 c:/nxp/mcuxpressoide_11.9.0_2144/ide/plugins/com.nxp.mcuxpresso.tools.win32_11.9.0.202307121226/tools/bin/../lib/gcc/arm-none-eabi/12.3.1/../../../../arm-none-eabi/lib/thumb/v7e-m+fp/hard\libcr_c.a(fputs.o)
 .debug_info    0x000104af      0x276 c:/nxp/mcuxpressoide_11.9.0_2144/ide/plugins/com.nxp.mcuxpresso.tools.win32_11.9.0.202307121226/tools/bin/../lib/gcc/arm-none-eabi/12.3.1/../../../../arm-none-eabi/lib/thumb/v7e-m+fp/hard\libcr_c.a(fseek.o)
 .debug_info    0x00010725      0x190 c:/nxp/mcuxpressoide_11.9.0_2144/ide/plugins/com.nxp.mcuxpresso.tools.win32_11.9.0.202307121226/tools/bin/../lib/gcc/arm-none-eabi/12.3.1/../../../../arm-none-eabi/lib/thumb/v7e-m+fp/hard\libcr_c.a(ftell.o)
 .debug_info    0x000108b5      0x339 c:/nxp/mcuxpressoide_11.9.0_2144/ide/plugins/com.nxp.mcuxpresso.tools.win32_11.9.0.202307121226/tools/bin/../lib/gcc/arm-none-eabi/12.3.1/../../../../arm-none-eabi/lib/thumb/v7e-m+fp/hard\libcr_c.a(initio.o)
 .debug_info    0x00010bee      0x1f6 c:/nxp/mcuxpressoide_11.9.0_2144/ide/plugins/com.nxp.mcuxpresso.tools.win32_11.9.0.202307121226/tools/bin/../lib/gcc/arm-none-eabi/12.3.1/../../../../arm-none-eabi/lib/thumb/v7e-m+fp/hard\libcr_c.a(setvbuf.o)
 .debug_info    0x00010de4       0xda c:/nxp/mcuxpressoide_11.9.0_2144/ide/plugins/com.nxp.mcuxpresso.tools.win32_11.9.0.202307121226/tools/bin/../lib/gcc/arm-none-eabi/12.3.1/../../../../arm-none-eabi/lib/thumb/v7e-m+fp/hard\libcr_c.a(strlen.o)
 .debug_info    0x00010ebe       0xd4 c:/nxp/mcuxpressoide_11.9.0_2144/ide/plugins/com.nxp.mcuxpresso.tools.win32_11.9.0.202307121226/tools/bin/../lib/gcc/arm-none-eabi/12.3.1/../../../../arm-none-eabi/lib/thumb/v7e-m+fp/hard\libcr_c.a(__init_alloc.o)
 .debug_info    0x00010f92      0x100 c:/nxp/mcuxpressoide_11.9.0_2144/ide/plugins/com.nxp.mcuxpresso.tools.win32_11.9.0.202307121226/tools/bin/../lib/gcc/arm-none-eabi/12.3.1/../../../../arm-none-eabi/lib/thumb/v7e-m+fp/hard\libcr_c.a(_cr_sbrk.o)
 .debug_info    0x00011092      0x244 c:/nxp/mcuxpressoide_11.9.0_2144/ide/plugins/com.nxp.mcuxpresso.tools.win32_11.9.0.202307121226/tools/bin/../lib/gcc/arm-none-eabi/12.3.1/../../../../arm-none-eabi/lib/thumb/v7e-m+fp/hard\libcr_c.a(_fdopen.o)
 .debug_info    0x000112d6      0x318 c:/nxp/mcuxpressoide_11.9.0_2144/ide/plugins/com.nxp.mcuxpresso.tools.win32_11.9.0.202307121226/tools/bin/../lib/gcc/arm-none-eabi/12.3.1/../../../../arm-none-eabi/lib/thumb/v7e-m+fp/hard\libcr_c.a(fclose.o)
 .debug_info    0x000115ee      0x202 c:/nxp/mcuxpressoide_11.9.0_2144/ide/plugins/com.nxp.mcuxpresso.tools.win32_11.9.0.202307121226/tools/bin/../lib/gcc/arm-none-eabi/12.3.1/../../../../arm-none-eabi/lib/thumb/v7e-m+fp/hard\libcr_c.a(fflush.o)
 .debug_info    0x000117f0      0x1ca c:/nxp/mcuxpressoide_11.9.0_2144/ide/plugins/com.nxp.mcuxpresso.tools.win32_11.9.0.202307121226/tools/bin/../lib/gcc/arm-none-eabi/12.3.1/../../../../arm-none-eabi/lib/thumb/v7e-m+fp/hard\libcr_c.a(remove.o)
 .debug_info    0x000119ba       0x71 c:/nxp/mcuxpressoide_11.9.0_2144/ide/plugins/com.nxp.mcuxpresso.tools.win32_11.9.0.202307121226/tools/bin/../lib/gcc/arm-none-eabi/12.3.1/../../../../arm-none-eabi/lib/thumb/v7e-m+fp/hard\libcr_c.a(_cr_check_heap.o)
 .debug_info    0x00011a2b      0x23a c:/nxp/mcuxpressoide_11.9.0_2144/ide/plugins/com.nxp.mcuxpresso.tools.win32_11.9.0.202307121226/tools/bin/../lib/gcc/arm-none-eabi/12.3.1/../../../../arm-none-eabi/lib/thumb/v7e-m+fp/hard\libcr_c.a(_do_fflush.o)
 .debug_info    0x00011c65       0x5c c:/nxp/mcuxpressoide_11.9.0_2144/ide/plugins/com.nxp.mcuxpresso.tools.win32_11.9.0.202307121226/tools/bin/../lib/gcc/arm-none-eabi/12.3.1/../../../../arm-none-eabi/lib/thumb/v7e-m+fp/hard\libcr_nohost_nf.a(__sys_close.o)
 .debug_info    0x00011cc1       0x5c c:/nxp/mcuxpressoide_11.9.0_2144/ide/plugins/com.nxp.mcuxpresso.tools.win32_11.9.0.202307121226/tools/bin/../lib/gcc/arm-none-eabi/12.3.1/../../../../arm-none-eabi/lib/thumb/v7e-m+fp/hard\libcr_nohost_nf.a(__sys_flen.o)
 .debug_info    0x00011d1d       0x5c c:/nxp/mcuxpressoide_11.9.0_2144/ide/plugins/com.nxp.mcuxpresso.tools.win32_11.9.0.202307121226/tools/bin/../lib/gcc/arm-none-eabi/12.3.1/../../../../arm-none-eabi/lib/thumb/v7e-m+fp/hard\libcr_nohost_nf.a(__sys_istty.o)
 .debug_info    0x00011d79       0x7c c:/nxp/mcuxpressoide_11.9.0_2144/ide/plugins/com.nxp.mcuxpresso.tools.win32_11.9.0.202307121226/tools/bin/../lib/gcc/arm-none-eabi/12.3.1/../../../../arm-none-eabi/lib/thumb/v7e-m+fp/hard\libcr_nohost_nf.a(__sys_remove.o)
 .debug_info    0x00011df5       0x6a c:/nxp/mcuxpressoide_11.9.0_2144/ide/plugins/com.nxp.mcuxpresso.tools.win32_11.9.0.202307121226/tools/bin/../lib/gcc/arm-none-eabi/12.3.1/../../../../arm-none-eabi/lib/thumb/v7e-m+fp/hard\libcr_nohost_nf.a(__sys_seek.o)
 .debug_info    0x00011e5f       0x85 c:/nxp/mcuxpressoide_11.9.0_2144/ide/plugins/com.nxp.mcuxpresso.tools.win32_11.9.0.202307121226/tools/bin/../lib/gcc/arm-none-eabi/12.3.1/../../../../arm-none-eabi/lib/thumb/v7e-m+fp/hard\libcr_nohost_nf.a(__sys_tmpnam.o)
 .debug_info    0x00011ee4       0x85 c:/nxp/mcuxpressoide_11.9.0_2144/ide/plugins/com.nxp.mcuxpresso.tools.win32_11.9.0.202307121226/tools/bin/../lib/gcc/arm-none-eabi/12.3.1/../../../../arm-none-eabi/lib/thumb/v7e-m+fp/hard\libcr_nohost_nf.a(__sys_write.o)

.debug_abbrev   0x00000000     0x4445
 .debug_abbrev  0x00000000      0x17a ./startup/startup_mk64f12.o
 .debug_abbrev  0x0000017a      0x27c ./source/FUNCTION_GENERATOR.o
 .debug_abbrev  0x000003f6      0x1bc ./source/GENERADOR_ADC.o
 .debug_abbrev  0x000005b2      0x16c ./source/GENERADOR_DAC.o
 .debug_abbrev  0x0000071e      0x10b ./source/GENERATOR.o
 .debug_abbrev  0x00000829      0x1be ./source/NVIC.o
 .debug_abbrev  0x000009e7      0x2b5 ./source/PIT.o
 .debug_abbrev  0x00000c9c      0x1d3 ./source/TERMINAL.o
 .debug_abbrev  0x00000e6f      0x2c6 ./source/UART_DRIVER.o
 .debug_abbrev  0x00001135       0x5c ./source/main.o
 .debug_abbrev  0x00001191       0x31 ./source/semihost_hardfault.o
 .debug_abbrev  0x000011c2      0x2a4 ./drivers/fsl_adc16.o
 .debug_abbrev  0x00001466      0x378 ./drivers/fsl_clock.o
 .debug_abbrev  0x000017de      0x25e ./drivers/fsl_dac.o
 .debug_abbrev  0x00001a3c      0x392 ./drivers/fsl_i2c.o
 .debug_abbrev  0x00001dce      0x20a ./drivers/fsl_pit.o
 .debug_abbrev  0x00001fd8      0x45d ./drivers/fsl_uart.o
 .debug_abbrev  0x00002435      0x148 ./device/system_MK64F12.o
 .debug_abbrev  0x0000257d      0x279 ./board/clock_config.o
 .debug_abbrev  0x000027f6      0x2b5 ./board/pin_mux.o
 .debug_abbrev  0x00002aab       0x70 c:/nxp/mcuxpressoide_11.9.0_2144/ide/plugins/com.nxp.mcuxpresso.tools.win32_11.9.0.202307121226/tools/bin/../lib/gcc/arm-none-eabi/12.3.1/../../../../arm-none-eabi/lib/thumb/v7e-m+fp/hard\libcr_nohost_nf.a(_cr__main.o)
 .debug_abbrev  0x00002b1b      0x12f c:/nxp/mcuxpressoide_11.9.0_2144/ide/plugins/com.nxp.mcuxpresso.tools.win32_11.9.0.202307121226/tools/bin/../lib/gcc/arm-none-eabi/12.3.1/../../../../arm-none-eabi/lib/thumb/v7e-m+fp/hard\libcr_nohost_nf.a(_cr_assert.o)
 .debug_abbrev  0x00002c4a       0xb5 c:/nxp/mcuxpressoide_11.9.0_2144/ide/plugins/com.nxp.mcuxpresso.tools.win32_11.9.0.202307121226/tools/bin/../lib/gcc/arm-none-eabi/12.3.1/../../../../arm-none-eabi/lib/thumb/v7e-m+fp/hard\libcr_nohost_nf.a(__ciob.o)
 .debug_abbrev  0x00002cff       0x2e c:/nxp/mcuxpressoide_11.9.0_2144/ide/plugins/com.nxp.mcuxpresso.tools.win32_11.9.0.202307121226/tools/bin/../lib/gcc/arm-none-eabi/12.3.1/../../../../arm-none-eabi/lib/thumb/v7e-m+fp/hard\libcr_nohost_nf.a(__sys_appexit.o)
 .debug_abbrev  0x00002d2d       0xa8 c:/nxp/mcuxpressoide_11.9.0_2144/ide/plugins/com.nxp.mcuxpresso.tools.win32_11.9.0.202307121226/tools/bin/../lib/gcc/arm-none-eabi/12.3.1/../../../../arm-none-eabi/lib/thumb/v7e-m+fp/hard\libcr_c.a(memset.o)
 .debug_abbrev  0x00002dd5      0x152 c:/nxp/mcuxpressoide_11.9.0_2144/ide/plugins/com.nxp.mcuxpresso.tools.win32_11.9.0.202307121226/tools/bin/../lib/gcc/arm-none-eabi/12.3.1/../../../../arm-none-eabi/lib/thumb/v7e-m+fp/hard\libcr_c.a(_deferredlazyseek.o)
 .debug_abbrev  0x00002f27       0xf1 c:/nxp/mcuxpressoide_11.9.0_2144/ide/plugins/com.nxp.mcuxpresso.tools.win32_11.9.0.202307121226/tools/bin/../lib/gcc/arm-none-eabi/12.3.1/../../../../arm-none-eabi/lib/thumb/v7e-m+fp/hard\libcr_c.a(_fflush.o)
 .debug_abbrev  0x00003018      0x126 c:/nxp/mcuxpressoide_11.9.0_2144/ide/plugins/com.nxp.mcuxpresso.tools.win32_11.9.0.202307121226/tools/bin/../lib/gcc/arm-none-eabi/12.3.1/../../../../arm-none-eabi/lib/thumb/v7e-m+fp/hard\libcr_c.a(_writebuf.o)
 .debug_abbrev  0x0000313e      0x284 c:/nxp/mcuxpressoide_11.9.0_2144/ide/plugins/com.nxp.mcuxpresso.tools.win32_11.9.0.202307121226/tools/bin/../lib/gcc/arm-none-eabi/12.3.1/../../../../arm-none-eabi/lib/thumb/v7e-m+fp/hard\libcr_c.a(alloc.o)
 .debug_abbrev  0x000033c2       0x44 c:/nxp/mcuxpressoide_11.9.0_2144/ide/plugins/com.nxp.mcuxpresso.tools.win32_11.9.0.202307121226/tools/bin/../lib/gcc/arm-none-eabi/12.3.1/../../../../arm-none-eabi/lib/thumb/v7e-m+fp/hard\libcr_c.a(errno.o)
 .debug_abbrev  0x00003406      0x10c c:/nxp/mcuxpressoide_11.9.0_2144/ide/plugins/com.nxp.mcuxpresso.tools.win32_11.9.0.202307121226/tools/bin/../lib/gcc/arm-none-eabi/12.3.1/../../../../arm-none-eabi/lib/thumb/v7e-m+fp/hard\libcr_c.a(fputs.o)
 .debug_abbrev  0x00003512      0x11b c:/nxp/mcuxpressoide_11.9.0_2144/ide/plugins/com.nxp.mcuxpresso.tools.win32_11.9.0.202307121226/tools/bin/../lib/gcc/arm-none-eabi/12.3.1/../../../../arm-none-eabi/lib/thumb/v7e-m+fp/hard\libcr_c.a(fseek.o)
 .debug_abbrev  0x0000362d       0xc2 c:/nxp/mcuxpressoide_11.9.0_2144/ide/plugins/com.nxp.mcuxpresso.tools.win32_11.9.0.202307121226/tools/bin/../lib/gcc/arm-none-eabi/12.3.1/../../../../arm-none-eabi/lib/thumb/v7e-m+fp/hard\libcr_c.a(ftell.o)
 .debug_abbrev  0x000036ef      0x169 c:/nxp/mcuxpressoide_11.9.0_2144/ide/plugins/com.nxp.mcuxpresso.tools.win32_11.9.0.202307121226/tools/bin/../lib/gcc/arm-none-eabi/12.3.1/../../../../arm-none-eabi/lib/thumb/v7e-m+fp/hard\libcr_c.a(initio.o)
 .debug_abbrev  0x00003858       0xe1 c:/nxp/mcuxpressoide_11.9.0_2144/ide/plugins/com.nxp.mcuxpresso.tools.win32_11.9.0.202307121226/tools/bin/../lib/gcc/arm-none-eabi/12.3.1/../../../../arm-none-eabi/lib/thumb/v7e-m+fp/hard\libcr_c.a(setvbuf.o)
 .debug_abbrev  0x00003939       0xa7 c:/nxp/mcuxpressoide_11.9.0_2144/ide/plugins/com.nxp.mcuxpresso.tools.win32_11.9.0.202307121226/tools/bin/../lib/gcc/arm-none-eabi/12.3.1/../../../../arm-none-eabi/lib/thumb/v7e-m+fp/hard\libcr_c.a(strlen.o)
 .debug_abbrev  0x000039e0       0xaf c:/nxp/mcuxpressoide_11.9.0_2144/ide/plugins/com.nxp.mcuxpresso.tools.win32_11.9.0.202307121226/tools/bin/../lib/gcc/arm-none-eabi/12.3.1/../../../../arm-none-eabi/lib/thumb/v7e-m+fp/hard\libcr_c.a(__init_alloc.o)
 .debug_abbrev  0x00003a8f       0xd3 c:/nxp/mcuxpressoide_11.9.0_2144/ide/plugins/com.nxp.mcuxpresso.tools.win32_11.9.0.202307121226/tools/bin/../lib/gcc/arm-none-eabi/12.3.1/../../../../arm-none-eabi/lib/thumb/v7e-m+fp/hard\libcr_c.a(_cr_sbrk.o)
 .debug_abbrev  0x00003b62      0x119 c:/nxp/mcuxpressoide_11.9.0_2144/ide/plugins/com.nxp.mcuxpresso.tools.win32_11.9.0.202307121226/tools/bin/../lib/gcc/arm-none-eabi/12.3.1/../../../../arm-none-eabi/lib/thumb/v7e-m+fp/hard\libcr_c.a(_fdopen.o)
 .debug_abbrev  0x00003c7b      0x155 c:/nxp/mcuxpressoide_11.9.0_2144/ide/plugins/com.nxp.mcuxpresso.tools.win32_11.9.0.202307121226/tools/bin/../lib/gcc/arm-none-eabi/12.3.1/../../../../arm-none-eabi/lib/thumb/v7e-m+fp/hard\libcr_c.a(fclose.o)
 .debug_abbrev  0x00003dd0      0x125 c:/nxp/mcuxpressoide_11.9.0_2144/ide/plugins/com.nxp.mcuxpresso.tools.win32_11.9.0.202307121226/tools/bin/../lib/gcc/arm-none-eabi/12.3.1/../../../../arm-none-eabi/lib/thumb/v7e-m+fp/hard\libcr_c.a(fflush.o)
 .debug_abbrev  0x00003ef5       0xfb c:/nxp/mcuxpressoide_11.9.0_2144/ide/plugins/com.nxp.mcuxpresso.tools.win32_11.9.0.202307121226/tools/bin/../lib/gcc/arm-none-eabi/12.3.1/../../../../arm-none-eabi/lib/thumb/v7e-m+fp/hard\libcr_c.a(remove.o)
 .debug_abbrev  0x00003ff0       0x6b c:/nxp/mcuxpressoide_11.9.0_2144/ide/plugins/com.nxp.mcuxpresso.tools.win32_11.9.0.202307121226/tools/bin/../lib/gcc/arm-none-eabi/12.3.1/../../../../arm-none-eabi/lib/thumb/v7e-m+fp/hard\libcr_c.a(_cr_check_heap.o)
 .debug_abbrev  0x0000405b      0x12c c:/nxp/mcuxpressoide_11.9.0_2144/ide/plugins/com.nxp.mcuxpresso.tools.win32_11.9.0.202307121226/tools/bin/../lib/gcc/arm-none-eabi/12.3.1/../../../../arm-none-eabi/lib/thumb/v7e-m+fp/hard\libcr_c.a(_do_fflush.o)
 .debug_abbrev  0x00004187       0x51 c:/nxp/mcuxpressoide_11.9.0_2144/ide/plugins/com.nxp.mcuxpresso.tools.win32_11.9.0.202307121226/tools/bin/../lib/gcc/arm-none-eabi/12.3.1/../../../../arm-none-eabi/lib/thumb/v7e-m+fp/hard\libcr_nohost_nf.a(__sys_close.o)
 .debug_abbrev  0x000041d8       0x51 c:/nxp/mcuxpressoide_11.9.0_2144/ide/plugins/com.nxp.mcuxpresso.tools.win32_11.9.0.202307121226/tools/bin/../lib/gcc/arm-none-eabi/12.3.1/../../../../arm-none-eabi/lib/thumb/v7e-m+fp/hard\libcr_nohost_nf.a(__sys_flen.o)
 .debug_abbrev  0x00004229       0x51 c:/nxp/mcuxpressoide_11.9.0_2144/ide/plugins/com.nxp.mcuxpresso.tools.win32_11.9.0.202307121226/tools/bin/../lib/gcc/arm-none-eabi/12.3.1/../../../../arm-none-eabi/lib/thumb/v7e-m+fp/hard\libcr_nohost_nf.a(__sys_istty.o)
 .debug_abbrev  0x0000427a       0x7d c:/nxp/mcuxpressoide_11.9.0_2144/ide/plugins/com.nxp.mcuxpresso.tools.win32_11.9.0.202307121226/tools/bin/../lib/gcc/arm-none-eabi/12.3.1/../../../../arm-none-eabi/lib/thumb/v7e-m+fp/hard\libcr_nohost_nf.a(__sys_remove.o)
 .debug_abbrev  0x000042f7       0x62 c:/nxp/mcuxpressoide_11.9.0_2144/ide/plugins/com.nxp.mcuxpresso.tools.win32_11.9.0.202307121226/tools/bin/../lib/gcc/arm-none-eabi/12.3.1/../../../../arm-none-eabi/lib/thumb/v7e-m+fp/hard\libcr_nohost_nf.a(__sys_seek.o)
 .debug_abbrev  0x00004359       0x76 c:/nxp/mcuxpressoide_11.9.0_2144/ide/plugins/com.nxp.mcuxpresso.tools.win32_11.9.0.202307121226/tools/bin/../lib/gcc/arm-none-eabi/12.3.1/../../../../arm-none-eabi/lib/thumb/v7e-m+fp/hard\libcr_nohost_nf.a(__sys_tmpnam.o)
 .debug_abbrev  0x000043cf       0x76 c:/nxp/mcuxpressoide_11.9.0_2144/ide/plugins/com.nxp.mcuxpresso.tools.win32_11.9.0.202307121226/tools/bin/../lib/gcc/arm-none-eabi/12.3.1/../../../../arm-none-eabi/lib/thumb/v7e-m+fp/hard\libcr_nohost_nf.a(__sys_write.o)

.debug_loc      0x00000000     0x1751
 .debug_loc     0x00000000      0x1e7 ./startup/startup_mk64f12.o
 .debug_loc     0x000001e7       0x3f c:/nxp/mcuxpressoide_11.9.0_2144/ide/plugins/com.nxp.mcuxpresso.tools.win32_11.9.0.202307121226/tools/bin/../lib/gcc/arm-none-eabi/12.3.1/../../../../arm-none-eabi/lib/thumb/v7e-m+fp/hard\libcr_nohost_nf.a(_cr_assert.o)
 .debug_loc     0x00000226       0x6f c:/nxp/mcuxpressoide_11.9.0_2144/ide/plugins/com.nxp.mcuxpresso.tools.win32_11.9.0.202307121226/tools/bin/../lib/gcc/arm-none-eabi/12.3.1/../../../../arm-none-eabi/lib/thumb/v7e-m+fp/hard\libcr_c.a(memset.o)
 .debug_loc     0x00000295      0x1aa c:/nxp/mcuxpressoide_11.9.0_2144/ide/plugins/com.nxp.mcuxpresso.tools.win32_11.9.0.202307121226/tools/bin/../lib/gcc/arm-none-eabi/12.3.1/../../../../arm-none-eabi/lib/thumb/v7e-m+fp/hard\libcr_c.a(_deferredlazyseek.o)
 .debug_loc     0x0000043f       0xfa c:/nxp/mcuxpressoide_11.9.0_2144/ide/plugins/com.nxp.mcuxpresso.tools.win32_11.9.0.202307121226/tools/bin/../lib/gcc/arm-none-eabi/12.3.1/../../../../arm-none-eabi/lib/thumb/v7e-m+fp/hard\libcr_c.a(_fflush.o)
 .debug_loc     0x00000539      0x113 c:/nxp/mcuxpressoide_11.9.0_2144/ide/plugins/com.nxp.mcuxpresso.tools.win32_11.9.0.202307121226/tools/bin/../lib/gcc/arm-none-eabi/12.3.1/../../../../arm-none-eabi/lib/thumb/v7e-m+fp/hard\libcr_c.a(_writebuf.o)
 .debug_loc     0x0000064c      0x7b2 c:/nxp/mcuxpressoide_11.9.0_2144/ide/plugins/com.nxp.mcuxpresso.tools.win32_11.9.0.202307121226/tools/bin/../lib/gcc/arm-none-eabi/12.3.1/../../../../arm-none-eabi/lib/thumb/v7e-m+fp/hard\libcr_c.a(alloc.o)
 .debug_loc     0x00000dfe       0x75 c:/nxp/mcuxpressoide_11.9.0_2144/ide/plugins/com.nxp.mcuxpresso.tools.win32_11.9.0.202307121226/tools/bin/../lib/gcc/arm-none-eabi/12.3.1/../../../../arm-none-eabi/lib/thumb/v7e-m+fp/hard\libcr_c.a(fputs.o)
 .debug_loc     0x00000e73       0xfb c:/nxp/mcuxpressoide_11.9.0_2144/ide/plugins/com.nxp.mcuxpresso.tools.win32_11.9.0.202307121226/tools/bin/../lib/gcc/arm-none-eabi/12.3.1/../../../../arm-none-eabi/lib/thumb/v7e-m+fp/hard\libcr_c.a(fseek.o)
 .debug_loc     0x00000f6e       0x99 c:/nxp/mcuxpressoide_11.9.0_2144/ide/plugins/com.nxp.mcuxpresso.tools.win32_11.9.0.202307121226/tools/bin/../lib/gcc/arm-none-eabi/12.3.1/../../../../arm-none-eabi/lib/thumb/v7e-m+fp/hard\libcr_c.a(ftell.o)
 .debug_loc     0x00001007       0x68 c:/nxp/mcuxpressoide_11.9.0_2144/ide/plugins/com.nxp.mcuxpresso.tools.win32_11.9.0.202307121226/tools/bin/../lib/gcc/arm-none-eabi/12.3.1/../../../../arm-none-eabi/lib/thumb/v7e-m+fp/hard\libcr_c.a(initio.o)
 .debug_loc     0x0000106f       0xf6 c:/nxp/mcuxpressoide_11.9.0_2144/ide/plugins/com.nxp.mcuxpresso.tools.win32_11.9.0.202307121226/tools/bin/../lib/gcc/arm-none-eabi/12.3.1/../../../../arm-none-eabi/lib/thumb/v7e-m+fp/hard\libcr_c.a(setvbuf.o)
 .debug_loc     0x00001165       0xdb c:/nxp/mcuxpressoide_11.9.0_2144/ide/plugins/com.nxp.mcuxpresso.tools.win32_11.9.0.202307121226/tools/bin/../lib/gcc/arm-none-eabi/12.3.1/../../../../arm-none-eabi/lib/thumb/v7e-m+fp/hard\libcr_c.a(strlen.o)
 .debug_loc     0x00001240       0x5c c:/nxp/mcuxpressoide_11.9.0_2144/ide/plugins/com.nxp.mcuxpresso.tools.win32_11.9.0.202307121226/tools/bin/../lib/gcc/arm-none-eabi/12.3.1/../../../../arm-none-eabi/lib/thumb/v7e-m+fp/hard\libcr_c.a(_cr_sbrk.o)
 .debug_loc     0x0000129c      0x121 c:/nxp/mcuxpressoide_11.9.0_2144/ide/plugins/com.nxp.mcuxpresso.tools.win32_11.9.0.202307121226/tools/bin/../lib/gcc/arm-none-eabi/12.3.1/../../../../arm-none-eabi/lib/thumb/v7e-m+fp/hard\libcr_c.a(_fdopen.o)
 .debug_loc     0x000013bd       0x73 c:/nxp/mcuxpressoide_11.9.0_2144/ide/plugins/com.nxp.mcuxpresso.tools.win32_11.9.0.202307121226/tools/bin/../lib/gcc/arm-none-eabi/12.3.1/../../../../arm-none-eabi/lib/thumb/v7e-m+fp/hard\libcr_c.a(fclose.o)
 .debug_loc     0x00001430       0xa2 c:/nxp/mcuxpressoide_11.9.0_2144/ide/plugins/com.nxp.mcuxpresso.tools.win32_11.9.0.202307121226/tools/bin/../lib/gcc/arm-none-eabi/12.3.1/../../../../arm-none-eabi/lib/thumb/v7e-m+fp/hard\libcr_c.a(fflush.o)
 .debug_loc     0x000014d2       0xc7 c:/nxp/mcuxpressoide_11.9.0_2144/ide/plugins/com.nxp.mcuxpresso.tools.win32_11.9.0.202307121226/tools/bin/../lib/gcc/arm-none-eabi/12.3.1/../../../../arm-none-eabi/lib/thumb/v7e-m+fp/hard\libcr_c.a(remove.o)
 .debug_loc     0x00001599       0x42 c:/nxp/mcuxpressoide_11.9.0_2144/ide/plugins/com.nxp.mcuxpresso.tools.win32_11.9.0.202307121226/tools/bin/../lib/gcc/arm-none-eabi/12.3.1/../../../../arm-none-eabi/lib/thumb/v7e-m+fp/hard\libcr_c.a(_cr_check_heap.o)
 .debug_loc     0x000015db       0x73 c:/nxp/mcuxpressoide_11.9.0_2144/ide/plugins/com.nxp.mcuxpresso.tools.win32_11.9.0.202307121226/tools/bin/../lib/gcc/arm-none-eabi/12.3.1/../../../../arm-none-eabi/lib/thumb/v7e-m+fp/hard\libcr_c.a(_do_fflush.o)
 .debug_loc     0x0000164e       0x25 c:/nxp/mcuxpressoide_11.9.0_2144/ide/plugins/com.nxp.mcuxpresso.tools.win32_11.9.0.202307121226/tools/bin/../lib/gcc/arm-none-eabi/12.3.1/../../../../arm-none-eabi/lib/thumb/v7e-m+fp/hard\libcr_nohost_nf.a(__sys_close.o)
 .debug_loc     0x00001673       0x25 c:/nxp/mcuxpressoide_11.9.0_2144/ide/plugins/com.nxp.mcuxpresso.tools.win32_11.9.0.202307121226/tools/bin/../lib/gcc/arm-none-eabi/12.3.1/../../../../arm-none-eabi/lib/thumb/v7e-m+fp/hard\libcr_nohost_nf.a(__sys_flen.o)