C:\TAE_DM\DAC\generador\drivers/fsl_pit.h:288:20:PIT_StartTimer	16	static
../source/FUNCTION_GENERATOR.c:24:6:generator_init	8	static
../source/FUNCTION_GENERATOR.c:33:6:run_signal	8	static
../source/FUNCTION_GENERATOR.c:48:6:next_sample	4	static
../source/FUNCTION_GENERATOR.c:56:6:function_start	8	static
../source/FUNCTION_GENERATOR.c:60:6:set_config_amplitude	8	static
../source/FUNCTION_GENERATOR.c:64:6:set_signal	16	static
../source/FUNCTION_GENERATOR.c:68:6:set_config_period	16	static
../source/FUNCTION_GENERATOR.c:75:6:sin_function	16	static
../source/FUNCTION_GENERATOR.c:84:6:triangle_function	16	static
../source/FUNCTION_GENERATOR.c:92:6:square_function	16	static
../source/FUNCTION_GENERATOR.c:108:9:get_function_status	4	static
