C:\TAE_DM\DAC\generador\drivers/fsl_pit.h:288:20:PIT_StartTimer	16	static
../source/FUNCTION_GENERATOR.c:24:6:generator_init	8	static
../source/FUNCTION_GENERATOR.c:33:6:run_signal	8	static
../source/FUNCTION_GENERATOR.c:50:6:function_start	8	static
../source/FUNCTION_GENERATOR.c:54:6:set_config_amplitude	8	static
../source/FUNCTION_GENERATOR.c:58:6:set_signal	16	static
../source/FUNCTION_GENERATOR.c:62:6:set_config_period	16	static
../source/FUNCTION_GENERATOR.c:69:6:sin_function	8	static
../source/FUNCTION_GENERATOR.c:81:6:triangle_function	8	static
../source/FUNCTION_GENERATOR.c:92:6:square_function	8	static
../source/FUNCTION_GENERATOR.c:107:9:get_function_status	4	static
