C:\TAE_DM\DAC\generador\drivers/fsl_pit.h:105:20:PIT_GetDefaultConfig	16	static
C:\TAE_DM\DAC\generador\drivers/fsl_pit.h:159:20:PIT_EnableInterrupts	24	static
C:\TAE_DM\DAC\generador\drivers/fsl_pit.h:220:20:PIT_ClearStatusFlags	24	static
C:\TAE_DM\DAC\generador\drivers/fsl_pit.h:246:20:PIT_SetTimerPeriod	24	static
C:\TAE_DM\DAC\generador\drivers/fsl_pit.h:266:24:PIT_GetCurrentTimerCount	16	static
C:\TAE_DM\DAC\generador\drivers/fsl_pit.h:288:20:PIT_StartTimer	16	static
C:\TAE_DM\DAC\generador\drivers/fsl_pit.h:302:20:PIT_StopTimer	16	static
../source/PIT.c:13:6:PIT0_IRQHandler	8	static
../source/PIT.c:35:6:PIT_clear_irq_status	16	static
../source/PIT.c:40:9:PIT_get_irq_status	16	static
../source/PIT.c:46:6:PIT_init	64	static
../source/PIT.c:69:10:get_count_value	16	static
../source/PIT.c:82:6:set_period	32	static
../source/PIT.c:87:6:start_timer	8	static
../source/PIT.c:92:6:stop_timer	8	static
