C:\TAE_DM\DAC\generador\drivers/fsl_clock.h:668:20:CLOCK_EnableClock	24	static
C:\TAE_DM\DAC\generador\drivers/fsl_uart.h:667:23:UART_ReadByte	16	static
C:\TAE_DM\DAC\generador\drivers/fsl_port.h:374:20:PORT_SetPinMux	24	static
../source/UART_DRIVER.c:11:6:UART0_init	32	static
../source/UART_DRIVER.c:31:6:UART0_RX_TX_IRQHandler	8	static
../source/UART_DRIVER.c:44:6:UART0_enable_interrupts	8	static
../source/UART_DRIVER.c:49:9:get_mail	4	static
../source/UART_DRIVER.c:53:9:get_flag	4	static
../source/UART_DRIVER.c:57:6:set_flag	16	static
../source/UART_DRIVER.c:61:6:clear_flag	4	static
../source/UART_DRIVER.c:65:6:clear_mail	4	static
